Archive member included to satisfy reference by file (symbol)

c:/st/stm32cubeide_1.10.1/stm32cubeide/plugins/com.st.stm32cube.ide.mcu.externaltools.gnu-tools-for-stm32.10.3-2021.10.win32_1.0.0.202111181127/tools/bin/../lib/gcc/arm-none-eabi/10.3.1/../../../../arm-none-eabi/lib/thumb/v7e-m+fp/hard\libc_nano.a(lib_a-assert.o)
                              ./Src/controller.o (__assert_func)
c:/st/stm32cubeide_1.10.1/stm32cubeide/plugins/com.st.stm32cube.ide.mcu.externaltools.gnu-tools-for-stm32.10.3-2021.10.win32_1.0.0.202111181127/tools/bin/../lib/gcc/arm-none-eabi/10.3.1/../../../../arm-none-eabi/lib/thumb/v7e-m+fp/hard\libc_nano.a(lib_a-exit.o)
                              c:/st/stm32cubeide_1.10.1/stm32cubeide/plugins/com.st.stm32cube.ide.mcu.externaltools.gnu-tools-for-stm32.10.3-2021.10.win32_1.0.0.202111181127/tools/bin/../lib/gcc/arm-none-eabi/10.3.1/../../../../arm-none-eabi/lib/thumb/v7e-m+fp/hard/crt0.o (exit)
c:/st/stm32cubeide_1.10.1/stm32cubeide/plugins/com.st.stm32cube.ide.mcu.externaltools.gnu-tools-for-stm32.10.3-2021.10.win32_1.0.0.202111181127/tools/bin/../lib/gcc/arm-none-eabi/10.3.1/../../../../arm-none-eabi/lib/thumb/v7e-m+fp/hard\libc_nano.a(lib_a-fprintf.o)
                              c:/st/stm32cubeide_1.10.1/stm32cubeide/plugins/com.st.stm32cube.ide.mcu.externaltools.gnu-tools-for-stm32.10.3-2021.10.win32_1.0.0.202111181127/tools/bin/../lib/gcc/arm-none-eabi/10.3.1/../../../../arm-none-eabi/lib/thumb/v7e-m+fp/hard\libc_nano.a(lib_a-assert.o) (fiprintf)
c:/st/stm32cubeide_1.10.1/stm32cubeide/plugins/com.st.stm32cube.ide.mcu.externaltools.gnu-tools-for-stm32.10.3-2021.10.win32_1.0.0.202111181127/tools/bin/../lib/gcc/arm-none-eabi/10.3.1/../../../../arm-none-eabi/lib/thumb/v7e-m+fp/hard\libc_nano.a(lib_a-impure.o)
                              c:/st/stm32cubeide_1.10.1/stm32cubeide/plugins/com.st.stm32cube.ide.mcu.externaltools.gnu-tools-for-stm32.10.3-2021.10.win32_1.0.0.202111181127/tools/bin/../lib/gcc/arm-none-eabi/10.3.1/../../../../arm-none-eabi/lib/thumb/v7e-m+fp/hard\libc_nano.a(lib_a-exit.o) (_global_impure_ptr)
c:/st/stm32cubeide_1.10.1/stm32cubeide/plugins/com.st.stm32cube.ide.mcu.externaltools.gnu-tools-for-stm32.10.3-2021.10.win32_1.0.0.202111181127/tools/bin/../lib/gcc/arm-none-eabi/10.3.1/../../../../arm-none-eabi/lib/thumb/v7e-m+fp/hard\libc_nano.a(lib_a-init.o)
                              c:/st/stm32cubeide_1.10.1/stm32cubeide/plugins/com.st.stm32cube.ide.mcu.externaltools.gnu-tools-for-stm32.10.3-2021.10.win32_1.0.0.202111181127/tools/bin/../lib/gcc/arm-none-eabi/10.3.1/../../../../arm-none-eabi/lib/thumb/v7e-m+fp/hard/crt0.o (__libc_init_array)
c:/st/stm32cubeide_1.10.1/stm32cubeide/plugins/com.st.stm32cube.ide.mcu.externaltools.gnu-tools-for-stm32.10.3-2021.10.win32_1.0.0.202111181127/tools/bin/../lib/gcc/arm-none-eabi/10.3.1/../../../../arm-none-eabi/lib/thumb/v7e-m+fp/hard\libc_nano.a(lib_a-malloc.o)
                              ./Middlewares/ST/STM32_USB_Device_Library/Class/CDC/Src/usbd_cdc.o (malloc)
c:/st/stm32cubeide_1.10.1/stm32cubeide/plugins/com.st.stm32cube.ide.mcu.externaltools.gnu-tools-for-stm32.10.3-2021.10.win32_1.0.0.202111181127/tools/bin/../lib/gcc/arm-none-eabi/10.3.1/../../../../arm-none-eabi/lib/thumb/v7e-m+fp/hard\libc_nano.a(lib_a-memcpy-stub.o)
                              ./Src/json/vcp_communication.o (memcpy)
c:/st/stm32cubeide_1.10.1/stm32cubeide/plugins/com.st.stm32cube.ide.mcu.externaltools.gnu-tools-for-stm32.10.3-2021.10.win32_1.0.0.202111181127/tools/bin/../lib/gcc/arm-none-eabi/10.3.1/../../../../arm-none-eabi/lib/thumb/v7e-m+fp/hard\libc_nano.a(lib_a-memset.o)
                              c:/st/stm32cubeide_1.10.1/stm32cubeide/plugins/com.st.stm32cube.ide.mcu.externaltools.gnu-tools-for-stm32.10.3-2021.10.win32_1.0.0.202111181127/tools/bin/../lib/gcc/arm-none-eabi/10.3.1/../../../../arm-none-eabi/lib/thumb/v7e-m+fp/hard/crt0.o (memset)
c:/st/stm32cubeide_1.10.1/stm32cubeide/plugins/com.st.stm32cube.ide.mcu.externaltools.gnu-tools-for-stm32.10.3-2021.10.win32_1.0.0.202111181127/tools/bin/../lib/gcc/arm-none-eabi/10.3.1/../../../../arm-none-eabi/lib/thumb/v7e-m+fp/hard\libc_nano.a(lib_a-nano-freer.o)
                              c:/st/stm32cubeide_1.10.1/stm32cubeide/plugins/com.st.stm32cube.ide.mcu.externaltools.gnu-tools-for-stm32.10.3-2021.10.win32_1.0.0.202111181127/tools/bin/../lib/gcc/arm-none-eabi/10.3.1/../../../../arm-none-eabi/lib/thumb/v7e-m+fp/hard\libc_nano.a(lib_a-malloc.o) (_free_r)
c:/st/stm32cubeide_1.10.1/stm32cubeide/plugins/com.st.stm32cube.ide.mcu.externaltools.gnu-tools-for-stm32.10.3-2021.10.win32_1.0.0.202111181127/tools/bin/../lib/gcc/arm-none-eabi/10.3.1/../../../../arm-none-eabi/lib/thumb/v7e-m+fp/hard\libc_nano.a(lib_a-nano-mallocr.o)
[...]
Memory Configuration

Name             Origin             Length             Attributes
RAM              0x0000000020000000 0x0000000000020000 xrw
CCMRAM           0x0000000010000000 0x0000000000010000 rw
FLASH            0x0000000008000000 0x0000000000100000 xr
*default*        0x0000000000000000 0xffffffffffffffff

Linker script and memory map

LOAD c:/st/stm32cubeide_1.10.1/stm32cubeide/plugins/com.st.stm32cube.ide.mcu.externaltools.gnu-tools-for-stm32.10.3-2021.10.win32_1.0.0.202111181127/tools/bin/../lib/gcc/arm-none-eabi/10.3.1/thumb/v7e-m+fp/hard/crti.o
LOAD c:/st/stm32cubeide_1.10.1/stm32cubeide/plugins/com.st.stm32cube.ide.mcu.externaltools.gnu-tools-for-stm32.10.3-2021.10.win32_1.0.0.202111181127/tools/bin/../lib/gcc/arm-none-eabi/10.3.1/thumb/v7e-m+fp/hard/crtbegin.o
LOAD c:/st/stm32cubeide_1.10.1/stm32cubeide/plugins/com.st.stm32cube.ide.mcu.externaltools.gnu-tools-for-stm32.10.3-2021.10.win32_1.0.0.202111181127/tools/bin/../lib/gcc/arm-none-eabi/10.3.1/../../../../arm-none-eabi/lib/thumb/v7e-m+fp/hard/crt0.o
LOAD ./Drivers/STM32F4xx_HAL_Driver/Src/stm32f4xx_hal.o
LOAD ./Drivers/STM32F4xx_HAL_Driver/Src/stm32f4xx_hal_cortex.o
LOAD ./Drivers/STM32F4xx_HAL_Driver/Src/stm32f4xx_hal_dma.o
LOAD ./Drivers/STM32F4xx_HAL_Driver/Src/stm32f4xx_hal_dma_ex.o
LOAD ./Drivers/STM32F4xx_HAL_Driver/Src/stm32f4xx_hal_flash.o
LOAD ./Drivers/STM32F4xx_HAL_Driver/Src/stm32f4xx_hal_flash_ex.o
LOAD ./Drivers/STM32F4xx_HAL_Driver/Src/stm32f4xx_hal_flash_ramfunc.o
LOAD ./Drivers/STM32F4xx_HAL_Driver/Src/stm32f4xx_hal_gpio.o
LOAD ./Drivers/STM32F4xx_HAL_Driver/Src/stm32f4xx_hal_i2c.o
LOAD ./Drivers/STM32F4xx_HAL_Driver/Src/stm32f4xx_hal_i2c_ex.o
LOAD ./Drivers/STM32F4xx_HAL_Driver/Src/stm32f4xx_hal_i2s.o
LOAD ./Drivers/STM32F4xx_HAL_Driver/Src/stm32f4xx_hal_i2s_ex.o
LOAD ./Drivers/STM32F4xx_HAL_Driver/Src/stm32f4xx_hal_pcd.o
LOAD ./Drivers/STM32F4xx_HAL_Driver/Src/stm32f4xx_hal_pcd_ex.o
LOAD ./Drivers/STM32F4xx_HAL_Driver/Src/stm32f4xx_hal_pwr.o
LOAD ./Drivers/STM32F4xx_HAL_Driver/Src/stm32f4xx_hal_pwr_ex.o
LOAD ./Drivers/STM32F4xx_HAL_Driver/Src/stm32f4xx_hal_rcc.o
LOAD ./Drivers/STM32F4xx_HAL_Driver/Src/stm32f4xx_hal_rcc_ex.o
LOAD ./Drivers/STM32F4xx_HAL_Driver/Src/stm32f4xx_hal_spi.o
LOAD ./Drivers/STM32F4xx_HAL_Driver/Src/stm32f4xx_hal_tim.o
LOAD ./Drivers/STM32F4xx_HAL_Driver/Src/stm32f4xx_hal_tim_ex.o
LOAD ./Drivers/STM32F4xx_HAL_Driver/Src/stm32f4xx_ll_usb.o
LOAD ./Middlewares/ST/STM32_USB_Device_Library/Class/CDC/Src/usbd_cdc.o
LOAD ./Middlewares/ST/STM32_USB_Device_Library/Core/Src/usbd_core.o
LOAD ./Middlewares/ST/STM32_USB_Device_Library/Core/Src/usbd_ctlreq.o
LOAD ./Middlewares/ST/STM32_USB_Device_Library/Core/Src/usbd_ioreq.o
LOAD ./Src/controller.o
LOAD ./Src/led.o
LOAD ./Src/main.o
LOAD ./Src/data/pattern.o
LOAD ./Src/data/pattern_data.o
LOAD ./Src/data/sequence.o
LOAD ./Src/hal/stm32f4xx_hal_msp.o
LOAD ./Src/hal/stm32f4xx_it.o
LOAD ./Src/hal/system_stm32f4xx.o
LOAD ./Src/json/json_decoder.o
LOAD ./Src/json/json_led.o
LOAD ./Src/json/json_main_object.o
LOAD ./Src/json/json_pattern.o
LOAD ./Src/json/json_pattern_data.o
LOAD ./Src/json/json_sequence.o
LOAD ./Src/json/vcp_communication.o
LOAD ./Src/usb/usb_device.o
LOAD ./Src/usb/usbd_cdc_if.o
LOAD ./Src/usb/usbd_conf.o
LOAD ./Src/usb/usbd_desc.o
LOAD ./startup/startup_stm32f407xx.o
START GROUP
LOAD c:/st/stm32cubeide_1.10.1/stm32cubeide/plugins/com.st.stm32cube.ide.mcu.externaltools.gnu-tools-for-stm32.10.3-2021.10.win32_1.0.0.202111181127/tools/bin/../lib/gcc/arm-none-eabi/10.3.1/../../../../arm-none-eabi/lib/thumb/v7e-m+fp/hard\libc_nano.a
LOAD c:/st/stm32cubeide_1.10.1/stm32cubeide/plugins/com.st.stm32cube.ide.mcu.externaltools.gnu-tools-for-stm32.10.3-2021.10.win32_1.0.0.202111181127/tools/bin/../lib/gcc/arm-none-eabi/10.3.1/../../../../arm-none-eabi/lib/thumb/v7e-m+fp/hard\libm.a
END GROUP
START GROUP
LOAD c:/st/stm32cubeide_1.10.1/stm32cubeide/plugins/com.st.stm32cube.ide.mcu.externaltools.gnu-tools-for-stm32.10.3-2021.10.win32_1.0.0.202111181127/tools/bin/../lib/gcc/arm-none-eabi/10.3.1/thumb/v7e-m+fp/hard\libgcc.a
LOAD c:/st/stm32cubeide_1.10.1/stm32cubeide/plugins/com.st.stm32cube.ide.mcu.externaltools.gnu-tools-for-stm32.10.3-2021.10.win32_1.0.0.202111181127/tools/bin/../lib/gcc/arm-none-eabi/10.3.1/../../../../arm-none-eabi/lib/thumb/v7e-m+fp/hard\libc_nano.a
END GROUP
START GROUP
LOAD c:/st/stm32cubeide_1.10.1/stm32cubeide/plugins/com.st.stm32cube.ide.mcu.externaltools.gnu-tools-for-stm32.10.3-2021.10.win32_1.0.0.202111181127/tools/bin/../lib/gcc/arm-none-eabi/10.3.1/thumb/v7e-m+fp/hard\libgcc.a
LOAD c:/st/stm32cubeide_1.10.1/stm32cubeide/plugins/com.st.stm32cube.ide.mcu.externaltools.gnu-tools-for-stm32.10.3-2021.10.win32_1.0.0.202111181127/tools/bin/../lib/gcc/arm-none-eabi/10.3.1/../../../../arm-none-eabi/lib/thumb/v7e-m+fp/hard\libc_nano.a
LOAD c:/st/stm32cubeide_1.10.1/stm32cubeide/plugins/com.st.stm32cube.ide.mcu.externaltools.gnu-tools-for-stm32.10.3-2021.10.win32_1.0.0.202111181127/tools/bin/../lib/gcc/arm-none-eabi/10.3.1/../../../../arm-none-eabi/lib/thumb/v7e-m+fp/hard\libnosys.a
END GROUP
START GROUP
LOAD c:/st/stm32cubeide_1.10.1/stm32cubeide/plugins/com.st.stm32cube.ide.mcu.externaltools.gnu-tools-for-stm32.10.3-2021.10.win32_1.0.0.202111181127/tools/bin/../lib/gcc/arm-none-eabi/10.3.1/thumb/v7e-m+fp/hard\libgcc.a
LOAD c:/st/stm32cubeide_1.10.1/stm32cubeide/plugins/com.st.stm32cube.ide.mcu.externaltools.gnu-tools-for-stm32.10.3-2021.10.win32_1.0.0.202111181127/tools/bin/../lib/gcc/arm-none-eabi/10.3.1/../../../../arm-none-eabi/lib/thumb/v7e-m+fp/hard\libc_nano.a
LOAD c:/st/stm32cubeide_1.10.1/stm32cubeide/plugins/com.st.stm32cube.ide.mcu.externaltools.gnu-tools-for-stm32.10.3-2021.10.win32_1.0.0.202111181127/tools/bin/../lib/gcc/arm-none-eabi/10.3.1/../../../../arm-none-eabi/lib/thumb/v7e-m+fp/hard\libnosys.a
END GROUP
LOAD c:/st/stm32cubeide_1.10.1/stm32cubeide/plugins/com.st.stm32cube.ide.mcu.externaltools.gnu-tools-for-stm32.10.3-2021.10.win32_1.0.0.202111181127/tools/bin/../lib/gcc/arm-none-eabi/10.3.1/thumb/v7e-m+fp/hard/crtend.o
LOAD c:/st/stm32cubeide_1.10.1/stm32cubeide/plugins/com.st.stm32cube.ide.mcu.externaltools.gnu-tools-for-stm32.10.3-2021.10.win32_1.0.0.202111181127/tools/bin/../lib/gcc/arm-none-eabi/10.3.1/thumb/v7e-m+fp/hard/crtn.o
                0x0000000020020000                _estack = 0x20020000
                0x0000000000000200                _Min_Heap_Size = 0x200
                0x0000000000000400                _Min_Stack_Size = 0x400

.isr_vector     0x0000000008000000      0x188
                0x0000000008000000                . = ALIGN (0x4)
 *(.isr_vector)
 .isr_vector    0x0000000008000000      0x188 ./startup/startup_stm32f407xx.o
                0x0000000008000000                g_pfnVectors
                0x0000000008000188                . = ALIGN (0x4)

.text           0x0000000008000190     0xab90
                0x0000000008000190                . = ALIGN (0x4)
 *(.text)
 .text          0x0000000008000190       0x40 c:/st/stm32cubeide_1.10.1/stm32cubeide/plugins/com.st.stm32cube.ide.mcu.externaltools.gnu-tools-for-stm32.10.3-2021.10.win32_1.0.0.202111181127/tools/bin/../lib/gcc/arm-none-eabi/10.3.1/thumb/v7e-m+fp/hard/crtbegin.o
 .text          0x00000000080001d0       0x14 c:/st/stm32cubeide_1.10.1/stm32cubeide/plugins/com.st.stm32cube.ide.mcu.externaltools.gnu-tools-for-stm32.10.3-2021.10.win32_1.0.0.202111181127/tools/bin/../lib/gcc/arm-none-eabi/10.3.1/../../../../arm-none-eabi/lib/thumb/v7e-m+fp/hard\libc_nano.a(lib_a-strcmp.o)
                0x00000000080001d0                strcmp
 *fill*         0x00000000080001e4        0xc 
 .text          0x00000000080001f0       0xa0 c:/st/stm32cubeide_1.10.1/stm32cubeide/plugins/com.st.stm32cube.ide.mcu.externaltools.gnu-tools-for-stm32.10.3-2021.10.win32_1.0.0.202111181127/tools/bin/../lib/gcc/arm-none-eabi/10.3.1/../../../../arm-none-eabi/lib/thumb/v7e-m+fp/hard\libc_nano.a(lib_a-memchr.o)
                0x00000000080001f0                memchr
 .text          0x0000000008000290       0x30 c:/st/stm32cubeide_1.10.1/stm32cubeide/plugins/com.st.stm32cube.ide.mcu.externaltools.gnu-tools-for-stm32.10.3-2021.10.win32_1.0.0.202111181127/tools/bin/../lib/gcc/arm-none-eabi/10.3.1/thumb/v7e-m+fp/hard\libgcc.a(_aeabi_uldivmod.o)
                0x0000000008000290                __aeabi_uldivmod
 .text          0x00000000080002c0      0x2d0 c:/st/stm32cubeide_1.10.1/stm32cubeide/plugins/com.st.stm32cube.ide.mcu.externaltools.gnu-tools-for-stm32.10.3-2021.10.win32_1.0.0.202111181127/tools/bin/../lib/gcc/arm-none-eabi/10.3.1/thumb/v7e-m+fp/hard\libgcc.a(_udivmoddi4.o)
                0x00000000080002c0                __udivmoddi4
 .text          0x0000000008000590        0x4 c:/st/stm32cubeide_1.10.1/stm32cubeide/plugins/com.st.stm32cube.ide.mcu.externaltools.gnu-tools-for-stm32.10.3-2021.10.win32_1.0.0.202111181127/tools/bin/../lib/gcc/arm-none-eabi/10.3.1/thumb/v7e-m+fp/hard\libgcc.a(_dvmd_tls.o)
                0x0000000008000590                __aeabi_idiv0
                0x0000000008000590                __aeabi_ldiv0
 *(.text*)
 .text.HAL_Init
                0x0000000008000594       0x44 ./Drivers/STM32F4xx_HAL_Driver/Src/stm32f4xx_hal.o
                0x0000000008000594                HAL_Init
 .text.HAL_InitTick
                0x00000000080005d8       0x60 ./Drivers/STM32F4xx_HAL_Driver/Src/stm32f4xx_hal.o
                0x00000000080005d8                HAL_InitTick
 .text.HAL_IncTick
                0x0000000008000638       0x28 ./Drivers/STM32F4xx_HAL_Driver/Src/stm32f4xx_hal.o
                0x0000000008000638                HAL_IncTick
 .text.HAL_GetTick
                0x0000000008000660       0x18 ./Drivers/STM32F4xx_HAL_Driver/Src/stm32f4xx_hal.o
                0x0000000008000660                HAL_GetTick
 .text.HAL_Delay
                0x0000000008000678       0x48 ./Drivers/STM32F4xx_HAL_Driver/Src/stm32f4xx_hal.o
                0x0000000008000678                HAL_Delay
 .text.NVIC_SetPriorityGrouping
                0x00000000080006c0       0x48 ./Drivers/STM32F4xx_HAL_Driver/Src/stm32f4xx_hal_cortex.o
 .text.NVIC_GetPriorityGrouping
                0x0000000008000708       0x1c ./Drivers/STM32F4xx_HAL_Driver/Src/stm32f4xx_hal_cortex.o
 .text.NVIC_EnableIRQ
                0x0000000008000724       0x34 ./Drivers/STM32F4xx_HAL_Driver/Src/stm32f4xx_hal_cortex.o
 .text.NVIC_SetPriority
                0x0000000008000758       0x54 ./Drivers/STM32F4xx_HAL_Driver/Src/stm32f4xx_hal_cortex.o
 .text.NVIC_EncodePriority
                0x00000000080007ac       0x66 ./Drivers/STM32F4xx_HAL_Driver/Src/stm32f4xx_hal_cortex.o
 *fill*         0x0000000008000812        0x2 
 .text.SysTick_Config
                0x0000000008000814       0x44 ./Drivers/STM32F4xx_HAL_Driver/Src/stm32f4xx_hal_cortex.o
 .text.HAL_NVIC_SetPriorityGrouping
                0x0000000008000858       0x16 ./Drivers/STM32F4xx_HAL_Driver/Src/stm32f4xx_hal_cortex.o
                0x0000000008000858                HAL_NVIC_SetPriorityGrouping
 .text.HAL_NVIC_SetPriority
                0x000000000800086e       0x38 ./Drivers/STM32F4xx_HAL_Driver/Src/stm32f4xx_hal_cortex.o
                0x000000000800086e                HAL_NVIC_SetPriority
 .text.HAL_NVIC_EnableIRQ
                0x00000000080008a6       0x1c ./Drivers/STM32F4xx_HAL_Driver/Src/stm32f4xx_hal_cortex.o
                0x00000000080008a6                HAL_NVIC_EnableIRQ
 .text.HAL_SYSTICK_Config
                0x00000000080008c2       0x18 ./Drivers/STM32F4xx_HAL_Driver/Src/stm32f4xx_hal_cortex.o
                0x00000000080008c2                HAL_SYSTICK_Config
 *fill*         0x00000000080008da        0x2 
 .text.HAL_SYSTICK_CLKSourceConfig
                0x00000000080008dc       0x38 ./Drivers/STM32F4xx_HAL_Driver/Src/stm32f4xx_hal_cortex.o
                0x00000000080008dc                HAL_SYSTICK_CLKSourceConfig
 .text.HAL_SYSTICK_IRQHandler
                0x0000000008000914        0xc ./Drivers/STM32F4xx_HAL_Driver/Src/stm32f4xx_hal_cortex.o
                0x0000000008000914                HAL_SYSTICK_IRQHandler
 .text.HAL_SYSTICK_Callback
                0x0000000008000920        0xe ./Drivers/STM32F4xx_HAL_Driver/Src/stm32f4xx_hal_cortex.o
                0x0000000008000920                HAL_SYSTICK_Callback
 *fill*         0x000000000800092e        0x2 
 .text.HAL_GPIO_Init
                0x0000000008000930      0x338 ./Drivers/STM32F4xx_HAL_Driver/Src/stm32f4xx_hal_gpio.o
                0x0000000008000930                HAL_GPIO_Init
 .text.HAL_GPIO_WritePin
                0x0000000008000c68       0x32 ./Drivers/STM32F4xx_HAL_Driver/Src/stm32f4xx_hal_gpio.o
                0x0000000008000c68                HAL_GPIO_WritePin
 *fill*         0x0000000008000c9a        0x2 
 .text.HAL_I2C_Init
                0x0000000008000c9c      0x1c4 ./Drivers/STM32F4xx_HAL_Driver/Src/stm32f4xx_hal_i2c.o
                0x0000000008000c9c                HAL_I2C_Init
 .text.HAL_I2S_Init
                0x0000000008000e60      0x2a0 ./Drivers/STM32F4xx_HAL_Driver/Src/stm32f4xx_hal_i2s.o
                0x0000000008000e60                HAL_I2S_Init
 .text.HAL_I2S_TxCpltCallback
                0x0000000008001100       0x14 ./Drivers/STM32F4xx_HAL_Driver/Src/stm32f4xx_hal_i2s.o
                0x0000000008001100                HAL_I2S_TxCpltCallback
 .text.HAL_I2S_RxCpltCallback
                0x0000000008001114       0x14 ./Drivers/STM32F4xx_HAL_Driver/Src/stm32f4xx_hal_i2s.o
                0x0000000008001114                HAL_I2S_RxCpltCallback
 .text.HAL_I2S_ErrorCallback
                0x0000000008001128       0x14 ./Drivers/STM32F4xx_HAL_Driver/Src/stm32f4xx_hal_i2s.o
                0x0000000008001128                HAL_I2S_ErrorCallback
 .text.I2S_Transmit_IT
                0x000000000800113c       0x5a ./Drivers/STM32F4xx_HAL_Driver/Src/stm32f4xx_hal_i2s.o
 .text.I2S_Receive_IT
                0x0000000008001196       0x5c ./Drivers/STM32F4xx_HAL_Driver/Src/stm32f4xx_hal_i2s.o
 .text.I2S_IRQHandler
                0x00000000080011f2      0x118 ./Drivers/STM32F4xx_HAL_Driver/Src/stm32f4xx_hal_i2s.o
 *fill*         0x000000000800130a        0x2 
 .text.HAL_I2SEx_FullDuplex_IRQHandler
                0x000000000800130c      0x308 ./Drivers/STM32F4xx_HAL_Driver/Src/stm32f4xx_hal_i2s_ex.o
                0x000000000800130c                HAL_I2SEx_FullDuplex_IRQHandler
 .text.HAL_I2SEx_TxRxCpltCallback
                0x0000000008001614       0x14 ./Drivers/STM32F4xx_HAL_Driver/Src/stm32f4xx_hal_i2s_ex.o
                0x0000000008001614                HAL_I2SEx_TxRxCpltCallback
 .text.I2SEx_FullDuplexTx_IT
                0x0000000008001628       0xf8 ./Drivers/STM32F4xx_HAL_Driver/Src/stm32f4xx_hal_i2s_ex.o
 .text.I2SEx_FullDuplexRx_IT
                0x0000000008001720       0xf8 ./Drivers/STM32F4xx_HAL_Driver/Src/stm32f4xx_hal_i2s_ex.o
 .text.HAL_PCD_Init
                0x0000000008001818      0x20e ./Drivers/STM32F4xx_HAL_Driver/Src/stm32f4xx_hal_pcd.o
                0x0000000008001818                HAL_PCD_Init
 .text.HAL_PCD_Start
                0x0000000008001a26       0x44 ./Drivers/STM32F4xx_HAL_Driver/Src/stm32f4xx_hal_pcd.o
                0x0000000008001a26                HAL_PCD_Start
 *fill*         0x0000000008001a6a        0x2 
 .text.HAL_PCD_IRQHandler
                0x0000000008001a6c      0x904 ./Drivers/STM32F4xx_HAL_Driver/Src/stm32f4xx_hal_pcd.o
                0x0000000008001a6c                HAL_PCD_IRQHandler
 .text.HAL_PCD_SetAddress
                0x0000000008002370       0x42 ./Drivers/STM32F4xx_HAL_Driver/Src/stm32f4xx_hal_pcd.o
                0x0000000008002370                HAL_PCD_SetAddress
 .text.HAL_PCD_EP_Open
                0x00000000080023b2       0xd0 ./Drivers/STM32F4xx_HAL_Driver/Src/stm32f4xx_hal_pcd.o
                0x00000000080023b2                HAL_PCD_EP_Open
 .text.HAL_PCD_EP_Close
                0x0000000008002482       0x94 ./Drivers/STM32F4xx_HAL_Driver/Src/stm32f4xx_hal_pcd.o
                0x0000000008002482                HAL_PCD_EP_Close
 .text.HAL_PCD_EP_Receive
                0x0000000008002516       0x94 ./Drivers/STM32F4xx_HAL_Driver/Src/stm32f4xx_hal_pcd.o
                0x0000000008002516                HAL_PCD_EP_Receive
 .text.HAL_PCD_EP_GetRxCount
                0x00000000080025aa       0x32 ./Drivers/STM32F4xx_HAL_Driver/Src/stm32f4xx_hal_pcd.o
                0x00000000080025aa                HAL_PCD_EP_GetRxCount
 .text.HAL_PCD_EP_Transmit
                0x00000000080025dc       0x92 ./Drivers/STM32F4xx_HAL_Driver/Src/stm32f4xx_hal_pcd.o
                0x00000000080025dc                HAL_PCD_EP_Transmit
 .text.HAL_PCD_EP_SetStall
                0x000000000800266e       0xb6 ./Drivers/STM32F4xx_HAL_Driver/Src/stm32f4xx_hal_pcd.o
                0x000000000800266e                HAL_PCD_EP_SetStall
 .text.HAL_PCD_EP_ClrStall
                0x0000000008002724       0x96 ./Drivers/STM32F4xx_HAL_Driver/Src/stm32f4xx_hal_pcd.o
                0x0000000008002724                HAL_PCD_EP_ClrStall
 .text.PCD_WriteEmptyTxFifo
                0x00000000080027ba      0x102 ./Drivers/STM32F4xx_HAL_Driver/Src/stm32f4xx_hal_pcd.o
 .text.HAL_PCDEx_SetTxFiFo
                0x00000000080028bc       0x96 ./Drivers/STM32F4xx_HAL_Driver/Src/stm32f4xx_hal_pcd_ex.o
                0x00000000080028bc                HAL_PCDEx_SetTxFiFo
 .text.HAL_PCDEx_SetRxFiFo
                0x0000000008002952       0x22 ./Drivers/STM32F4xx_HAL_Driver/Src/stm32f4xx_hal_pcd_ex.o
                0x0000000008002952                HAL_PCDEx_SetRxFiFo
 .text.HAL_RCC_OscConfig
                0x0000000008002974      0x47c ./Drivers/STM32F4xx_HAL_Driver/Src/stm32f4xx_hal_rcc.o
                0x0000000008002974                HAL_RCC_OscConfig
 .text.HAL_RCC_ClockConfig
                0x0000000008002df0      0x1c4 ./Drivers/STM32F4xx_HAL_Driver/Src/stm32f4xx_hal_rcc.o
                0x0000000008002df0                HAL_RCC_ClockConfig
 .text.HAL_RCC_GetSysClockFreq
                0x0000000008002fb4      0x20c ./Drivers/STM32F4xx_HAL_Driver/Src/stm32f4xx_hal_rcc.o
                0x0000000008002fb4                HAL_RCC_GetSysClockFreq
 .text.HAL_RCC_GetHCLKFreq
                0x00000000080031c0       0x18 ./Drivers/STM32F4xx_HAL_Driver/Src/stm32f4xx_hal_rcc.o
                0x00000000080031c0                HAL_RCC_GetHCLKFreq
 .text.HAL_RCC_GetPCLK1Freq
                0x00000000080031d8       0x28 ./Drivers/STM32F4xx_HAL_Driver/Src/stm32f4xx_hal_rcc.o
                0x00000000080031d8                HAL_RCC_GetPCLK1Freq
 .text.HAL_RCCEx_PeriphCLKConfig
                0x0000000008003200      0x1c4 ./Drivers/STM32F4xx_HAL_Driver/Src/stm32f4xx_hal_rcc_ex.o
                0x0000000008003200                HAL_RCCEx_PeriphCLKConfig
 .text.HAL_RCCEx_GetPeriphCLKFreq
                0x00000000080033c4       0xbc ./Drivers/STM32F4xx_HAL_Driver/Src/stm32f4xx_hal_rcc_ex.o
                0x00000000080033c4                HAL_RCCEx_GetPeriphCLKFreq
 .text.HAL_SPI_Init
                0x0000000008003480       0xc8 ./Drivers/STM32F4xx_HAL_Driver/Src/stm32f4xx_hal_spi.o
                0x0000000008003480                HAL_SPI_Init
 .text.HAL_TIM_Base_Init
                0x0000000008003548       0x56 ./Drivers/STM32F4xx_HAL_Driver/Src/stm32f4xx_hal_tim.o
                0x0000000008003548                HAL_TIM_Base_Init
 .text.HAL_TIM_Base_Start
                0x000000000800359e       0x36 ./Drivers/STM32F4xx_HAL_Driver/Src/stm32f4xx_hal_tim.o
                0x000000000800359e                HAL_TIM_Base_Start
 .text.HAL_TIM_Base_Start_IT
                0x00000000080035d4       0x36 ./Drivers/STM32F4xx_HAL_Driver/Src/stm32f4xx_hal_tim.o
                0x00000000080035d4                HAL_TIM_Base_Start_IT
 .text.HAL_TIM_PWM_Init
                0x000000000800360a       0x56 ./Drivers/STM32F4xx_HAL_Driver/Src/stm32f4xx_hal_tim.o
                0x000000000800360a                HAL_TIM_PWM_Init
 .text.HAL_TIM_PWM_Start
                0x0000000008003660       0x68 ./Drivers/STM32F4xx_HAL_Driver/Src/stm32f4xx_hal_tim.o
                0x0000000008003660                HAL_TIM_PWM_Start
 .text.HAL_TIM_IRQHandler
                0x00000000080036c8      0x210 ./Drivers/STM32F4xx_HAL_Driver/Src/stm32f4xx_hal_tim.o
                0x00000000080036c8                HAL_TIM_IRQHandler
 .text.HAL_TIM_PWM_ConfigChannel
                0x00000000080038d8      0x18c ./Drivers/STM32F4xx_HAL_Driver/Src/stm32f4xx_hal_tim.o
                0x00000000080038d8                HAL_TIM_PWM_ConfigChannel
 .text.HAL_TIM_ConfigClockSource
                0x0000000008003a64      0x1d6 ./Drivers/STM32F4xx_HAL_Driver/Src/stm32f4xx_hal_tim.o
                0x0000000008003a64                HAL_TIM_ConfigClockSource
 .text.HAL_TIM_PeriodElapsedCallback
                0x0000000008003c3a       0x14 ./Drivers/STM32F4xx_HAL_Driver/Src/stm32f4xx_hal_tim.o
                0x0000000008003c3a                HAL_TIM_PeriodElapsedCallback
 .text.HAL_TIM_OC_DelayElapsedCallback
                0x0000000008003c4e       0x14 ./Drivers/STM32F4xx_HAL_Driver/Src/stm32f4xx_hal_tim.o
                0x0000000008003c4e                HAL_TIM_OC_DelayElapsedCallback
 .text.HAL_TIM_IC_CaptureCallback
                0x0000000008003c62       0x14 ./Drivers/STM32F4xx_HAL_Driver/Src/stm32f4xx_hal_tim.o
                0x0000000008003c62                HAL_TIM_IC_CaptureCallback
 .text.HAL_TIM_PWM_PulseFinishedCallback
                0x0000000008003c76       0x14 ./Drivers/STM32F4xx_HAL_Driver/Src/stm32f4xx_hal_tim.o
                0x0000000008003c76                HAL_TIM_PWM_PulseFinishedCallback
 .text.HAL_TIM_TriggerCallback
                0x0000000008003c8a       0x14 ./Drivers/STM32F4xx_HAL_Driver/Src/stm32f4xx_hal_tim.o
                0x0000000008003c8a                HAL_TIM_TriggerCallback
 *fill*         0x0000000008003c9e        0x2 
 .text.TIM_Base_SetConfig
                0x0000000008003ca0      0x154 ./Drivers/STM32F4xx_HAL_Driver/Src/stm32f4xx_hal_tim.o
                0x0000000008003ca0                TIM_Base_SetConfig
 .text.TIM_OC2_SetConfig
                0x0000000008003df4       0xf0 ./Drivers/STM32F4xx_HAL_Driver/Src/stm32f4xx_hal_tim.o
                0x0000000008003df4                TIM_OC2_SetConfig
 .text.TIM_CCxChannelCmd
                0x0000000008003ee4       0x46 ./Drivers/STM32F4xx_HAL_Driver/Src/stm32f4xx_hal_tim.o
                0x0000000008003ee4                TIM_CCxChannelCmd
 *fill*         0x0000000008003f2a        0x2 
 .text.TIM_OC1_SetConfig
                0x0000000008003f2c       0xe8 ./Drivers/STM32F4xx_HAL_Driver/Src/stm32f4xx_hal_tim.o
 .text.TIM_OC3_SetConfig
                0x0000000008004014       0xf0 ./Drivers/STM32F4xx_HAL_Driver/Src/stm32f4xx_hal_tim.o
 .text.TIM_OC4_SetConfig
                0x0000000008004104       0xc0 ./Drivers/STM32F4xx_HAL_Driver/Src/stm32f4xx_hal_tim.o
 .text.TIM_TI1_ConfigInputStage
                0x00000000080041c4       0x66 ./Drivers/STM32F4xx_HAL_Driver/Src/stm32f4xx_hal_tim.o
 .text.TIM_TI2_ConfigInputStage
                0x000000000800422a       0x68 ./Drivers/STM32F4xx_HAL_Driver/Src/stm32f4xx_hal_tim.o
 .text.TIM_ITRx_SetConfig
                0x0000000008004292       0x40 ./Drivers/STM32F4xx_HAL_Driver/Src/stm32f4xx_hal_tim.o
 .text.TIM_ETR_SetConfig
                0x00000000080042d2       0x44 ./Drivers/STM32F4xx_HAL_Driver/Src/stm32f4xx_hal_tim.o
 .text.HAL_TIMEx_MasterConfigSynchronization
                0x0000000008004316       0x8a ./Drivers/STM32F4xx_HAL_Driver/Src/stm32f4xx_hal_tim_ex.o
                0x0000000008004316                HAL_TIMEx_MasterConfigSynchronization
 .text.HAL_TIMEx_ConfigBreakDeadTime
                0x00000000080043a0       0xb2 ./Drivers/STM32F4xx_HAL_Driver/Src/stm32f4xx_hal_tim_ex.o
                0x00000000080043a0                HAL_TIMEx_ConfigBreakDeadTime
 .text.HAL_TIMEx_CommutationCallback
                0x0000000008004452       0x14 ./Drivers/STM32F4xx_HAL_Driver/Src/stm32f4xx_hal_tim_ex.o
                0x0000000008004452                HAL_TIMEx_CommutationCallback
 .text.HAL_TIMEx_BreakCallback
                0x0000000008004466       0x14 ./Drivers/STM32F4xx_HAL_Driver/Src/stm32f4xx_hal_tim_ex.o
                0x0000000008004466                HAL_TIMEx_BreakCallback
 .text.USB_CoreInit
                0x000000000800447a       0xa2 ./Drivers/STM32F4xx_HAL_Driver/Src/stm32f4xx_ll_usb.o
                0x000000000800447a                USB_CoreInit
 .text.USB_EnableGlobalInt
                0x000000000800451c       0x22 ./Drivers/STM32F4xx_HAL_Driver/Src/stm32f4xx_ll_usb.o
                0x000000000800451c                USB_EnableGlobalInt
 .text.USB_DisableGlobalInt
                0x000000000800453e       0x22 ./Drivers/STM32F4xx_HAL_Driver/Src/stm32f4xx_ll_usb.o
                0x000000000800453e                USB_DisableGlobalInt
 .text.USB_SetCurrentMode
                0x0000000008004560       0x4e ./Drivers/STM32F4xx_HAL_Driver/Src/stm32f4xx_ll_usb.o
                0x0000000008004560                USB_SetCurrentMode
 *fill*         0x00000000080045ae        0x2 
 .text.USB_DevInit
                0x00000000080045b0      0x264 ./Drivers/STM32F4xx_HAL_Driver/Src/stm32f4xx_ll_usb.o
                0x00000000080045b0                USB_DevInit
 .text.USB_FlushTxFifo
                0x0000000008004814       0x4c ./Drivers/STM32F4xx_HAL_Driver/Src/stm32f4xx_ll_usb.o
                0x0000000008004814                USB_FlushTxFifo
 .text.USB_FlushRxFifo
                0x0000000008004860       0x44 ./Drivers/STM32F4xx_HAL_Driver/Src/stm32f4xx_ll_usb.o
                0x0000000008004860                USB_FlushRxFifo
 .text.USB_SetDevSpeed
                0x00000000080048a4       0x2e ./Drivers/STM32F4xx_HAL_Driver/Src/stm32f4xx_ll_usb.o
                0x00000000080048a4                USB_SetDevSpeed
 .text.USB_GetDevSpeed
                0x00000000080048d2       0x6a ./Drivers/STM32F4xx_HAL_Driver/Src/stm32f4xx_ll_usb.o
                0x00000000080048d2                USB_GetDevSpeed
 .text.USB_ActivateEndpoint
                0x000000000800493c      0x10a ./Drivers/STM32F4xx_HAL_Driver/Src/stm32f4xx_ll_usb.o
                0x000000000800493c                USB_ActivateEndpoint
 *fill*         0x0000000008004a46        0x2 
 .text.USB_DeactivateEndpoint
                0x0000000008004a48      0x178 ./Drivers/STM32F4xx_HAL_Driver/Src/stm32f4xx_ll_usb.o
                0x0000000008004a48                USB_DeactivateEndpoint
 .text.USB_EPStartXfer
                0x0000000008004bc0      0x45c ./Drivers/STM32F4xx_HAL_Driver/Src/stm32f4xx_ll_usb.o
                0x0000000008004bc0                USB_EPStartXfer
 .text.USB_EP0StartXfer
                0x000000000800501c      0x2a2 ./Drivers/STM32F4xx_HAL_Driver/Src/stm32f4xx_ll_usb.o
                0x000000000800501c                USB_EP0StartXfer
 .text.USB_WritePacket
                0x00000000080052be       0x6a ./Drivers/STM32F4xx_HAL_Driver/Src/stm32f4xx_ll_usb.o
                0x00000000080052be                USB_WritePacket
 .text.USB_ReadPacket
                0x0000000008005328       0x4e ./Drivers/STM32F4xx_HAL_Driver/Src/stm32f4xx_ll_usb.o
                0x0000000008005328                USB_ReadPacket
 .text.USB_EPSetStall
                0x0000000008005376       0xda ./Drivers/STM32F4xx_HAL_Driver/Src/stm32f4xx_ll_usb.o
                0x0000000008005376                USB_EPSetStall
 .text.USB_EPClearStall
                0x0000000008005450       0xd2 ./Drivers/STM32F4xx_HAL_Driver/Src/stm32f4xx_ll_usb.o
                0x0000000008005450                USB_EPClearStall
 .text.USB_SetDevAddress
                0x0000000008005522       0x48 ./Drivers/STM32F4xx_HAL_Driver/Src/stm32f4xx_ll_usb.o
                0x0000000008005522                USB_SetDevAddress
 .text.USB_DevConnect
                0x000000000800556a       0x2c ./Drivers/STM32F4xx_HAL_Driver/Src/stm32f4xx_ll_usb.o
                0x000000000800556a                USB_DevConnect
 .text.USB_DevDisconnect
                0x0000000008005596       0x2c ./Drivers/STM32F4xx_HAL_Driver/Src/stm32f4xx_ll_usb.o
                0x0000000008005596                USB_DevDisconnect
 .text.USB_ReadInterrupts
                0x00000000080055c2       0x2a ./Drivers/STM32F4xx_HAL_Driver/Src/stm32f4xx_ll_usb.o
                0x00000000080055c2                USB_ReadInterrupts
 .text.USB_ReadDevAllOutEpInterrupt
                0x00000000080055ec       0x30 ./Drivers/STM32F4xx_HAL_Driver/Src/stm32f4xx_ll_usb.o
                0x00000000080055ec                USB_ReadDevAllOutEpInterrupt
 .text.USB_ReadDevAllInEpInterrupt
                0x000000000800561c       0x30 ./Drivers/STM32F4xx_HAL_Driver/Src/stm32f4xx_ll_usb.o
                0x000000000800561c                USB_ReadDevAllInEpInterrupt
 .text.USB_ReadDevOutEPInterrupt
                0x000000000800564c       0x38 ./Drivers/STM32F4xx_HAL_Driver/Src/stm32f4xx_ll_usb.o
                0x000000000800564c                USB_ReadDevOutEPInterrupt
 .text.USB_ReadDevInEPInterrupt
                0x0000000008005684       0x54 ./Drivers/STM32F4xx_HAL_Driver/Src/stm32f4xx_ll_usb.o
                0x0000000008005684                USB_ReadDevInEPInterrupt
 .text.USB_GetMode
                0x00000000080056d8       0x1c ./Drivers/STM32F4xx_HAL_Driver/Src/stm32f4xx_ll_usb.o
                0x00000000080056d8                USB_GetMode
 .text.USB_ActivateSetup
                0x00000000080056f4       0x66 ./Drivers/STM32F4xx_HAL_Driver/Src/stm32f4xx_ll_usb.o
                0x00000000080056f4                USB_ActivateSetup
 .text.USB_EP0_OutStart
                0x000000000800575a       0x84 ./Drivers/STM32F4xx_HAL_Driver/Src/stm32f4xx_ll_usb.o
                0x000000000800575a                USB_EP0_OutStart
 *fill*         0x00000000080057de        0x2 
 .text.USB_CoreReset
                0x00000000080057e0       0x68 ./Drivers/STM32F4xx_HAL_Driver/Src/stm32f4xx_ll_usb.o
 .text.USBD_CDC_Init
                0x0000000008005848       0xd4 ./Middlewares/ST/STM32_USB_Device_Library/Class/CDC/Src/usbd_cdc.o
 .text.USBD_CDC_DeInit
                0x000000000800591c       0x5a ./Middlewares/ST/STM32_USB_Device_Library/Class/CDC/Src/usbd_cdc.o
 *fill*         0x0000000008005976        0x2 
 .text.USBD_CDC_Setup
                0x0000000008005978       0xc0 ./Middlewares/ST/STM32_USB_Device_Library/Class/CDC/Src/usbd_cdc.o
 .text.USBD_CDC_DataIn
                0x0000000008005a38       0x38 ./Middlewares/ST/STM32_USB_Device_Library/Class/CDC/Src/usbd_cdc.o
 .text.USBD_CDC_DataOut
                0x0000000008005a70       0x56 ./Middlewares/ST/STM32_USB_Device_Library/Class/CDC/Src/usbd_cdc.o
 .text.USBD_CDC_EP0_RxReady
                0x0000000008005ac6       0x50 ./Middlewares/ST/STM32_USB_Device_Library/Class/CDC/Src/usbd_cdc.o
 *fill*         0x0000000008005b16        0x2 
 .text.USBD_CDC_GetFSCfgDesc
                0x0000000008005b18       0x20 ./Middlewares/ST/STM32_USB_Device_Library/Class/CDC/Src/usbd_cdc.o
 .text.USBD_CDC_GetHSCfgDesc
                0x0000000008005b38       0x20 ./Middlewares/ST/STM32_USB_Device_Library/Class/CDC/Src/usbd_cdc.o
 .text.USBD_CDC_GetOtherSpeedCfgDesc
                0x0000000008005b58       0x20 ./Middlewares/ST/STM32_USB_Device_Library/Class/CDC/Src/usbd_cdc.o
 .text.USBD_CDC_GetDeviceQualifierDescriptor
                0x0000000008005b78       0x20 ./Middlewares/ST/STM32_USB_Device_Library/Class/CDC/Src/usbd_cdc.o
                0x0000000008005b78                USBD_CDC_GetDeviceQualifierDescriptor
 .text.USBD_CDC_RegisterInterface
                0x0000000008005b98       0x2e ./Middlewares/ST/STM32_USB_Device_Library/Class/CDC/Src/usbd_cdc.o
                0x0000000008005b98                USBD_CDC_RegisterInterface
 .text.USBD_CDC_SetTxBuffer
                0x0000000008005bc6       0x34 ./Middlewares/ST/STM32_USB_Device_Library/Class/CDC/Src/usbd_cdc.o
                0x0000000008005bc6                USBD_CDC_SetTxBuffer
 .text.USBD_CDC_SetRxBuffer
                0x0000000008005bfa       0x28 ./Middlewares/ST/STM32_USB_Device_Library/Class/CDC/Src/usbd_cdc.o
                0x0000000008005bfa                USBD_CDC_SetRxBuffer
 .text.USBD_CDC_ReceivePacket
                0x0000000008005c22       0x54 ./Middlewares/ST/STM32_USB_Device_Library/Class/CDC/Src/usbd_cdc.o
                0x0000000008005c22                USBD_CDC_ReceivePacket
 *fill*         0x0000000008005c76        0x2 
 .text.USBD_Init
                0x0000000008005c78       0x70 ./Middlewares/ST/STM32_USB_Device_Library/Core/Src/usbd_core.o
                0x0000000008005c78                USBD_Init
 .text.USBD_RegisterClass
                0x0000000008005ce8       0x4c ./Middlewares/ST/STM32_USB_Device_Library/Core/Src/usbd_core.o
                0x0000000008005ce8                USBD_RegisterClass
 .text.USBD_Start
                0x0000000008005d34       0x18 ./Middlewares/ST/STM32_USB_Device_Library/Core/Src/usbd_core.o
                0x0000000008005d34                USBD_Start
 .text.USBD_RunTestMode
                0x0000000008005d4c       0x16 ./Middlewares/ST/STM32_USB_Device_Library/Core/Src/usbd_core.o
                0x0000000008005d4c                USBD_RunTestMode
 .text.USBD_SetClassConfig
                0x0000000008005d62       0x3e ./Middlewares/ST/STM32_USB_Device_Library/Core/Src/usbd_core.o
                0x0000000008005d62                USBD_SetClassConfig
 .text.USBD_ClrClassConfig
                0x0000000008005da0       0x26 ./Middlewares/ST/STM32_USB_Device_Library/Core/Src/usbd_core.o
                0x0000000008005da0                USBD_ClrClassConfig
 .text.USBD_LL_SetupStage
                0x0000000008005dc6       0x9a ./Middlewares/ST/STM32_USB_Device_Library/Core/Src/usbd_core.o
                0x0000000008005dc6                USBD_LL_SetupStage
 .text.USBD_LL_DataOutStage
                0x0000000008005e60       0xb6 ./Middlewares/ST/STM32_USB_Device_Library/Core/Src/usbd_core.o
                0x0000000008005e60                USBD_LL_DataOutStage
 .text.USBD_LL_DataInStage
                0x0000000008005f16      0x11e ./Middlewares/ST/STM32_USB_Device_Library/Core/Src/usbd_core.o
                0x0000000008005f16                USBD_LL_DataInStage
 .text.USBD_LL_Reset
                0x0000000008006034       0x5e ./Middlewares/ST/STM32_USB_Device_Library/Core/Src/usbd_core.o
                0x0000000008006034                USBD_LL_Reset
 .text.USBD_LL_SetSpeed
                0x0000000008006092       0x20 ./Middlewares/ST/STM32_USB_Device_Library/Core/Src/usbd_core.o
                0x0000000008006092                USBD_LL_SetSpeed
 .text.USBD_LL_Suspend
                0x00000000080060b2       0x2a ./Middlewares/ST/STM32_USB_Device_Library/Core/Src/usbd_core.o
                0x00000000080060b2                USBD_LL_Suspend
 .text.USBD_LL_Resume
                0x00000000080060dc       0x22 ./Middlewares/ST/STM32_USB_Device_Library/Core/Src/usbd_core.o
                0x00000000080060dc                USBD_LL_Resume
 .text.USBD_LL_SOF
                0x00000000080060fe       0x34 ./Middlewares/ST/STM32_USB_Device_Library/Core/Src/usbd_core.o
                0x00000000080060fe                USBD_LL_SOF
 .text.USBD_LL_IsoINIncomplete
                0x0000000008006132       0x1a ./Middlewares/ST/STM32_USB_Device_Library/Core/Src/usbd_core.o
                0x0000000008006132                USBD_LL_IsoINIncomplete
 .text.USBD_LL_IsoOUTIncomplete
                0x000000000800614c       0x1a ./Middlewares/ST/STM32_USB_Device_Library/Core/Src/usbd_core.o
                0x000000000800614c                USBD_LL_IsoOUTIncomplete
 .text.USBD_LL_DevConnected
                0x0000000008006166       0x16 ./Middlewares/ST/STM32_USB_Device_Library/Core/Src/usbd_core.o
                0x0000000008006166                USBD_LL_DevConnected
 .text.USBD_LL_DevDisconnected
                0x000000000800617c       0x2e ./Middlewares/ST/STM32_USB_Device_Library/Core/Src/usbd_core.o
                0x000000000800617c                USBD_LL_DevDisconnected
 *fill*         0x00000000080061aa        0x2 
 .text.USBD_StdDevReq
                0x00000000080061ac       0xa0 ./Middlewares/ST/STM32_USB_Device_Library/Core/Src/usbd_ctlreq.o
                0x00000000080061ac                USBD_StdDevReq
 .text.USBD_StdItfReq
                0x000000000800624c       0x66 ./Middlewares/ST/STM32_USB_Device_Library/Core/Src/usbd_ctlreq.o
                0x000000000800624c                USBD_StdItfReq
 .text.USBD_StdEPReq
                0x00000000080062b2      0x1b8 ./Middlewares/ST/STM32_USB_Device_Library/Core/Src/usbd_ctlreq.o
                0x00000000080062b2                USBD_StdEPReq
 *fill*         0x000000000800646a        0x2 
 .text.USBD_GetDescriptor
                0x000000000800646c      0x1e8 ./Middlewares/ST/STM32_USB_Device_Library/Core/Src/usbd_ctlreq.o
 .text.USBD_SetAddress
                0x0000000008006654       0x7e ./Middlewares/ST/STM32_USB_Device_Library/Core/Src/usbd_ctlreq.o
 *fill*         0x00000000080066d2        0x2 
 .text.USBD_SetConfig
                0x00000000080066d4      0x110 ./Middlewares/ST/STM32_USB_Device_Library/Core/Src/usbd_ctlreq.o
 .text.USBD_GetConfig
                0x00000000080067e4       0x64 ./Middlewares/ST/STM32_USB_Device_Library/Core/Src/usbd_ctlreq.o
 .text.USBD_GetStatus
                0x0000000008006848       0x54 ./Middlewares/ST/STM32_USB_Device_Library/Core/Src/usbd_ctlreq.o
 .text.USBD_SetFeature
                0x000000000800689c       0x36 ./Middlewares/ST/STM32_USB_Device_Library/Core/Src/usbd_ctlreq.o
 .text.USBD_ClrFeature
                0x00000000080068d2       0x50 ./Middlewares/ST/STM32_USB_Device_Library/Core/Src/usbd_ctlreq.o
 .text.USBD_ParseSetupRequest
                0x0000000008006922       0x7a ./Middlewares/ST/STM32_USB_Device_Library/Core/Src/usbd_ctlreq.o
                0x0000000008006922                USBD_ParseSetupRequest
 .text.USBD_CtlError
                0x000000000800699c       0x22 ./Middlewares/ST/STM32_USB_Device_Library/Core/Src/usbd_ctlreq.o
                0x000000000800699c                USBD_CtlError
 .text.USBD_GetString
                0x00000000080069be       0x86 ./Middlewares/ST/STM32_USB_Device_Library/Core/Src/usbd_ctlreq.o
                0x00000000080069be                USBD_GetString
 .text.USBD_GetLen
                0x0000000008006a44       0x30 ./Middlewares/ST/STM32_USB_Device_Library/Core/Src/usbd_ctlreq.o
 .text.USBD_CtlSendData
                0x0000000008006a74       0x38 ./Middlewares/ST/STM32_USB_Device_Library/Core/Src/usbd_ioreq.o
                0x0000000008006a74                USBD_CtlSendData
 .text.USBD_CtlContinueSendData
                0x0000000008006aac       0x24 ./Middlewares/ST/STM32_USB_Device_Library/Core/Src/usbd_ioreq.o
                0x0000000008006aac                USBD_CtlContinueSendData
 .text.USBD_CtlPrepareRx
                0x0000000008006ad0       0x3c ./Middlewares/ST/STM32_USB_Device_Library/Core/Src/usbd_ioreq.o
                0x0000000008006ad0                USBD_CtlPrepareRx
 .text.USBD_CtlContinueRx
                0x0000000008006b0c       0x24 ./Middlewares/ST/STM32_USB_Device_Library/Core/Src/usbd_ioreq.o
                0x0000000008006b0c                USBD_CtlContinueRx
 .text.USBD_CtlSendStatus
                0x0000000008006b30       0x26 ./Middlewares/ST/STM32_USB_Device_Library/Core/Src/usbd_ioreq.o
                0x0000000008006b30                USBD_CtlSendStatus
 .text.USBD_CtlReceiveStatus
                0x0000000008006b56       0x26 ./Middlewares/ST/STM32_USB_Device_Library/Core/Src/usbd_ioreq.o
                0x0000000008006b56                USBD_CtlReceiveStatus
 .text.UserCode_Init
                0x0000000008006b7c       0x94 ./Src/controller.o
                0x0000000008006b7c                UserCode_Init
 .text.UserCode_While
                0x0000000008006c10       0x4c ./Src/controller.o
                0x0000000008006c10                UserCode_While
 .text.LED_setSequence
                0x0000000008006c5c       0xa8 ./Src/led.o
                0x0000000008006c5c                LED_setSequence
 .text.getCurrentPatternInterval
                0x0000000008006d04       0x44 ./Src/led.o
 .text.getCurrentPatternValue
                0x0000000008006d48       0x5c ./Src/led.o
 .text.getCurrentPatternLength
                0x0000000008006da4       0x44 ./Src/led.o
 .text.getCurrentPatternStartingPosition
                0x0000000008006de8       0x44 ./Src/led.o
 .text.getCurrentPatternDuration
                0x0000000008006e2c       0x44 ./Src/led.o
 .text.LED_startLedSequence
                0x0000000008006e70       0xc4 ./Src/led.o
                0x0000000008006e70                LED_startLedSequence
 .text.LED_stopLedSequence
                0x0000000008006f34       0x48 ./Src/led.o
                0x0000000008006f34                LED_stopLedSequence
 .text.LED_timer_interval_irq
                0x0000000008006f7c      0x22c ./Src/led.o
                0x0000000008006f7c                LED_timer_interval_irq
 .text.LED_changePWM_Duty
                0x00000000080071a8       0xbc ./Src/led.o
                0x00000000080071a8                LED_changePWM_Duty
 .text.tim6_IRQ
                0x0000000008007264        0xc ./Src/main.o
                0x0000000008007264                tim6_IRQ
 .text.main     0x0000000008007270       0x48 ./Src/main.o
                0x0000000008007270                main
 .text.SystemClock_Config
                0x00000000080072b8      0x110 ./Src/main.o
                0x00000000080072b8                SystemClock_Config
 .text.MX_I2C1_Init
                0x00000000080073c8       0x64 ./Src/main.o
 .text.MX_I2S3_Init
                0x000000000800742c       0x68 ./Src/main.o
 .text.MX_SPI1_Init
                0x0000000008007494       0x78 ./Src/main.o
 .text.MX_TIM1_Init
                0x000000000800750c      0x184 ./Src/main.o
 .text.MX_TIM2_Init
                0x0000000008007690      0x130 ./Src/main.o
 .text.MX_TIM6_Init
                0x00000000080077c0       0x6c ./Src/main.o
 .text.MX_GPIO_Init
                0x000000000800782c      0x1f8 ./Src/main.o
 .text._Error_Handler
                0x0000000008007a24        0xc ./Src/main.o
                0x0000000008007a24                _Error_Handler
 .text.pattern_resetPatternCount
                0x0000000008007a30       0x18 ./Src/data/pattern.o
                0x0000000008007a30                pattern_resetPatternCount
 .text.pattern_addNewPattern
                0x0000000008007a48       0x38 ./Src/data/pattern.o
                0x0000000008007a48                pattern_addNewPattern
 .text.pattern_setPatternDataFromIndex
                0x0000000008007a80       0x34 ./Src/data/pattern.o
                0x0000000008007a80                pattern_setPatternDataFromIndex
 .text.pattern_setPatternInterval
                0x0000000008007ab4       0x2c ./Src/data/pattern.o
                0x0000000008007ab4                pattern_setPatternInterval
 .text.pattern_setPatternDuration
                0x0000000008007ae0       0x2c ./Src/data/pattern.o
                0x0000000008007ae0                pattern_setPatternDuration
 .text.pattern_setPatternStartPosition
                0x0000000008007b0c       0x30 ./Src/data/pattern.o
                0x0000000008007b0c                pattern_setPatternStartPosition
 .text.pattern_getCurrentPattern
                0x0000000008007b3c       0x20 ./Src/data/pattern.o
                0x0000000008007b3c                pattern_getCurrentPattern
 .text.patternData_setDataIndex
                0x0000000008007b5c       0x58 ./Src/data/pattern_data.o
                0x0000000008007b5c                patternData_setDataIndex
 .text.patternData_getPatternFromIndex
                0x0000000008007bb4       0x30 ./Src/data/pattern_data.o
                0x0000000008007bb4                patternData_getPatternFromIndex
 .text.patternData_addValueToCurrentPattern
                0x0000000008007be4       0x68 ./Src/data/pattern_data.o
                0x0000000008007be4                patternData_addValueToCurrentPattern
 .text.sequence_setIndex
                0x0000000008007c4c       0x48 ./Src/data/sequence.o
                0x0000000008007c4c                sequence_setIndex
 .text.sequence_setLedIndex
                0x0000000008007c94       0x4c ./Src/data/sequence.o
                0x0000000008007c94                sequence_setLedIndex
 .text.sequence_addPattern
                0x0000000008007ce0       0x88 ./Src/data/sequence.o
                0x0000000008007ce0                sequence_addPattern
 .text.HAL_MspInit
                0x0000000008007d68       0xa4 ./Src/hal/stm32f4xx_hal_msp.o
                0x0000000008007d68                HAL_MspInit
 .text.HAL_I2C_MspInit
                0x0000000008007e0c       0x64 ./Src/hal/stm32f4xx_hal_msp.o
                0x0000000008007e0c                HAL_I2C_MspInit
 .text.HAL_I2S_MspInit
                0x0000000008007e70       0x88 ./Src/hal/stm32f4xx_hal_msp.o
                0x0000000008007e70                HAL_I2S_MspInit
 .text.HAL_SPI_MspInit
                0x0000000008007ef8       0x64 ./Src/hal/stm32f4xx_hal_msp.o
                0x0000000008007ef8                HAL_SPI_MspInit
 .text.HAL_TIM_Base_MspInit
                0x0000000008007f5c      0x1a0 ./Src/hal/stm32f4xx_hal_msp.o
                0x0000000008007f5c                HAL_TIM_Base_MspInit
 .text.HAL_TIM_PWM_MspInit
                0x00000000080080fc       0x44 ./Src/hal/stm32f4xx_hal_msp.o
                0x00000000080080fc                HAL_TIM_PWM_MspInit
 .text.HAL_TIM_MspPostInit
                0x0000000008008140      0x194 ./Src/hal/stm32f4xx_hal_msp.o
                0x0000000008008140                HAL_TIM_MspPostInit
 .text.SysTick_Handler
                0x00000000080082d4       0x10 ./Src/hal/stm32f4xx_it.o
                0x00000000080082d4                SysTick_Handler
 .text.TIM6_DAC_IRQHandler
                0x00000000080082e4       0x18 ./Src/hal/stm32f4xx_it.o
                0x00000000080082e4                TIM6_DAC_IRQHandler
 .text.OTG_FS_IRQHandler
                0x00000000080082fc       0x14 ./Src/hal/stm32f4xx_it.o
                0x00000000080082fc                OTG_FS_IRQHandler
 .text.SystemInit
                0x0000000008008310       0x6c ./Src/hal/system_stm32f4xx.o
                0x0000000008008310                SystemInit
 .text.jsonStringReceived
                0x000000000800837c       0x48 ./Src/json/json_decoder.o
 .text.jsonNumberReceived
                0x00000000080083c4       0x48 ./Src/json/json_decoder.o
 .text.jsonStartOfObject
                0x000000000800840c       0x64 ./Src/json/json_decoder.o
 .text.jsonArrayStringReceived
                0x0000000008008470       0x54 ./Src/json/json_decoder.o
 .text.jsonArrayNumberReceived
                0x00000000080084c4       0x58 ./Src/json/json_decoder.o
 .text.jsonArrayStartOfObject
                0x000000000800851c       0x74 ./Src/json/json_decoder.o
 .text.jsonParseObject
                0x0000000008008590      0x3b0 ./Src/json/json_decoder.o
 .text.jsonDecoding
                0x0000000008008940      0x120 ./Src/json/json_decoder.o
                0x0000000008008940                jsonDecoding
 .text.objectStart
                0x0000000008008a60       0x16 ./Src/json/json_led.o
 .text.arrayObjectStart
                0x0000000008008a76       0x1a ./Src/json/json_led.o
 .text.numberReceived
                0x0000000008008a90       0x54 ./Src/json/json_led.o
 .text.stringReceived
                0x0000000008008ae4       0x16 ./Src/json/json_led.o
 .text.arrayNumberReceived
                0x0000000008008afa       0x1a ./Src/json/json_led.o
 .text.arrayStringReceived
                0x0000000008008b14       0x1a ./Src/json/json_led.o
 *fill*         0x0000000008008b2e        0x2 
 .text.jsonLed_getJsonObject
                0x0000000008008b30       0x14 ./Src/json/json_led.o
                0x0000000008008b30                jsonLed_getJsonObject
 .text.objectStart
                0x0000000008008b44       0x2c ./Src/json/json_main_object.o
 .text.arrayObjectStart
                0x0000000008008b70       0x5c ./Src/json/json_main_object.o
 .text.numberReceived
                0x0000000008008bcc       0x8c ./Src/json/json_main_object.o
 .text.stringReceived
                0x0000000008008c58       0x16 ./Src/json/json_main_object.o
 .text.arrayNumberReceived
                0x0000000008008c6e       0x1a ./Src/json/json_main_object.o
 .text.arrayStringReceived
                0x0000000008008c88       0x1a ./Src/json/json_main_object.o
 .text.objectStart
                0x0000000008008ca2       0x16 ./Src/json/json_pattern.o
 .text.arrayObjectStart
                0x0000000008008cb8       0x1a ./Src/json/json_pattern.o
 *fill*         0x0000000008008cd2        0x2 
 .text.numberReceived
                0x0000000008008cd4       0x80 ./Src/json/json_pattern.o
 .text.stringReceived
                0x0000000008008d54       0x16 ./Src/json/json_pattern.o
 .text.arrayNumberReceived
                0x0000000008008d6a       0x1a ./Src/json/json_pattern.o
 .text.arrayStringReceived
                0x0000000008008d84       0x1a ./Src/json/json_pattern.o
 *fill*         0x0000000008008d9e        0x2 
 .text.jsonPattern_getJsonObject
                0x0000000008008da0       0x14 ./Src/json/json_pattern.o
                0x0000000008008da0                jsonPattern_getJsonObject
 .text.jsonPattern_resetPatternCount
                0x0000000008008db4        0xc ./Src/json/json_pattern.o
                0x0000000008008db4                jsonPattern_resetPatternCount
 .text.jsonPattern_addNewPattern
                0x0000000008008dc0        0xc ./Src/json/json_pattern.o
                0x0000000008008dc0                jsonPattern_addNewPattern
 .text.objectStart
                0x0000000008008dcc       0x16 ./Src/json/json_pattern_data.o
 .text.arrayObjectStart
                0x0000000008008de2       0x1a ./Src/json/json_pattern_data.o
 .text.numberReceived
                0x0000000008008dfc       0x16 ./Src/json/json_pattern_data.o
 .text.stringReceived
                0x0000000008008e12       0x16 ./Src/json/json_pattern_data.o
 .text.arrayNumberReceived
                0x0000000008008e28       0x34 ./Src/json/json_pattern_data.o
 .text.arrayStringReceived
                0x0000000008008e5c       0x1a ./Src/json/json_pattern_data.o
 *fill*         0x0000000008008e76        0x2 
 .text.jsonPatternData_getJsonObject
                0x0000000008008e78       0x14 ./Src/json/json_pattern_data.o
                0x0000000008008e78                jsonPatternData_getJsonObject
 .text.jsonPatternData_setDataIndex
                0x0000000008008e8c       0x1a ./Src/json/json_pattern_data.o
                0x0000000008008e8c                jsonPatternData_setDataIndex
 .text.objectStart
                0x0000000008008ea6       0x16 ./Src/json/json_sequence.o
 .text.arrayObjectStart
                0x0000000008008ebc       0x40 ./Src/json/json_sequence.o
 .text.numberReceived
                0x0000000008008efc       0x30 ./Src/json/json_sequence.o
 .text.stringReceived
                0x0000000008008f2c       0x16 ./Src/json/json_sequence.o
 .text.arrayNumberReceived
                0x0000000008008f42       0x1a ./Src/json/json_sequence.o
 .text.arrayStringReceived
                0x0000000008008f5c       0x1a ./Src/json/json_sequence.o
 *fill*         0x0000000008008f76        0x2 
 .text.jsonSequence_getJsonObject
                0x0000000008008f78       0x14 ./Src/json/json_sequence.o
                0x0000000008008f78                jsonSequence_getJsonObject
 .text.jsonSequence_setIndex
                0x0000000008008f8c       0x26 ./Src/json/json_sequence.o
                0x0000000008008f8c                jsonSequence_setIndex
 *fill*         0x0000000008008fb2        0x2 
 .text.VCP_Receive_FS
                0x0000000008008fb4       0x70 ./Src/json/vcp_communication.o
                0x0000000008008fb4                VCP_Receive_FS
 .text.VCP_retrieveInputData
                0x0000000008009024       0x90 ./Src/json/vcp_communication.o
                0x0000000008009024                VCP_retrieveInputData
 .text.MX_USB_DEVICE_Init
                0x00000000080090b4       0x38 ./Src/usb/usb_device.o
                0x00000000080090b4                MX_USB_DEVICE_Init
 .text.CDC_Init_FS
                0x00000000080090ec       0x28 ./Src/usb/usbd_cdc_if.o
 .text.CDC_DeInit_FS
                0x0000000008009114       0x10 ./Src/usb/usbd_cdc_if.o
 .text.CDC_Control_FS
                0x0000000008009124       0xf4 ./Src/usb/usbd_cdc_if.o
 .text.CDC_Receive_FS
                0x0000000008009218       0x1c ./Src/usb/usbd_cdc_if.o
 .text.HAL_PCD_MspInit
                0x0000000008009234       0x98 ./Src/usb/usbd_conf.o
                0x0000000008009234                HAL_PCD_MspInit
 .text.HAL_PCD_SetupStageCallback
                0x00000000080092cc       0x24 ./Src/usb/usbd_conf.o
                0x00000000080092cc                HAL_PCD_SetupStageCallback
 .text.HAL_PCD_DataOutStageCallback
                0x00000000080092f0       0x36 ./Src/usb/usbd_conf.o
                0x00000000080092f0                HAL_PCD_DataOutStageCallback
 .text.HAL_PCD_DataInStageCallback
                0x0000000008009326       0x34 ./Src/usb/usbd_conf.o
                0x0000000008009326                HAL_PCD_DataInStageCallback
 .text.HAL_PCD_SOFCallback
                0x000000000800935a       0x1c ./Src/usb/usbd_conf.o
                0x000000000800935a                HAL_PCD_SOFCallback
 .text.HAL_PCD_ResetCallback
                0x0000000008009376       0x50 ./Src/usb/usbd_conf.o
                0x0000000008009376                HAL_PCD_ResetCallback
 *fill*         0x00000000080093c6        0x2 
 .text.HAL_PCD_SuspendCallback
                0x00000000080093c8       0x4c ./Src/usb/usbd_conf.o
                0x00000000080093c8                HAL_PCD_SuspendCallback
 .text.HAL_PCD_ResumeCallback
                0x0000000008009414       0x1c ./Src/usb/usbd_conf.o
                0x0000000008009414                HAL_PCD_ResumeCallback
 .text.HAL_PCD_ISOOUTIncompleteCallback
                0x0000000008009430       0x24 ./Src/usb/usbd_conf.o
                0x0000000008009430                HAL_PCD_ISOOUTIncompleteCallback
 .text.HAL_PCD_ISOINIncompleteCallback
                0x0000000008009454       0x24 ./Src/usb/usbd_conf.o
                0x0000000008009454                HAL_PCD_ISOINIncompleteCallback
 .text.HAL_PCD_ConnectCallback
                0x0000000008009478       0x1c ./Src/usb/usbd_conf.o
                0x0000000008009478                HAL_PCD_ConnectCallback
 .text.HAL_PCD_DisconnectCallback
                0x0000000008009494       0x1c ./Src/usb/usbd_conf.o
                0x0000000008009494                HAL_PCD_DisconnectCallback
 .text.USBD_LL_Init
                0x00000000080094b0       0xa8 ./Src/usb/usbd_conf.o
                0x00000000080094b0                USBD_LL_Init
 .text.USBD_LL_Start
                0x0000000008009558       0x64 ./Src/usb/usbd_conf.o
                0x0000000008009558                USBD_LL_Start
 .text.USBD_LL_OpenEP
                0x00000000080095bc       0x7c ./Src/usb/usbd_conf.o
                0x00000000080095bc                USBD_LL_OpenEP
 .text.USBD_LL_CloseEP
                0x0000000008009638       0x6c ./Src/usb/usbd_conf.o
                0x0000000008009638                USBD_LL_CloseEP
 .text.USBD_LL_StallEP
                0x00000000080096a4       0x6c ./Src/usb/usbd_conf.o
                0x00000000080096a4                USBD_LL_StallEP
 .text.USBD_LL_ClearStallEP
                0x0000000008009710       0x6c ./Src/usb/usbd_conf.o
                0x0000000008009710                USBD_LL_ClearStallEP
 .text.USBD_LL_IsStallEP
                0x000000000800977c       0x58 ./Src/usb/usbd_conf.o
                0x000000000800977c                USBD_LL_IsStallEP
 .text.USBD_LL_SetUSBAddress
                0x00000000080097d4       0x6c ./Src/usb/usbd_conf.o
                0x00000000080097d4                USBD_LL_SetUSBAddress
 .text.USBD_LL_Transmit
                0x0000000008009840       0x74 ./Src/usb/usbd_conf.o
                0x0000000008009840                USBD_LL_Transmit
 .text.USBD_LL_PrepareReceive
                0x00000000080098b4       0x74 ./Src/usb/usbd_conf.o
                0x00000000080098b4                USBD_LL_PrepareReceive
 .text.USBD_LL_GetRxDataSize
                0x0000000008009928       0x26 ./Src/usb/usbd_conf.o
                0x0000000008009928                USBD_LL_GetRxDataSize
 *fill*         0x000000000800994e        0x2 
 .text.USBD_FS_DeviceDescriptor
                0x0000000008009950       0x24 ./Src/usb/usbd_desc.o
                0x0000000008009950                USBD_FS_DeviceDescriptor
 .text.USBD_FS_LangIDStrDescriptor
                0x0000000008009974       0x24 ./Src/usb/usbd_desc.o
                0x0000000008009974                USBD_FS_LangIDStrDescriptor
 .text.USBD_FS_ProductStrDescriptor
                0x0000000008009998       0x3c ./Src/usb/usbd_desc.o
                0x0000000008009998                USBD_FS_ProductStrDescriptor
 .text.USBD_FS_ManufacturerStrDescriptor
                0x00000000080099d4       0x28 ./Src/usb/usbd_desc.o
                0x00000000080099d4                USBD_FS_ManufacturerStrDescriptor
 .text.USBD_FS_SerialStrDescriptor
                0x00000000080099fc       0x3c ./Src/usb/usbd_desc.o
                0x00000000080099fc                USBD_FS_SerialStrDescriptor
 .text.USBD_FS_ConfigStrDescriptor
                0x0000000008009a38       0x3c ./Src/usb/usbd_desc.o
                0x0000000008009a38                USBD_FS_ConfigStrDescriptor
 .text.USBD_FS_InterfaceStrDescriptor
                0x0000000008009a74       0x3c ./Src/usb/usbd_desc.o
                0x0000000008009a74                USBD_FS_InterfaceStrDescriptor
 .text.Reset_Handler
                0x0000000008009ab0       0x50 ./startup/startup_stm32f407xx.o
                0x0000000008009ab0                Reset_Handler
 .text.Default_Handler
                0x0000000008009b00        0x2 ./startup/startup_stm32f407xx.o
                0x0000000008009b00                RTC_Alarm_IRQHandler
                0x0000000008009b00                HASH_RNG_IRQHandler
                0x0000000008009b00                EXTI2_IRQHandler
                0x0000000008009b00                TIM8_CC_IRQHandler
                0x0000000008009b00                DebugMon_Handler
                0x0000000008009b00                TIM1_CC_IRQHandler
                0x0000000008009b00                DMA2_Stream5_IRQHandler
                0x0000000008009b00                HardFault_Handler
                0x0000000008009b00                DMA1_Stream5_IRQHandler
                0x0000000008009b00                PVD_IRQHandler
                0x0000000008009b00                SDIO_IRQHandler
                0x0000000008009b00                TAMP_STAMP_IRQHandler
                0x0000000008009b00                PendSV_Handler
                0x0000000008009b00                NMI_Handler
                0x0000000008009b00                CAN2_RX1_IRQHandler
                0x0000000008009b00                EXTI3_IRQHandler
                0x0000000008009b00                TIM8_TRG_COM_TIM14_IRQHandler
                0x0000000008009b00                TIM1_UP_TIM10_IRQHandler
                0x0000000008009b00                TIM8_UP_TIM13_IRQHandler
                0x0000000008009b00                I2C3_ER_IRQHandler
                0x0000000008009b00                EXTI0_IRQHandler
                0x0000000008009b00                I2C2_EV_IRQHandler
                0x0000000008009b00                DMA1_Stream2_IRQHandler
                0x0000000008009b00                CAN1_RX0_IRQHandler
                0x0000000008009b00                FPU_IRQHandler
                0x0000000008009b00                OTG_HS_WKUP_IRQHandler
                0x0000000008009b00                UsageFault_Handler
                0x0000000008009b00                CAN2_SCE_IRQHandler
                0x0000000008009b00                DMA2_Stream2_IRQHandler
                0x0000000008009b00                SPI1_IRQHandler
                0x0000000008009b00                TIM1_BRK_TIM9_IRQHandler
                0x0000000008009b00                DCMI_IRQHandler
                0x0000000008009b00                CAN2_RX0_IRQHandler
                0x0000000008009b00                DMA2_Stream3_IRQHandler
                0x0000000008009b00                USART6_IRQHandler
                0x0000000008009b00                USART3_IRQHandler
                0x0000000008009b00                CAN1_RX1_IRQHandler
                0x0000000008009b00                UART5_IRQHandler
                0x0000000008009b00                DMA2_Stream0_IRQHandler
                0x0000000008009b00                TIM4_IRQHandler
                0x0000000008009b00                I2C1_EV_IRQHandler
                0x0000000008009b00                DMA1_Stream6_IRQHandler
                0x0000000008009b00                DMA1_Stream1_IRQHandler
                0x0000000008009b00                UART4_IRQHandler
                0x0000000008009b00                TIM3_IRQHandler
                0x0000000008009b00                RCC_IRQHandler
                0x0000000008009b00                TIM8_BRK_TIM12_IRQHandler
                0x0000000008009b00                Default_Handler
                0x0000000008009b00                EXTI15_10_IRQHandler
                0x0000000008009b00                ADC_IRQHandler
                0x0000000008009b00                DMA1_Stream7_IRQHandler
                0x0000000008009b00                TIM7_IRQHandler
                0x0000000008009b00                CAN2_TX_IRQHandler
                0x0000000008009b00                TIM5_IRQHandler
                0x0000000008009b00                DMA2_Stream7_IRQHandler
                0x0000000008009b00                I2C3_EV_IRQHandler
                0x0000000008009b00                EXTI9_5_IRQHandler
                0x0000000008009b00                RTC_WKUP_IRQHandler
                0x0000000008009b00                ETH_WKUP_IRQHandler
                0x0000000008009b00                SPI2_IRQHandler
                0x0000000008009b00                OTG_HS_EP1_IN_IRQHandler
                0x0000000008009b00                MemManage_Handler
                0x0000000008009b00                DMA1_Stream0_IRQHandler
                0x0000000008009b00                CAN1_TX_IRQHandler
                0x0000000008009b00                SVC_Handler
                0x0000000008009b00                EXTI4_IRQHandler
                0x0000000008009b00                FSMC_IRQHandler
                0x0000000008009b00                ETH_IRQHandler
                0x0000000008009b00                OTG_HS_EP1_OUT_IRQHandler
                0x0000000008009b00                WWDG_IRQHandler
                0x0000000008009b00                TIM2_IRQHandler
                0x0000000008009b00                OTG_FS_WKUP_IRQHandler
                0x0000000008009b00                TIM1_TRG_COM_TIM11_IRQHandler
                0x0000000008009b00                OTG_HS_IRQHandler
                0x0000000008009b00                EXTI1_IRQHandler
                0x0000000008009b00                USART2_IRQHandler
                0x0000000008009b00                I2C2_ER_IRQHandler
                0x0000000008009b00                DMA2_Stream1_IRQHandler
                0x0000000008009b00                CAN1_SCE_IRQHandler
                0x0000000008009b00                FLASH_IRQHandler
                0x0000000008009b00                DMA2_Stream4_IRQHandler
                0x0000000008009b00                BusFault_Handler
                0x0000000008009b00                USART1_IRQHandler
                0x0000000008009b00                SPI3_IRQHandler
                0x0000000008009b00                DMA1_Stream4_IRQHandler
                0x0000000008009b00                I2C1_ER_IRQHandler
                0x0000000008009b00                DMA2_Stream6_IRQHandler
                0x0000000008009b00                DMA1_Stream3_IRQHandler
 *fill*         0x0000000008009b02        0x2 
 .text.__assert_func
                0x0000000008009b04       0x3c c:/st/stm32cubeide_1.10.1/stm32cubeide/plugins/com.st.stm32cube.ide.mcu.externaltools.gnu-tools-for-stm32.10.3-2021.10.win32_1.0.0.202111181127/tools/bin/../lib/gcc/arm-none-eabi/10.3.1/../../../../arm-none-eabi/lib/thumb/v7e-m+fp/hard\libc_nano.a(lib_a-assert.o)
                0x0000000008009b04                __assert_func
 .text.fprintf  0x0000000008009b40       0x24 c:/st/stm32cubeide_1.10.1/stm32cubeide/plugins/com.st.stm32cube.ide.mcu.externaltools.gnu-tools-for-stm32.10.3-2021.10.win32_1.0.0.202111181127/tools/bin/../lib/gcc/arm-none-eabi/10.3.1/../../../../arm-none-eabi/lib/thumb/v7e-m+fp/hard\libc_nano.a(lib_a-fprintf.o)
                0x0000000008009b40                fiprintf
                0x0000000008009b40                fprintf
 .text.__libc_init_array
                0x0000000008009b64       0x48 c:/st/stm32cubeide_1.10.1/stm32cubeide/plugins/com.st.stm32cube.ide.mcu.externaltools.gnu-tools-for-stm32.10.3-2021.10.win32_1.0.0.202111181127/tools/bin/../lib/gcc/arm-none-eabi/10.3.1/../../../../arm-none-eabi/lib/thumb/v7e-m+fp/hard\libc_nano.a(lib_a-init.o)
                0x0000000008009b64                __libc_init_array
 .text.malloc   0x0000000008009bac       0x10 c:/st/stm32cubeide_1.10.1/stm32cubeide/plugins/com.st.stm32cube.ide.mcu.externaltools.gnu-tools-for-stm32.10.3-2021.10.win32_1.0.0.202111181127/tools/bin/../lib/gcc/arm-none-eabi/10.3.1/../../../../arm-none-eabi/lib/thumb/v7e-m+fp/hard\libc_nano.a(lib_a-malloc.o)
                0x0000000008009bac                malloc
 .text.free     0x0000000008009bbc       0x10 c:/st/stm32cubeide_1.10.1/stm32cubeide/plugins/com.st.stm32cube.ide.mcu.externaltools.gnu-tools-for-stm32.10.3-2021.10.win32_1.0.0.202111181127/tools/bin/../lib/gcc/arm-none-eabi/10.3.1/../../../../arm-none-eabi/lib/thumb/v7e-m+fp/hard\libc_nano.a(lib_a-malloc.o)
                0x0000000008009bbc                free
 .text.memcpy   0x0000000008009bcc       0x1c c:/st/stm32cubeide_1.10.1/stm32cubeide/plugins/com.st.stm32cube.ide.mcu.externaltools.gnu-tools-for-stm32.10.3-2021.10.win32_1.0.0.202111181127/tools/bin/../lib/gcc/arm-none-eabi/10.3.1/../../../../arm-none-eabi/lib/thumb/v7e-m+fp/hard\libc_nano.a(lib_a-memcpy-stub.o)
                0x0000000008009bcc                memcpy
 .text.memset   0x0000000008009be8       0x10 c:/st/stm32cubeide_1.10.1/stm32cubeide/plugins/com.st.stm32cube.ide.mcu.externaltools.gnu-tools-for-stm32.10.3-2021.10.win32_1.0.0.202111181127/tools/bin/../lib/gcc/arm-none-eabi/10.3.1/../../../../arm-none-eabi/lib/thumb/v7e-m+fp/hard\libc_nano.a(lib_a-memset.o)
                0x0000000008009be8                memset
 .text._free_r  0x0000000008009bf8       0x98 c:/st/stm32cubeide_1.10.1/stm32cubeide/plugins/com.st.stm32cube.ide.mcu.externaltools.gnu-tools-for-stm32.10.3-2021.10.win32_1.0.0.202111181127/tools/bin/../lib/gcc/arm-none-eabi/10.3.1/../../../../arm-none-eabi/lib/thumb/v7e-m+fp/hard\libc_nano.a(lib_a-nano-freer.o)
                0x0000000008009bf8                _free_r
 .text.sbrk_aligned
                0x0000000008009c90       0x40 c:/st/stm32cubeide_1.10.1/stm32cubeide/plugins/com.st.stm32cube.ide.mcu.externaltools.gnu-tools-for-stm32.10.3-2021.10.win32_1.0.0.202111181127/tools/bin/../lib/gcc/arm-none-eabi/10.3.1/../../../../arm-none-eabi/lib/thumb/v7e-m+fp/hard\libc_nano.a(lib_a-nano-mallocr.o)
 .text._malloc_r
                0x0000000008009cd0       0xe8 c:/st/stm32cubeide_1.10.1/stm32cubeide/plugins/com.st.stm32cube.ide.mcu.externaltools.gnu-tools-for-stm32.10.3-2021.10.win32_1.0.0.202111181127/tools/bin/../lib/gcc/arm-none-eabi/10.3.1/../../../../arm-none-eabi/lib/thumb/v7e-m+fp/hard\libc_nano.a(lib_a-nano-mallocr.o)
                0x0000000008009cd0                _malloc_r
 .text.__sfputc_r
                0x0000000008009db8       0x2e c:/st/stm32cubeide_1.10.1/stm32cubeide/plugins/com.st.stm32cube.ide.mcu.externaltools.gnu-tools-for-stm32.10.3-2021.10.win32_1.0.0.202111181127/tools/bin/../lib/gcc/arm-none-eabi/10.3.1/../../../../arm-none-eabi/lib/thumb/v7e-m+fp/hard\libc_nano.a(lib_a-nano-vfprintf.o)
 .text.__sfputs_r
                0x0000000008009de6       0x24 c:/st/stm32cubeide_1.10.1/stm32cubeide/plugins/com.st.stm32cube.ide.mcu.externaltools.gnu-tools-for-stm32.10.3-2021.10.win32_1.0.0.202111181127/tools/bin/../lib/gcc/arm-none-eabi/10.3.1/../../../../arm-none-eabi/lib/thumb/v7e-m+fp/hard\libc_nano.a(lib_a-nano-vfprintf.o)
                0x0000000008009de6                __sfputs_r
 *fill*         0x0000000008009e0a        0x2 
 .text._vfprintf_r
                0x0000000008009e0c      0x260 c:/st/stm32cubeide_1.10.1/stm32cubeide/plugins/com.st.stm32cube.ide.mcu.externaltools.gnu-tools-for-stm32.10.3-2021.10.win32_1.0.0.202111181127/tools/bin/../lib/gcc/arm-none-eabi/10.3.1/../../../../arm-none-eabi/lib/thumb/v7e-m+fp/hard\libc_nano.a(lib_a-nano-vfprintf.o)
                0x0000000008009e0c                _vfprintf_r
                0x0000000008009e0c                _vfiprintf_r
 .text._printf_common
                0x000000000800a06c       0xda c:/st/stm32cubeide_1.10.1/stm32cubeide/plugins/com.st.stm32cube.ide.mcu.externaltools.gnu-tools-for-stm32.10.3-2021.10.win32_1.0.0.202111181127/tools/bin/../lib/gcc/arm-none-eabi/10.3.1/../../../../arm-none-eabi/lib/thumb/v7e-m+fp/hard\libc_nano.a(lib_a-nano-vfprintf_i.o)
                0x000000000800a06c                _printf_common
 *fill*         0x000000000800a146        0x2 
 .text._printf_i
                0x000000000800a148      0x24c c:/st/stm32cubeide_1.10.1/stm32cubeide/plugins/com.st.stm32cube.ide.mcu.externaltools.gnu-tools-for-stm32.10.3-2021.10.win32_1.0.0.202111181127/tools/bin/../lib/gcc/arm-none-eabi/10.3.1/../../../../arm-none-eabi/lib/thumb/v7e-m+fp/hard\libc_nano.a(lib_a-nano-vfprintf_i.o)
                0x000000000800a148                _printf_i
 .text.printf   0x000000000800a394       0x30 c:/st/stm32cubeide_1.10.1/stm32cubeide/plugins/com.st.stm32cube.ide.mcu.externaltools.gnu-tools-for-stm32.10.3-2021.10.win32_1.0.0.202111181127/tools/bin/../lib/gcc/arm-none-eabi/10.3.1/../../../../arm-none-eabi/lib/thumb/v7e-m+fp/hard\libc_nano.a(lib_a-printf.o)
                0x000000000800a394                iprintf
                0x000000000800a394                printf
 .text.putchar  0x000000000800a3c4       0x2c c:/st/stm32cubeide_1.10.1/stm32cubeide/plugins/com.st.stm32cube.ide.mcu.externaltools.gnu-tools-for-stm32.10.3-2021.10.win32_1.0.0.202111181127/tools/bin/../lib/gcc/arm-none-eabi/10.3.1/../../../../arm-none-eabi/lib/thumb/v7e-m+fp/hard\libc_nano.a(lib_a-putchar.o)
                0x000000000800a3c4                putchar
 .text._sbrk_r  0x000000000800a3f0       0x20 c:/st/stm32cubeide_1.10.1/stm32cubeide/plugins/com.st.stm32cube.ide.mcu.externaltools.gnu-tools-for-stm32.10.3-2021.10.win32_1.0.0.202111181127/tools/bin/../lib/gcc/arm-none-eabi/10.3.1/../../../../arm-none-eabi/lib/thumb/v7e-m+fp/hard\libc_nano.a(lib_a-sbrkr.o)
                0x000000000800a3f0                _sbrk_r
 .text.__swbuf_r
                0x000000000800a410       0xa4 c:/st/stm32cubeide_1.10.1/stm32cubeide/plugins/com.st.stm32cube.ide.mcu.externaltools.gnu-tools-for-stm32.10.3-2021.10.win32_1.0.0.202111181127/tools/bin/../lib/gcc/arm-none-eabi/10.3.1/../../../../arm-none-eabi/lib/thumb/v7e-m+fp/hard\libc_nano.a(lib_a-wbuf.o)
                0x000000000800a410                __swbuf_r
 .text.__swsetup_r
                0x000000000800a4b4       0xdc c:/st/stm32cubeide_1.10.1/stm32cubeide/plugins/com.st.stm32cube.ide.mcu.externaltools.gnu-tools-for-stm32.10.3-2021.10.win32_1.0.0.202111181127/tools/bin/../lib/gcc/arm-none-eabi/10.3.1/../../../../arm-none-eabi/lib/thumb/v7e-m+fp/hard\libc_nano.a(lib_a-wsetup.o)
                0x000000000800a4b4                __swsetup_r
 .text.abort    0x000000000800a590        0xe c:/st/stm32cubeide_1.10.1/stm32cubeide/plugins/com.st.stm32cube.ide.mcu.externaltools.gnu-tools-for-stm32.10.3-2021.10.win32_1.0.0.202111181127/tools/bin/../lib/gcc/arm-none-eabi/10.3.1/../../../../arm-none-eabi/lib/thumb/v7e-m+fp/hard\libc_nano.a(lib_a-abort.o)
                0x000000000800a590                abort
 *fill*         0x000000000800a59e        0x2 
 .text.__sflush_r
                0x000000000800a5a0      0x10c c:/st/stm32cubeide_1.10.1/stm32cubeide/plugins/com.st.stm32cube.ide.mcu.externaltools.gnu-tools-for-stm32.10.3-2021.10.win32_1.0.0.202111181127/tools/bin/../lib/gcc/arm-none-eabi/10.3.1/../../../../arm-none-eabi/lib/thumb/v7e-m+fp/hard\libc_nano.a(lib_a-fflush.o)
                0x000000000800a5a0                __sflush_r
 .text._fflush_r
                0x000000000800a6ac       0x78 c:/st/stm32cubeide_1.10.1/stm32cubeide/plugins/com.st.stm32cube.ide.mcu.externaltools.gnu-tools-for-stm32.10.3-2021.10.win32_1.0.0.202111181127/tools/bin/../lib/gcc/arm-none-eabi/10.3.1/../../../../arm-none-eabi/lib/thumb/v7e-m+fp/hard\libc_nano.a(lib_a-fflush.o)
                0x000000000800a6ac                _fflush_r
 .text.std      0x000000000800a724       0x48 c:/st/stm32cubeide_1.10.1/stm32cubeide/plugins/com.st.stm32cube.ide.mcu.externaltools.gnu-tools-for-stm32.10.3-2021.10.win32_1.0.0.202111181127/tools/bin/../lib/gcc/arm-none-eabi/10.3.1/../../../../arm-none-eabi/lib/thumb/v7e-m+fp/hard\libc_nano.a(lib_a-findfp.o)
 .text._cleanup_r
                0x000000000800a76c        0xc c:/st/stm32cubeide_1.10.1/stm32cubeide/plugins/com.st.stm32cube.ide.mcu.externaltools.gnu-tools-for-stm32.10.3-2021.10.win32_1.0.0.202111181127/tools/bin/../lib/gcc/arm-none-eabi/10.3.1/../../../../arm-none-eabi/lib/thumb/v7e-m+fp/hard\libc_nano.a(lib_a-findfp.o)
                0x000000000800a76c                _cleanup_r
 .text.__sfmoreglue
                0x000000000800a778       0x2c c:/st/stm32cubeide_1.10.1/stm32cubeide/plugins/com.st.stm32cube.ide.mcu.externaltools.gnu-tools-for-stm32.10.3-2021.10.win32_1.0.0.202111181127/tools/bin/../lib/gcc/arm-none-eabi/10.3.1/../../../../arm-none-eabi/lib/thumb/v7e-m+fp/hard\libc_nano.a(lib_a-findfp.o)
                0x000000000800a778                __sfmoreglue
 .text.__sfp_lock_acquire
                0x000000000800a7a4        0xc c:/st/stm32cubeide_1.10.1/stm32cubeide/plugins/com.st.stm32cube.ide.mcu.externaltools.gnu-tools-for-stm32.10.3-2021.10.win32_1.0.0.202111181127/tools/bin/../lib/gcc/arm-none-eabi/10.3.1/../../../../arm-none-eabi/lib/thumb/v7e-m+fp/hard\libc_nano.a(lib_a-findfp.o)
                0x000000000800a7a4                __sfp_lock_acquire
 .text.__sfp_lock_release
                0x000000000800a7b0        0xc c:/st/stm32cubeide_1.10.1/stm32cubeide/plugins/com.st.stm32cube.ide.mcu.externaltools.gnu-tools-for-stm32.10.3-2021.10.win32_1.0.0.202111181127/tools/bin/../lib/gcc/arm-none-eabi/10.3.1/../../../../arm-none-eabi/lib/thumb/v7e-m+fp/hard\libc_nano.a(lib_a-findfp.o)
                0x000000000800a7b0                __sfp_lock_release
 .text.__sinit_lock_acquire
                0x000000000800a7bc        0xc c:/st/stm32cubeide_1.10.1/stm32cubeide/plugins/com.st.stm32cube.ide.mcu.externaltools.gnu-tools-for-stm32.10.3-2021.10.win32_1.0.0.202111181127/tools/bin/../lib/gcc/arm-none-eabi/10.3.1/../../../../arm-none-eabi/lib/thumb/v7e-m+fp/hard\libc_nano.a(lib_a-findfp.o)
                0x000000000800a7bc                __sinit_lock_acquire
 .text.__sinit_lock_release
                0x000000000800a7c8        0xc c:/st/stm32cubeide_1.10.1/stm32cubeide/plugins/com.st.stm32cube.ide.mcu.externaltools.gnu-tools-for-stm32.10.3-2021.10.win32_1.0.0.202111181127/tools/bin/../lib/gcc/arm-none-eabi/10.3.1/../../../../arm-none-eabi/lib/thumb/v7e-m+fp/hard\libc_nano.a(lib_a-findfp.o)
                0x000000000800a7c8                __sinit_lock_release
 .text.__sinit  0x000000000800a7d4       0x70 c:/st/stm32cubeide_1.10.1/stm32cubeide/plugins/com.st.stm32cube.ide.mcu.externaltools.gnu-tools-for-stm32.10.3-2021.10.win32_1.0.0.202111181127/tools/bin/../lib/gcc/arm-none-eabi/10.3.1/../../../../arm-none-eabi/lib/thumb/v7e-m+fp/hard\libc_nano.a(lib_a-findfp.o)
                0x000000000800a7d4                __sinit
 .text.__sfp    0x000000000800a844       0x8c c:/st/stm32cubeide_1.10.1/stm32cubeide/plugins/com.st.stm32cube.ide.mcu.externaltools.gnu-tools-for-stm32.10.3-2021.10.win32_1.0.0.202111181127/tools/bin/../lib/gcc/arm-none-eabi/10.3.1/../../../../arm-none-eabi/lib/thumb/v7e-m+fp/hard\libc_nano.a(lib_a-findfp.o)
                0x000000000800a844                __sfp
 .text._fwalk_reent
                0x000000000800a8d0       0x3e c:/st/stm32cubeide_1.10.1/stm32cubeide/plugins/com.st.stm32cube.ide.mcu.externaltools.gnu-tools-for-stm32.10.3-2021.10.win32_1.0.0.202111181127/tools/bin/../lib/gcc/arm-none-eabi/10.3.1/../../../../arm-none-eabi/lib/thumb/v7e-m+fp/hard\libc_nano.a(lib_a-fwalk.o)
                0x000000000800a8d0                _fwalk_reent
 .text.__retarget_lock_init_recursive
                0x000000000800a90e        0x2 c:/st/stm32cubeide_1.10.1/stm32cubeide/plugins/com.st.stm32cube.ide.mcu.externaltools.gnu-tools-for-stm32.10.3-2021.10.win32_1.0.0.202111181127/tools/bin/../lib/gcc/arm-none-eabi/10.3.1/../../../../arm-none-eabi/lib/thumb/v7e-m+fp/hard\libc_nano.a(lib_a-lock.o)
                0x000000000800a90e                __retarget_lock_init_recursive
 .text.__retarget_lock_acquire_recursive
                0x000000000800a910        0x2 c:/st/stm32cubeide_1.10.1/stm32cubeide/plugins/com.st.stm32cube.ide.mcu.externaltools.gnu-tools-for-stm32.10.3-2021.10.win32_1.0.0.202111181127/tools/bin/../lib/gcc/arm-none-eabi/10.3.1/../../../../arm-none-eabi/lib/thumb/v7e-m+fp/hard\libc_nano.a(lib_a-lock.o)
                0x000000000800a910                __retarget_lock_acquire_recursive
 .text.__retarget_lock_release_recursive
                0x000000000800a912        0x2 c:/st/stm32cubeide_1.10.1/stm32cubeide/plugins/com.st.stm32cube.ide.mcu.externaltools.gnu-tools-for-stm32.10.3-2021.10.win32_1.0.0.202111181127/tools/bin/../lib/gcc/arm-none-eabi/10.3.1/../../../../arm-none-eabi/lib/thumb/v7e-m+fp/hard\libc_nano.a(lib_a-lock.o)
                0x000000000800a912                __retarget_lock_release_recursive
 .text.__swhatbuf_r
                0x000000000800a914       0x4a c:/st/stm32cubeide_1.10.1/stm32cubeide/plugins/com.st.stm32cube.ide.mcu.externaltools.gnu-tools-for-stm32.10.3-2021.10.win32_1.0.0.202111181127/tools/bin/../lib/gcc/arm-none-eabi/10.3.1/../../../../arm-none-eabi/lib/thumb/v7e-m+fp/hard\libc_nano.a(lib_a-makebuf.o)
                0x000000000800a914                __swhatbuf_r
 *fill*         0x000000000800a95e        0x2 
 .text.__smakebuf_r
                0x000000000800a960       0x80 c:/st/stm32cubeide_1.10.1/stm32cubeide/plugins/com.st.stm32cube.ide.mcu.externaltools.gnu-tools-for-stm32.10.3-2021.10.win32_1.0.0.202111181127/tools/bin/../lib/gcc/arm-none-eabi/10.3.1/../../../../arm-none-eabi/lib/thumb/v7e-m+fp/hard\libc_nano.a(lib_a-makebuf.o)
                0x000000000800a960                __smakebuf_r
 .text.__malloc_lock
                0x000000000800a9e0        0xc c:/st/stm32cubeide_1.10.1/stm32cubeide/plugins/com.st.stm32cube.ide.mcu.externaltools.gnu-tools-for-stm32.10.3-2021.10.win32_1.0.0.202111181127/tools/bin/../lib/gcc/arm-none-eabi/10.3.1/../../../../arm-none-eabi/lib/thumb/v7e-m+fp/hard\libc_nano.a(lib_a-mlock.o)
                0x000000000800a9e0                __malloc_lock
 .text.__malloc_unlock
                0x000000000800a9ec        0xc c:/st/stm32cubeide_1.10.1/stm32cubeide/plugins/com.st.stm32cube.ide.mcu.externaltools.gnu-tools-for-stm32.10.3-2021.10.win32_1.0.0.202111181127/tools/bin/../lib/gcc/arm-none-eabi/10.3.1/../../../../arm-none-eabi/lib/thumb/v7e-m+fp/hard\libc_nano.a(lib_a-mlock.o)
                0x000000000800a9ec                __malloc_unlock
 .text._putc_r  0x000000000800a9f8       0x90 c:/st/stm32cubeide_1.10.1/stm32cubeide/plugins/com.st.stm32cube.ide.mcu.externaltools.gnu-tools-for-stm32.10.3-2021.10.win32_1.0.0.202111181127/tools/bin/../lib/gcc/arm-none-eabi/10.3.1/../../../../arm-none-eabi/lib/thumb/v7e-m+fp/hard\libc_nano.a(lib_a-putc.o)
                0x000000000800a9f8                _putc_r
 .text._raise_r
                0x000000000800aa88       0x50 c:/st/stm32cubeide_1.10.1/stm32cubeide/plugins/com.st.stm32cube.ide.mcu.externaltools.gnu-tools-for-stm32.10.3-2021.10.win32_1.0.0.202111181127/tools/bin/../lib/gcc/arm-none-eabi/10.3.1/../../../../arm-none-eabi/lib/thumb/v7e-m+fp/hard\libc_nano.a(lib_a-signal.o)
                0x000000000800aa88                _raise_r
 .text.raise    0x000000000800aad8       0x10 c:/st/stm32cubeide_1.10.1/stm32cubeide/plugins/com.st.stm32cube.ide.mcu.externaltools.gnu-tools-for-stm32.10.3-2021.10.win32_1.0.0.202111181127/tools/bin/../lib/gcc/arm-none-eabi/10.3.1/../../../../arm-none-eabi/lib/thumb/v7e-m+fp/hard\libc_nano.a(lib_a-signal.o)
                0x000000000800aad8                raise
 .text._kill_r  0x000000000800aae8       0x24 c:/st/stm32cubeide_1.10.1/stm32cubeide/plugins/com.st.stm32cube.ide.mcu.externaltools.gnu-tools-for-stm32.10.3-2021.10.win32_1.0.0.202111181127/tools/bin/../lib/gcc/arm-none-eabi/10.3.1/../../../../arm-none-eabi/lib/thumb/v7e-m+fp/hard\libc_nano.a(lib_a-signalr.o)
                0x000000000800aae8                _kill_r
 .text._getpid_r
                0x000000000800ab0c        0x4 c:/st/stm32cubeide_1.10.1/stm32cubeide/plugins/com.st.stm32cube.ide.mcu.externaltools.gnu-tools-for-stm32.10.3-2021.10.win32_1.0.0.202111181127/tools/bin/../lib/gcc/arm-none-eabi/10.3.1/../../../../arm-none-eabi/lib/thumb/v7e-m+fp/hard\libc_nano.a(lib_a-signalr.o)
                0x000000000800ab0c                _getpid_r
 .text.__sread  0x000000000800ab10       0x22 c:/st/stm32cubeide_1.10.1/stm32cubeide/plugins/com.st.stm32cube.ide.mcu.externaltools.gnu-tools-for-stm32.10.3-2021.10.win32_1.0.0.202111181127/tools/bin/../lib/gcc/arm-none-eabi/10.3.1/../../../../arm-none-eabi/lib/thumb/v7e-m+fp/hard\libc_nano.a(lib_a-stdio.o)
                0x000000000800ab10                __sread
 .text.__swrite
                0x000000000800ab32       0x38 c:/st/stm32cubeide_1.10.1/stm32cubeide/plugins/com.st.stm32cube.ide.mcu.externaltools.gnu-tools-for-stm32.10.3-2021.10.win32_1.0.0.202111181127/tools/bin/../lib/gcc/arm-none-eabi/10.3.1/../../../../arm-none-eabi/lib/thumb/v7e-m+fp/hard\libc_nano.a(lib_a-stdio.o)
                0x000000000800ab32                __swrite
 .text.__sseek  0x000000000800ab6a       0x24 c:/st/stm32cubeide_1.10.1/stm32cubeide/plugins/com.st.stm32cube.ide.mcu.externaltools.gnu-tools-for-stm32.10.3-2021.10.win32_1.0.0.202111181127/tools/bin/../lib/gcc/arm-none-eabi/10.3.1/../../../../arm-none-eabi/lib/thumb/v7e-m+fp/hard\libc_nano.a(lib_a-stdio.o)
                0x000000000800ab6a                __sseek
 .text.__sclose
                0x000000000800ab8e        0x8 c:/st/stm32cubeide_1.10.1/stm32cubeide/plugins/com.st.stm32cube.ide.mcu.externaltools.gnu-tools-for-stm32.10.3-2021.10.win32_1.0.0.202111181127/tools/bin/../lib/gcc/arm-none-eabi/10.3.1/../../../../arm-none-eabi/lib/thumb/v7e-m+fp/hard\libc_nano.a(lib_a-stdio.o)
                0x000000000800ab8e                __sclose
 *fill*         0x000000000800ab96        0x2 
 .text._write_r
                0x000000000800ab98       0x24 c:/st/stm32cubeide_1.10.1/stm32cubeide/plugins/com.st.stm32cube.ide.mcu.externaltools.gnu-tools-for-stm32.10.3-2021.10.win32_1.0.0.202111181127/tools/bin/../lib/gcc/arm-none-eabi/10.3.1/../../../../arm-none-eabi/lib/thumb/v7e-m+fp/hard\libc_nano.a(lib_a-writer.o)
                0x000000000800ab98                _write_r
 .text._close_r
                0x000000000800abbc       0x20 c:/st/stm32cubeide_1.10.1/stm32cubeide/plugins/com.st.stm32cube.ide.mcu.externaltools.gnu-tools-for-stm32.10.3-2021.10.win32_1.0.0.202111181127/tools/bin/../lib/gcc/arm-none-eabi/10.3.1/../../../../arm-none-eabi/lib/thumb/v7e-m+fp/hard\libc_nano.a(lib_a-closer.o)
                0x000000000800abbc                _close_r
 .text._fstat_r
                0x000000000800abdc       0x24 c:/st/stm32cubeide_1.10.1/stm32cubeide/plugins/com.st.stm32cube.ide.mcu.externaltools.gnu-tools-for-stm32.10.3-2021.10.win32_1.0.0.202111181127/tools/bin/../lib/gcc/arm-none-eabi/10.3.1/../../../../arm-none-eabi/lib/thumb/v7e-m+fp/hard\libc_nano.a(lib_a-fstatr.o)
                0x000000000800abdc                _fstat_r
 .text._isatty_r
                0x000000000800ac00       0x20 c:/st/stm32cubeide_1.10.1/stm32cubeide/plugins/com.st.stm32cube.ide.mcu.externaltools.gnu-tools-for-stm32.10.3-2021.10.win32_1.0.0.202111181127/tools/bin/../lib/gcc/arm-none-eabi/10.3.1/../../../../arm-none-eabi/lib/thumb/v7e-m+fp/hard\libc_nano.a(lib_a-isattyr.o)
                0x000000000800ac00                _isatty_r
 .text._lseek_r
                0x000000000800ac20       0x24 c:/st/stm32cubeide_1.10.1/stm32cubeide/plugins/com.st.stm32cube.ide.mcu.externaltools.gnu-tools-for-stm32.10.3-2021.10.win32_1.0.0.202111181127/tools/bin/../lib/gcc/arm-none-eabi/10.3.1/../../../../arm-none-eabi/lib/thumb/v7e-m+fp/hard\libc_nano.a(lib_a-lseekr.o)
                0x000000000800ac20                _lseek_r
 .text._read_r  0x000000000800ac44       0x24 c:/st/stm32cubeide_1.10.1/stm32cubeide/plugins/com.st.stm32cube.ide.mcu.externaltools.gnu-tools-for-stm32.10.3-2021.10.win32_1.0.0.202111181127/tools/bin/../lib/gcc/arm-none-eabi/10.3.1/../../../../arm-none-eabi/lib/thumb/v7e-m+fp/hard\libc_nano.a(lib_a-readr.o)
                0x000000000800ac44                _read_r
 .text._close   0x000000000800ac68       0x10 c:/st/stm32cubeide_1.10.1/stm32cubeide/plugins/com.st.stm32cube.ide.mcu.externaltools.gnu-tools-for-stm32.10.3-2021.10.win32_1.0.0.202111181127/tools/bin/../lib/gcc/arm-none-eabi/10.3.1/../../../../arm-none-eabi/lib/thumb/v7e-m+fp/hard\libnosys.a(close.o)
                0x000000000800ac68                _close
 .text._fstat   0x000000000800ac78       0x10 c:/st/stm32cubeide_1.10.1/stm32cubeide/plugins/com.st.stm32cube.ide.mcu.externaltools.gnu-tools-for-stm32.10.3-2021.10.win32_1.0.0.202111181127/tools/bin/../lib/gcc/arm-none-eabi/10.3.1/../../../../arm-none-eabi/lib/thumb/v7e-m+fp/hard\libnosys.a(fstat.o)
                0x000000000800ac78                _fstat
 .text._getpid  0x000000000800ac88       0x10 c:/st/stm32cubeide_1.10.1/stm32cubeide/plugins/com.st.stm32cube.ide.mcu.externaltools.gnu-tools-for-stm32.10.3-2021.10.win32_1.0.0.202111181127/tools/bin/../lib/gcc/arm-none-eabi/10.3.1/../../../../arm-none-eabi/lib/thumb/v7e-m+fp/hard\libnosys.a(getpid.o)
                0x000000000800ac88                _getpid
 .text._isatty  0x000000000800ac98       0x10 c:/st/stm32cubeide_1.10.1/stm32cubeide/plugins/com.st.stm32cube.ide.mcu.externaltools.gnu-tools-for-stm32.10.3-2021.10.win32_1.0.0.202111181127/tools/bin/../lib/gcc/arm-none-eabi/10.3.1/../../../../arm-none-eabi/lib/thumb/v7e-m+fp/hard\libnosys.a(isatty.o)
                0x000000000800ac98                _isatty
 .text._kill    0x000000000800aca8       0x10 c:/st/stm32cubeide_1.10.1/stm32cubeide/plugins/com.st.stm32cube.ide.mcu.externaltools.gnu-tools-for-stm32.10.3-2021.10.win32_1.0.0.202111181127/tools/bin/../lib/gcc/arm-none-eabi/10.3.1/../../../../arm-none-eabi/lib/thumb/v7e-m+fp/hard\libnosys.a(kill.o)
                0x000000000800aca8                _kill
 .text._lseek   0x000000000800acb8       0x10 c:/st/stm32cubeide_1.10.1/stm32cubeide/plugins/com.st.stm32cube.ide.mcu.externaltools.gnu-tools-for-stm32.10.3-2021.10.win32_1.0.0.202111181127/tools/bin/../lib/gcc/arm-none-eabi/10.3.1/../../../../arm-none-eabi/lib/thumb/v7e-m+fp/hard\libnosys.a(lseek.o)
                0x000000000800acb8                _lseek
 .text._read    0x000000000800acc8       0x10 c:/st/stm32cubeide_1.10.1/stm32cubeide/plugins/com.st.stm32cube.ide.mcu.externaltools.gnu-tools-for-stm32.10.3-2021.10.win32_1.0.0.202111181127/tools/bin/../lib/gcc/arm-none-eabi/10.3.1/../../../../arm-none-eabi/lib/thumb/v7e-m+fp/hard\libnosys.a(read.o)
                0x000000000800acc8                _read
 .text._sbrk    0x000000000800acd8       0x1c c:/st/stm32cubeide_1.10.1/stm32cubeide/plugins/com.st.stm32cube.ide.mcu.externaltools.gnu-tools-for-stm32.10.3-2021.10.win32_1.0.0.202111181127/tools/bin/../lib/gcc/arm-none-eabi/10.3.1/../../../../arm-none-eabi/lib/thumb/v7e-m+fp/hard\libnosys.a(sbrk.o)
                0x000000000800acd8                _sbrk
 .text._write   0x000000000800acf4       0x10 c:/st/stm32cubeide_1.10.1/stm32cubeide/plugins/com.st.stm32cube.ide.mcu.externaltools.gnu-tools-for-stm32.10.3-2021.10.win32_1.0.0.202111181127/tools/bin/../lib/gcc/arm-none-eabi/10.3.1/../../../../arm-none-eabi/lib/thumb/v7e-m+fp/hard\libnosys.a(write.o)
                0x000000000800acf4                _write
 .text._exit    0x000000000800ad04        0x2 c:/st/stm32cubeide_1.10.1/stm32cubeide/plugins/com.st.stm32cube.ide.mcu.externaltools.gnu-tools-for-stm32.10.3-2021.10.win32_1.0.0.202111181127/tools/bin/../lib/gcc/arm-none-eabi/10.3.1/../../../../arm-none-eabi/lib/thumb/v7e-m+fp/hard\libnosys.a(_exit.o)
                0x000000000800ad04                _exit
 *(.glue_7)
 .glue_7        0x000000000800ad06        0x0 linker stubs
 *(.glue_7t)
 .glue_7t       0x000000000800ad06        0x0 linker stubs
 *(.eh_frame)
 *fill*         0x000000000800ad06        0x2 
 .eh_frame      0x000000000800ad08        0x0 c:/st/stm32cubeide_1.10.1/stm32cubeide/plugins/com.st.stm32cube.ide.mcu.externaltools.gnu-tools-for-stm32.10.3-2021.10.win32_1.0.0.202111181127/tools/bin/../lib/gcc/arm-none-eabi/10.3.1/thumb/v7e-m+fp/hard/crtbegin.o
 *(.init)
 .init          0x000000000800ad08        0x4 c:/st/stm32cubeide_1.10.1/stm32cubeide/plugins/com.st.stm32cube.ide.mcu.externaltools.gnu-tools-for-stm32.10.3-2021.10.win32_1.0.0.202111181127/tools/bin/../lib/gcc/arm-none-eabi/10.3.1/thumb/v7e-m+fp/hard/crti.o
                0x000000000800ad08                _init
 .init          0x000000000800ad0c        0x8 c:/st/stm32cubeide_1.10.1/stm32cubeide/plugins/com.st.stm32cube.ide.mcu.externaltools.gnu-tools-for-stm32.10.3-2021.10.win32_1.0.0.202111181127/tools/bin/../lib/gcc/arm-none-eabi/10.3.1/thumb/v7e-m+fp/hard/crtn.o
 *(.fini)
 .fini          0x000000000800ad14        0x4 c:/st/stm32cubeide_1.10.1/stm32cubeide/plugins/com.st.stm32cube.ide.mcu.externaltools.gnu-tools-for-stm32.10.3-2021.10.win32_1.0.0.202111181127/tools/bin/../lib/gcc/arm-none-eabi/10.3.1/thumb/v7e-m+fp/hard/crti.o
                0x000000000800ad14                _fini
 .fini          0x000000000800ad18        0x8 c:/st/stm32cubeide_1.10.1/stm32cubeide/plugins/com.st.stm32cube.ide.mcu.externaltools.gnu-tools-for-stm32.10.3-2021.10.win32_1.0.0.202111181127/tools/bin/../lib/gcc/arm-none-eabi/10.3.1/thumb/v7e-m+fp/hard/crtn.o
                0x000000000800ad20                . = ALIGN (0x4)
                0x000000000800ad20                _etext = .

.vfp11_veneer   0x000000000800ad20        0x0
 .vfp11_veneer  0x000000000800ad20        0x0 linker stubs

.v4_bx          0x000000000800ad20        0x0
 .v4_bx         0x000000000800ad20        0x0 linker stubs

.iplt           0x000000000800ad20        0x0
 .iplt          0x000000000800ad20        0x0 c:/st/stm32cubeide_1.10.1/stm32cubeide/plugins/com.st.stm32cube.ide.mcu.externaltools.gnu-tools-for-stm32.10.3-2021.10.win32_1.0.0.202111181127/tools/bin/../lib/gcc/arm-none-eabi/10.3.1/thumb/v7e-m+fp/hard/crtbegin.o

.rodata         0x000000000800ad20      0x294
                0x000000000800ad20                . = ALIGN (0x4)
 *(.rodata)
 .rodata        0x000000000800ad20       0x35 ./Middlewares/ST/STM32_USB_Device_Library/Core/Src/usbd_core.o
 *fill*         0x000000000800ad55        0x3 
 .rodata        0x000000000800ad58       0x18 ./Src/controller.o
 .rodata        0x000000000800ad70        0xe ./Src/main.o
 *fill*         0x000000000800ad7e        0x2 
 .rodata        0x000000000800ad80       0x11 ./Src/json/json_led.o
 *fill*         0x000000000800ad91        0x3 
 .rodata        0x000000000800ad94       0x55 ./Src/json/json_main_object.o
 *fill*         0x000000000800ade9        0x3 
 .rodata        0x000000000800adec       0x39 ./Src/json/json_pattern.o
 *fill*         0x000000000800ae25        0x3 
 .rodata        0x000000000800ae28        0x5 ./Src/json/json_pattern_data.o
 *fill*         0x000000000800ae2d        0x3 
 .rodata        0x000000000800ae30       0x15 ./Src/json/json_sequence.o
 *fill*         0x000000000800ae45        0x3 
 .rodata        0x000000000800ae48       0x17 ./Src/usb/usbd_conf.o
 *fill*         0x000000000800ae5f        0x1 
 .rodata        0x000000000800ae60       0x56 ./Src/usb/usbd_desc.o
 *(.rodata*)
 *fill*         0x000000000800aeb6        0x2 
 .rodata.__func__.0
                0x000000000800aeb8        0xf ./Src/controller.o
 *fill*         0x000000000800aec7        0x1 
 .rodata.AHBPrescTable
                0x000000000800aec8       0x10 ./Src/hal/system_stm32f4xx.o
                0x000000000800aec8                AHBPrescTable
 .rodata.APBPrescTable
                0x000000000800aed8        0x8 ./Src/hal/system_stm32f4xx.o
                0x000000000800aed8                APBPrescTable
 .rodata.__assert_func.str1.1
                0x000000000800aee0       0x3c c:/st/stm32cubeide_1.10.1/stm32cubeide/plugins/com.st.stm32cube.ide.mcu.externaltools.gnu-tools-for-stm32.10.3-2021.10.win32_1.0.0.202111181127/tools/bin/../lib/gcc/arm-none-eabi/10.3.1/../../../../arm-none-eabi/lib/thumb/v7e-m+fp/hard\libc_nano.a(lib_a-assert.o)
                                         0x3d (size before relaxing)
 .rodata._global_impure_ptr
                0x000000000800af1c        0x4 c:/st/stm32cubeide_1.10.1/stm32cubeide/plugins/com.st.stm32cube.ide.mcu.externaltools.gnu-tools-for-stm32.10.3-2021.10.win32_1.0.0.202111181127/tools/bin/../lib/gcc/arm-none-eabi/10.3.1/../../../../arm-none-eabi/lib/thumb/v7e-m+fp/hard\libc_nano.a(lib_a-impure.o)
                0x000000000800af1c                _global_impure_ptr
 .rodata._vfprintf_r.str1.1
                0x000000000800af20       0x11 c:/st/stm32cubeide_1.10.1/stm32cubeide/plugins/com.st.stm32cube.ide.mcu.externaltools.gnu-tools-for-stm32.10.3-2021.10.win32_1.0.0.202111181127/tools/bin/../lib/gcc/arm-none-eabi/10.3.1/../../../../arm-none-eabi/lib/thumb/v7e-m+fp/hard\libc_nano.a(lib_a-nano-vfprintf.o)
 .rodata._printf_i.str1.1