Archive member included to satisfy reference by file (symbol)

c:/program files (x86)/atollic/truestudio for stm32 9.3.0/armtools/bin/../lib/gcc/arm-atollic-eabi/6.3.1/../../../../arm-atollic-eabi/lib/armv7e-m/fpu\libc_nano.a(lib_a-assert.o)
                              Src\controller.o (__assert_func)
c:/program files (x86)/atollic/truestudio for stm32 9.3.0/armtools/bin/../lib/gcc/arm-atollic-eabi/6.3.1/../../../../arm-atollic-eabi/lib/armv7e-m/fpu\libc_nano.a(lib_a-fprintf.o)
                              c:/program files (x86)/atollic/truestudio for stm32 9.3.0/armtools/bin/../lib/gcc/arm-atollic-eabi/6.3.1/../../../../arm-atollic-eabi/lib/armv7e-m/fpu\libc_nano.a(lib_a-assert.o) (fiprintf)
c:/program files (x86)/atollic/truestudio for stm32 9.3.0/armtools/bin/../lib/gcc/arm-atollic-eabi/6.3.1/../../../../arm-atollic-eabi/lib/armv7e-m/fpu\libc_nano.a(lib_a-impure.o)
                              c:/program files (x86)/atollic/truestudio for stm32 9.3.0/armtools/bin/../lib/gcc/arm-atollic-eabi/6.3.1/../../../../arm-atollic-eabi/lib/armv7e-m/fpu\libc_nano.a(lib_a-assert.o) (_impure_ptr)
c:/program files (x86)/atollic/truestudio for stm32 9.3.0/armtools/bin/../lib/gcc/arm-atollic-eabi/6.3.1/../../../../arm-atollic-eabi/lib/armv7e-m/fpu\libc_nano.a(lib_a-init.o)
                              startup\startup_stm32f407xx.o (__libc_init_array)
c:/program files (x86)/atollic/truestudio for stm32 9.3.0/armtools/bin/../lib/gcc/arm-atollic-eabi/6.3.1/../../../../arm-atollic-eabi/lib/armv7e-m/fpu\libc_nano.a(lib_a-malloc.o)
                              Middlewares\ST\STM32_USB_Device_Library\Class\CDC\Src\usbd_cdc.o (malloc)
c:/program files (x86)/atollic/truestudio for stm32 9.3.0/armtools/bin/../lib/gcc/arm-atollic-eabi/6.3.1/../../../../arm-atollic-eabi/lib/armv7e-m/fpu\libc_nano.a(lib_a-memcpy-stub.o)
                              Src\json\vcp_communication.o (memcpy)
c:/program files (x86)/atollic/truestudio for stm32 9.3.0/armtools/bin/../lib/gcc/arm-atollic-eabi/6.3.1/../../../../arm-atollic-eabi/lib/armv7e-m/fpu\libc_nano.a(lib_a-nano-freer.o)
                              c:/program files (x86)/atollic/truestudio for stm32 9.3.0/armtools/bin/../lib/gcc/arm-atollic-eabi/6.3.1/../../../../arm-atollic-eabi/lib/armv7e-m/fpu\libc_nano.a(lib_a-malloc.o) (_free_r)
c:/program files (x86)/atollic/truestudio for stm32 9.3.0/armtools/bin/../lib/gcc/arm-atollic-eabi/6.3.1/../../../../arm-atollic-eabi/lib/armv7e-m/fpu\libc_nano.a(lib_a-nano-mallocr.o)
                              c:/program files (x86)/atollic/truestudio for stm32 9.3.0/armtools/bin/../lib/gcc/arm-atollic-eabi/6.3.1/../../../../arm-atollic-eabi/lib/armv7e-m/fpu\libc_nano.a(lib_a-malloc.o) (_malloc_r)
c:/program files (x86)/atollic/truestudio for stm32 9.3.0/armtools/bin/../lib/gcc/arm-atollic-eabi/6.3.1/../../../../arm-atollic-eabi/lib/armv7e-m/fpu\libc_nano.a(lib_a-nano-vfprintf.o)
                              c:/program files (x86)/atollic/truestudio for stm32 9.3.0/armtools/bin/../lib/gcc/arm-atollic-eabi/6.3.1/../../../../arm-atollic-eabi/lib/armv7e-m/fpu\libc_nano.a(lib_a-fprintf.o) (_vfprintf_r)
c:/program files (x86)/atollic/truestudio for stm32 9.3.0/armtools/bin/../lib/gcc/arm-atollic-eabi/6.3.1/../../../../arm-atollic-eabi/lib/armv7e-m/fpu\libc_nano.a(lib_a-nano-vfprintf_i.o)
                              c:/program files (x86)/atollic/truestudio for stm32 9.3.0/armtools/bin/../lib/gcc/arm-atollic-eabi/6.3.1/../../../../arm-atollic-eabi/lib/armv7e-m/fpu\libc_nano.a(lib_a-nano-vfprintf.o) (_printf_i)
c:/program files (x86)/atollic/truestudio for stm32 9.3.0/armtools/bin/../lib/gcc/arm-atollic-eabi/6.3.1/../../../../arm-atollic-eabi/lib/armv7e-m/fpu\libc_nano.a(lib_a-printf.o)
                              Middlewares\ST\STM32_USB_Device_Library\Core\Src\usbd_core.o (printf)
c:/program files (x86)/atollic/truestudio for stm32 9.3.0/armtools/bin/../lib/gcc/arm-atollic-eabi/6.3.1/../../../../arm-atollic-eabi/lib/armv7e-m/fpu\libc_nano.a(lib_a-putchar.o)
                              Middlewares\ST\STM32_USB_Device_Library\Core\Src\usbd_core.o (putchar)
c:/program files (x86)/atollic/truestudio for stm32 9.3.0/armtools/bin/../lib/gcc/arm-atollic-eabi/6.3.1/../../../../arm-atollic-eabi/lib/armv7e-m/fpu\libc_nano.a(lib_a-sbrkr.o)
                              c:/program files (x86)/atollic/truestudio for stm32 9.3.0/armtools/bin/../lib/gcc/arm-atollic-eabi/6.3.1/../../../../arm-atollic-eabi/lib/armv7e-m/fpu\libc_nano.a(lib_a-nano-mallocr.o) (_sbrk_r)
c:/program files (x86)/atollic/truestudio for stm32 9.3.0/armtools/bin/../lib/gcc/arm-atollic-eabi/6.3.1/../../../../arm-atollic-eabi/lib/armv7e-m/fpu\libc_nano.a(lib_a-strcmp.o)
                              Src\json\json_led.o (strcmp)
c:/program files (x86)/atollic/truestudio for stm32 9.3.0/armtools/bin/../lib/gcc/arm-atollic-eabi/6.3.1/../../../../arm-atollic-eabi/lib/armv7e-m/fpu\libc_nano.a(lib_a-wbuf.o)
[...]
Memory Configuration

Name             Origin             Length             Attributes
RAM              0x20000000         0x00020000         xrw
CCMRAM           0x10000000         0x00010000         rw
FLASH            0x08000000         0x00100000         xr
*default*        0x00000000         0xffffffff

Linker script and memory map

LOAD c:/program files (x86)/atollic/truestudio for stm32 9.3.0/armtools/bin/../lib/gcc/arm-atollic-eabi/6.3.1/armv7e-m/fpu/crti.o
LOAD c:/program files (x86)/atollic/truestudio for stm32 9.3.0/armtools/bin/../lib/gcc/arm-atollic-eabi/6.3.1/armv7e-m/fpu/crtbegin.o
LOAD Drivers\STM32F4xx_HAL_Driver\Src\stm32f4xx_hal.o
LOAD Drivers\STM32F4xx_HAL_Driver\Src\stm32f4xx_hal_cortex.o
LOAD Drivers\STM32F4xx_HAL_Driver\Src\stm32f4xx_hal_dma.o
LOAD Drivers\STM32F4xx_HAL_Driver\Src\stm32f4xx_hal_dma_ex.o
LOAD Drivers\STM32F4xx_HAL_Driver\Src\stm32f4xx_hal_flash.o
LOAD Drivers\STM32F4xx_HAL_Driver\Src\stm32f4xx_hal_flash_ex.o
LOAD Drivers\STM32F4xx_HAL_Driver\Src\stm32f4xx_hal_flash_ramfunc.o
LOAD Drivers\STM32F4xx_HAL_Driver\Src\stm32f4xx_hal_gpio.o
LOAD Drivers\STM32F4xx_HAL_Driver\Src\stm32f4xx_hal_i2c.o
LOAD Drivers\STM32F4xx_HAL_Driver\Src\stm32f4xx_hal_i2c_ex.o
LOAD Drivers\STM32F4xx_HAL_Driver\Src\stm32f4xx_hal_i2s.o
LOAD Drivers\STM32F4xx_HAL_Driver\Src\stm32f4xx_hal_i2s_ex.o
LOAD Drivers\STM32F4xx_HAL_Driver\Src\stm32f4xx_hal_pcd.o
LOAD Drivers\STM32F4xx_HAL_Driver\Src\stm32f4xx_hal_pcd_ex.o
LOAD Drivers\STM32F4xx_HAL_Driver\Src\stm32f4xx_hal_pwr.o
LOAD Drivers\STM32F4xx_HAL_Driver\Src\stm32f4xx_hal_pwr_ex.o
LOAD Drivers\STM32F4xx_HAL_Driver\Src\stm32f4xx_hal_rcc.o
LOAD Drivers\STM32F4xx_HAL_Driver\Src\stm32f4xx_hal_rcc_ex.o
LOAD Drivers\STM32F4xx_HAL_Driver\Src\stm32f4xx_hal_spi.o
LOAD Drivers\STM32F4xx_HAL_Driver\Src\stm32f4xx_hal_tim.o
LOAD Drivers\STM32F4xx_HAL_Driver\Src\stm32f4xx_hal_tim_ex.o
LOAD Drivers\STM32F4xx_HAL_Driver\Src\stm32f4xx_ll_usb.o
LOAD Middlewares\ST\STM32_USB_Device_Library\Class\CDC\Src\usbd_cdc.o
LOAD Middlewares\ST\STM32_USB_Device_Library\Core\Src\usbd_core.o
LOAD Middlewares\ST\STM32_USB_Device_Library\Core\Src\usbd_ctlreq.o
LOAD Middlewares\ST\STM32_USB_Device_Library\Core\Src\usbd_ioreq.o
LOAD Src\controller.o
LOAD Src\data\pattern.o
LOAD Src\data\pattern_data.o
LOAD Src\data\sequence.o
LOAD Src\hal\stm32f4xx_hal_msp.o
LOAD Src\hal\stm32f4xx_it.o
LOAD Src\hal\system_stm32f4xx.o
LOAD Src\json\json_decoder.o
LOAD Src\json\json_led.o
LOAD Src\json\json_main_object.o
LOAD Src\json\json_pattern.o
LOAD Src\json\json_pattern_data.o
LOAD Src\json\json_sequence.o
LOAD Src\json\vcp_communication.o
LOAD Src\led.o
LOAD Src\main.o
LOAD Src\usb\usb_device.o
LOAD Src\usb\usbd_cdc_if.o
LOAD Src\usb\usbd_conf.o
LOAD Src\usb\usbd_desc.o
LOAD startup\startup_stm32f407xx.o
                0x00000080                malloc_getpagesize_P = 0x80
START GROUP
LOAD c:/program files (x86)/atollic/truestudio for stm32 9.3.0/armtools/bin/../lib/gcc/arm-atollic-eabi/6.3.1/../../../../arm-atollic-eabi/lib/armv7e-m/fpu\libc_nano.a
LOAD c:/program files (x86)/atollic/truestudio for stm32 9.3.0/armtools/bin/../lib/gcc/arm-atollic-eabi/6.3.1/../../../../arm-atollic-eabi/lib/armv7e-m/fpu\libm.a
END GROUP
START GROUP
LOAD c:/program files (x86)/atollic/truestudio for stm32 9.3.0/armtools/bin/../lib/gcc/arm-atollic-eabi/6.3.1/armv7e-m/fpu\libgcc.a
LOAD c:/program files (x86)/atollic/truestudio for stm32 9.3.0/armtools/bin/../lib/gcc/arm-atollic-eabi/6.3.1/../../../../arm-atollic-eabi/lib/armv7e-m/fpu\libc_nano.a
END GROUP
START GROUP
LOAD c:/program files (x86)/atollic/truestudio for stm32 9.3.0/armtools/bin/../lib/gcc/arm-atollic-eabi/6.3.1/armv7e-m/fpu\libgcc.a
LOAD c:/program files (x86)/atollic/truestudio for stm32 9.3.0/armtools/bin/../lib/gcc/arm-atollic-eabi/6.3.1/../../../../arm-atollic-eabi/lib/armv7e-m/fpu\libc_nano.a
LOAD c:/program files (x86)/atollic/truestudio for stm32 9.3.0/armtools/bin/../lib/gcc/arm-atollic-eabi/6.3.1/../../../../arm-atollic-eabi/lib/armv7e-m/fpu\libnosys.a
END GROUP
START GROUP
LOAD c:/program files (x86)/atollic/truestudio for stm32 9.3.0/armtools/bin/../lib/gcc/arm-atollic-eabi/6.3.1/armv7e-m/fpu\libgcc.a
LOAD c:/program files (x86)/atollic/truestudio for stm32 9.3.0/armtools/bin/../lib/gcc/arm-atollic-eabi/6.3.1/../../../../arm-atollic-eabi/lib/armv7e-m/fpu\libc_nano.a
LOAD c:/program files (x86)/atollic/truestudio for stm32 9.3.0/armtools/bin/../lib/gcc/arm-atollic-eabi/6.3.1/../../../../arm-atollic-eabi/lib/armv7e-m/fpu\libnosys.a
END GROUP
LOAD c:/program files (x86)/atollic/truestudio for stm32 9.3.0/armtools/bin/../lib/gcc/arm-atollic-eabi/6.3.1/armv7e-m/fpu/crtend.o
LOAD c:/program files (x86)/atollic/truestudio for stm32 9.3.0/armtools/bin/../lib/gcc/arm-atollic-eabi/6.3.1/armv7e-m/fpu/crtn.o
                0x20020000                _estack = 0x20020000
                0x00000200                _Min_Heap_Size = 0x200
                0x00000400                _Min_Stack_Size = 0x400

.isr_vector     0x08000000      0x188
                0x08000000                . = ALIGN (0x4)
 *(.isr_vector)
 .isr_vector    0x08000000      0x188 startup\startup_stm32f407xx.o
                0x08000000                g_pfnVectors
                0x08000188                . = ALIGN (0x4)

.text           0x08000190     0xaa30
                0x08000190                . = ALIGN (0x4)
 *(.text)
 .text          0x08000190       0x40 c:/program files (x86)/atollic/truestudio for stm32 9.3.0/armtools/bin/../lib/gcc/arm-atollic-eabi/6.3.1/armv7e-m/fpu/crtbegin.o
 .text          0x080001d0       0x14 c:/program files (x86)/atollic/truestudio for stm32 9.3.0/armtools/bin/../lib/gcc/arm-atollic-eabi/6.3.1/../../../../arm-atollic-eabi/lib/armv7e-m/fpu\libc_nano.a(lib_a-strcmp.o)
                0x080001d0                strcmp
 *fill*         0x080001e4        0xc 
 .text          0x080001f0       0xa0 c:/program files (x86)/atollic/truestudio for stm32 9.3.0/armtools/bin/../lib/gcc/arm-atollic-eabi/6.3.1/../../../../arm-atollic-eabi/lib/armv7e-m/fpu\libc_nano.a(lib_a-memchr.o)
                0x080001f0                memchr
 .text          0x08000290       0x30 c:/program files (x86)/atollic/truestudio for stm32 9.3.0/armtools/bin/../lib/gcc/arm-atollic-eabi/6.3.1/armv7e-m/fpu\libgcc.a(_aeabi_uldivmod.o)
                0x08000290                __aeabi_uldivmod
 .text          0x080002c0      0x2dc c:/program files (x86)/atollic/truestudio for stm32 9.3.0/armtools/bin/../lib/gcc/arm-atollic-eabi/6.3.1/armv7e-m/fpu\libgcc.a(_udivmoddi4.o)
                0x080002c0                __udivmoddi4
 .text          0x0800059c        0x4 c:/program files (x86)/atollic/truestudio for stm32 9.3.0/armtools/bin/../lib/gcc/arm-atollic-eabi/6.3.1/armv7e-m/fpu\libgcc.a(_dvmd_tls.o)
                0x0800059c                __aeabi_idiv0
                0x0800059c                __aeabi_ldiv0
 *(.text*)
 .text.HAL_Init
                0x080005a0       0x44 Drivers\STM32F4xx_HAL_Driver\Src\stm32f4xx_hal.o
                0x080005a0                HAL_Init
 .text.HAL_InitTick
                0x080005e4       0x60 Drivers\STM32F4xx_HAL_Driver\Src\stm32f4xx_hal.o
                0x080005e4                HAL_InitTick
 .text.HAL_IncTick
                0x08000644       0x28 Drivers\STM32F4xx_HAL_Driver\Src\stm32f4xx_hal.o
                0x08000644                HAL_IncTick
 .text.HAL_GetTick
                0x0800066c       0x18 Drivers\STM32F4xx_HAL_Driver\Src\stm32f4xx_hal.o
                0x0800066c                HAL_GetTick
 .text.HAL_Delay
                0x08000684       0x44 Drivers\STM32F4xx_HAL_Driver\Src\stm32f4xx_hal.o
                0x08000684                HAL_Delay
 .text.NVIC_SetPriorityGrouping
                0x080006c8       0x48 Drivers\STM32F4xx_HAL_Driver\Src\stm32f4xx_hal_cortex.o
 .text.NVIC_GetPriorityGrouping
                0x08000710       0x1c Drivers\STM32F4xx_HAL_Driver\Src\stm32f4xx_hal_cortex.o
 .text.NVIC_EnableIRQ
                0x0800072c       0x34 Drivers\STM32F4xx_HAL_Driver\Src\stm32f4xx_hal_cortex.o
 .text.NVIC_SetPriority
                0x08000760       0x54 Drivers\STM32F4xx_HAL_Driver\Src\stm32f4xx_hal_cortex.o
 .text.NVIC_EncodePriority
                0x080007b4       0x62 Drivers\STM32F4xx_HAL_Driver\Src\stm32f4xx_hal_cortex.o
 *fill*         0x08000816        0x2 
 .text.SysTick_Config
                0x08000818       0x44 Drivers\STM32F4xx_HAL_Driver\Src\stm32f4xx_hal_cortex.o
 .text.HAL_NVIC_SetPriorityGrouping
                0x0800085c       0x16 Drivers\STM32F4xx_HAL_Driver\Src\stm32f4xx_hal_cortex.o
                0x0800085c                HAL_NVIC_SetPriorityGrouping
 .text.HAL_NVIC_SetPriority
                0x08000872       0x38 Drivers\STM32F4xx_HAL_Driver\Src\stm32f4xx_hal_cortex.o
                0x08000872                HAL_NVIC_SetPriority
 .text.HAL_NVIC_EnableIRQ
                0x080008aa       0x1c Drivers\STM32F4xx_HAL_Driver\Src\stm32f4xx_hal_cortex.o
                0x080008aa                HAL_NVIC_EnableIRQ
 .text.HAL_SYSTICK_Config
                0x080008c6       0x18 Drivers\STM32F4xx_HAL_Driver\Src\stm32f4xx_hal_cortex.o
                0x080008c6                HAL_SYSTICK_Config
 *fill*         0x080008de        0x2 
 .text.HAL_SYSTICK_CLKSourceConfig
                0x080008e0       0x38 Drivers\STM32F4xx_HAL_Driver\Src\stm32f4xx_hal_cortex.o
                0x080008e0                HAL_SYSTICK_CLKSourceConfig
 .text.HAL_SYSTICK_IRQHandler
                0x08000918        0xc Drivers\STM32F4xx_HAL_Driver\Src\stm32f4xx_hal_cortex.o
                0x08000918                HAL_SYSTICK_IRQHandler
 .text.HAL_SYSTICK_Callback
                0x08000924        0xe Drivers\STM32F4xx_HAL_Driver\Src\stm32f4xx_hal_cortex.o
                0x08000924                HAL_SYSTICK_Callback
 *fill*         0x08000932        0x2 
 .text.HAL_GPIO_Init
                0x08000934      0x334 Drivers\STM32F4xx_HAL_Driver\Src\stm32f4xx_hal_gpio.o
                0x08000934                HAL_GPIO_Init
 .text.HAL_GPIO_WritePin
                0x08000c68       0x32 Drivers\STM32F4xx_HAL_Driver\Src\stm32f4xx_hal_gpio.o
                0x08000c68                HAL_GPIO_WritePin
 *fill*         0x08000c9a        0x2 
 .text.HAL_I2C_Init
                0x08000c9c      0x1c0 Drivers\STM32F4xx_HAL_Driver\Src\stm32f4xx_hal_i2c.o
                0x08000c9c                HAL_I2C_Init
 .text.HAL_I2S_Init
                0x08000e5c      0x2a0 Drivers\STM32F4xx_HAL_Driver\Src\stm32f4xx_hal_i2s.o
                0x08000e5c                HAL_I2S_Init
 .text.HAL_I2S_TxCpltCallback
                0x080010fc       0x14 Drivers\STM32F4xx_HAL_Driver\Src\stm32f4xx_hal_i2s.o
                0x080010fc                HAL_I2S_TxCpltCallback
 .text.HAL_I2S_RxCpltCallback
                0x08001110       0x14 Drivers\STM32F4xx_HAL_Driver\Src\stm32f4xx_hal_i2s.o
                0x08001110                HAL_I2S_RxCpltCallback
 .text.HAL_I2S_ErrorCallback
                0x08001124       0x14 Drivers\STM32F4xx_HAL_Driver\Src\stm32f4xx_hal_i2s.o
                0x08001124                HAL_I2S_ErrorCallback
 .text.I2S_Transmit_IT
                0x08001138       0x5a Drivers\STM32F4xx_HAL_Driver\Src\stm32f4xx_hal_i2s.o
 .text.I2S_Receive_IT
                0x08001192       0x5c Drivers\STM32F4xx_HAL_Driver\Src\stm32f4xx_hal_i2s.o
 .text.I2S_IRQHandler
                0x080011ee      0x118 Drivers\STM32F4xx_HAL_Driver\Src\stm32f4xx_hal_i2s.o
 *fill*         0x08001306        0x2 
 .text.HAL_I2SEx_FullDuplex_IRQHandler
                0x08001308      0x308 Drivers\STM32F4xx_HAL_Driver\Src\stm32f4xx_hal_i2s_ex.o
                0x08001308                HAL_I2SEx_FullDuplex_IRQHandler
 .text.HAL_I2SEx_TxRxCpltCallback
                0x08001610       0x14 Drivers\STM32F4xx_HAL_Driver\Src\stm32f4xx_hal_i2s_ex.o
                0x08001610                HAL_I2SEx_TxRxCpltCallback
 .text.I2SEx_FullDuplexTx_IT
                0x08001624       0xf4 Drivers\STM32F4xx_HAL_Driver\Src\stm32f4xx_hal_i2s_ex.o
 .text.I2SEx_FullDuplexRx_IT
                0x08001718       0xf8 Drivers\STM32F4xx_HAL_Driver\Src\stm32f4xx_hal_i2s_ex.o
 .text.HAL_PCD_Init
                0x08001810      0x20e Drivers\STM32F4xx_HAL_Driver\Src\stm32f4xx_hal_pcd.o
                0x08001810                HAL_PCD_Init
 .text.HAL_PCD_Start
                0x08001a1e       0x44 Drivers\STM32F4xx_HAL_Driver\Src\stm32f4xx_hal_pcd.o
                0x08001a1e                HAL_PCD_Start
 *fill*         0x08001a62        0x2 
 .text.HAL_PCD_IRQHandler
                0x08001a64      0x914 Drivers\STM32F4xx_HAL_Driver\Src\stm32f4xx_hal_pcd.o
                0x08001a64                HAL_PCD_IRQHandler
 .text.HAL_PCD_SetAddress
                0x08002378       0x42 Drivers\STM32F4xx_HAL_Driver\Src\stm32f4xx_hal_pcd.o
                0x08002378                HAL_PCD_SetAddress
 .text.HAL_PCD_EP_Open
                0x080023ba       0xd0 Drivers\STM32F4xx_HAL_Driver\Src\stm32f4xx_hal_pcd.o
                0x080023ba                HAL_PCD_EP_Open
 .text.HAL_PCD_EP_Close
                0x0800248a       0x94 Drivers\STM32F4xx_HAL_Driver\Src\stm32f4xx_hal_pcd.o
                0x0800248a                HAL_PCD_EP_Close
 .text.HAL_PCD_EP_Receive
                0x0800251e       0x94 Drivers\STM32F4xx_HAL_Driver\Src\stm32f4xx_hal_pcd.o
                0x0800251e                HAL_PCD_EP_Receive
 .text.HAL_PCD_EP_GetRxCount
                0x080025b2       0x32 Drivers\STM32F4xx_HAL_Driver\Src\stm32f4xx_hal_pcd.o
                0x080025b2                HAL_PCD_EP_GetRxCount
 .text.HAL_PCD_EP_Transmit
                0x080025e4       0x92 Drivers\STM32F4xx_HAL_Driver\Src\stm32f4xx_hal_pcd.o
                0x080025e4                HAL_PCD_EP_Transmit
 .text.HAL_PCD_EP_SetStall
                0x08002676       0xb6 Drivers\STM32F4xx_HAL_Driver\Src\stm32f4xx_hal_pcd.o
                0x08002676                HAL_PCD_EP_SetStall
 .text.HAL_PCD_EP_ClrStall
                0x0800272c       0x96 Drivers\STM32F4xx_HAL_Driver\Src\stm32f4xx_hal_pcd.o
                0x0800272c                HAL_PCD_EP_ClrStall
 .text.PCD_WriteEmptyTxFifo
                0x080027c2      0x104 Drivers\STM32F4xx_HAL_Driver\Src\stm32f4xx_hal_pcd.o
 .text.HAL_PCDEx_SetTxFiFo
                0x080028c6       0x96 Drivers\STM32F4xx_HAL_Driver\Src\stm32f4xx_hal_pcd_ex.o
                0x080028c6                HAL_PCDEx_SetTxFiFo
 .text.HAL_PCDEx_SetRxFiFo
                0x0800295c       0x22 Drivers\STM32F4xx_HAL_Driver\Src\stm32f4xx_hal_pcd_ex.o
                0x0800295c                HAL_PCDEx_SetRxFiFo
 *fill*         0x0800297e        0x2 
 .text.HAL_RCC_OscConfig
                0x08002980      0x484 Drivers\STM32F4xx_HAL_Driver\Src\stm32f4xx_hal_rcc.o
                0x08002980                HAL_RCC_OscConfig
 .text.HAL_RCC_ClockConfig
                0x08002e04      0x1c4 Drivers\STM32F4xx_HAL_Driver\Src\stm32f4xx_hal_rcc.o
                0x08002e04                HAL_RCC_ClockConfig
 .text.HAL_RCC_GetSysClockFreq
                0x08002fc8      0x1b0 Drivers\STM32F4xx_HAL_Driver\Src\stm32f4xx_hal_rcc.o
                0x08002fc8                HAL_RCC_GetSysClockFreq
 .text.HAL_RCC_GetHCLKFreq
                0x08003178       0x18 Drivers\STM32F4xx_HAL_Driver\Src\stm32f4xx_hal_rcc.o
                0x08003178                HAL_RCC_GetHCLKFreq
 .text.HAL_RCC_GetPCLK1Freq
                0x08003190       0x28 Drivers\STM32F4xx_HAL_Driver\Src\stm32f4xx_hal_rcc.o
                0x08003190                HAL_RCC_GetPCLK1Freq
 .text.HAL_RCCEx_PeriphCLKConfig
                0x080031b8      0x1c4 Drivers\STM32F4xx_HAL_Driver\Src\stm32f4xx_hal_rcc_ex.o
                0x080031b8                HAL_RCCEx_PeriphCLKConfig
 .text.HAL_RCCEx_GetPeriphCLKFreq
                0x0800337c       0xb8 Drivers\STM32F4xx_HAL_Driver\Src\stm32f4xx_hal_rcc_ex.o
                0x0800337c                HAL_RCCEx_GetPeriphCLKFreq
 .text.HAL_SPI_Init
                0x08003434       0xc6 Drivers\STM32F4xx_HAL_Driver\Src\stm32f4xx_hal_spi.o
                0x08003434                HAL_SPI_Init
 .text.HAL_TIM_Base_Init
                0x080034fa       0x56 Drivers\STM32F4xx_HAL_Driver\Src\stm32f4xx_hal_tim.o
                0x080034fa                HAL_TIM_Base_Init
 .text.HAL_TIM_Base_Start
                0x08003550       0x36 Drivers\STM32F4xx_HAL_Driver\Src\stm32f4xx_hal_tim.o
                0x08003550                HAL_TIM_Base_Start
 .text.HAL_TIM_Base_Start_IT
                0x08003586       0x36 Drivers\STM32F4xx_HAL_Driver\Src\stm32f4xx_hal_tim.o
                0x08003586                HAL_TIM_Base_Start_IT
 .text.HAL_TIM_PWM_Init
                0x080035bc       0x56 Drivers\STM32F4xx_HAL_Driver\Src\stm32f4xx_hal_tim.o
                0x080035bc                HAL_TIM_PWM_Init
 *fill*         0x08003612        0x2 
 .text.HAL_TIM_PWM_Start
                0x08003614       0x68 Drivers\STM32F4xx_HAL_Driver\Src\stm32f4xx_hal_tim.o
                0x08003614                HAL_TIM_PWM_Start
 .text.HAL_TIM_IRQHandler
                0x0800367c      0x210 Drivers\STM32F4xx_HAL_Driver\Src\stm32f4xx_hal_tim.o
                0x0800367c                HAL_TIM_IRQHandler
 .text.HAL_TIM_PWM_ConfigChannel
                0x0800388c      0x18c Drivers\STM32F4xx_HAL_Driver\Src\stm32f4xx_hal_tim.o
                0x0800388c                HAL_TIM_PWM_ConfigChannel
 .text.HAL_TIM_ConfigClockSource
                0x08003a18      0x1b6 Drivers\STM32F4xx_HAL_Driver\Src\stm32f4xx_hal_tim.o
                0x08003a18                HAL_TIM_ConfigClockSource
 .text.HAL_TIM_PeriodElapsedCallback
                0x08003bce       0x14 Drivers\STM32F4xx_HAL_Driver\Src\stm32f4xx_hal_tim.o
                0x08003bce                HAL_TIM_PeriodElapsedCallback
 .text.HAL_TIM_OC_DelayElapsedCallback
                0x08003be2       0x14 Drivers\STM32F4xx_HAL_Driver\Src\stm32f4xx_hal_tim.o
                0x08003be2                HAL_TIM_OC_DelayElapsedCallback
 .text.HAL_TIM_IC_CaptureCallback
                0x08003bf6       0x14 Drivers\STM32F4xx_HAL_Driver\Src\stm32f4xx_hal_tim.o
                0x08003bf6                HAL_TIM_IC_CaptureCallback
 .text.HAL_TIM_PWM_PulseFinishedCallback
                0x08003c0a       0x14 Drivers\STM32F4xx_HAL_Driver\Src\stm32f4xx_hal_tim.o
                0x08003c0a                HAL_TIM_PWM_PulseFinishedCallback
 .text.HAL_TIM_TriggerCallback
                0x08003c1e       0x14 Drivers\STM32F4xx_HAL_Driver\Src\stm32f4xx_hal_tim.o
                0x08003c1e                HAL_TIM_TriggerCallback
 *fill*         0x08003c32        0x2 
 .text.TIM_Base_SetConfig
                0x08003c34      0x154 Drivers\STM32F4xx_HAL_Driver\Src\stm32f4xx_hal_tim.o
                0x08003c34                TIM_Base_SetConfig
 .text.TIM_OC2_SetConfig
                0x08003d88       0xf0 Drivers\STM32F4xx_HAL_Driver\Src\stm32f4xx_hal_tim.o
                0x08003d88                TIM_OC2_SetConfig
 .text.TIM_CCxChannelCmd
                0x08003e78       0x46 Drivers\STM32F4xx_HAL_Driver\Src\stm32f4xx_hal_tim.o
                0x08003e78                TIM_CCxChannelCmd
 *fill*         0x08003ebe        0x2 
 .text.TIM_OC1_SetConfig
                0x08003ec0       0xe8 Drivers\STM32F4xx_HAL_Driver\Src\stm32f4xx_hal_tim.o
 .text.TIM_OC3_SetConfig
                0x08003fa8       0xf0 Drivers\STM32F4xx_HAL_Driver\Src\stm32f4xx_hal_tim.o
 .text.TIM_OC4_SetConfig
                0x08004098       0xc0 Drivers\STM32F4xx_HAL_Driver\Src\stm32f4xx_hal_tim.o
 .text.TIM_TI1_ConfigInputStage
                0x08004158       0x66 Drivers\STM32F4xx_HAL_Driver\Src\stm32f4xx_hal_tim.o
 .text.TIM_TI2_ConfigInputStage
                0x080041be       0x68 Drivers\STM32F4xx_HAL_Driver\Src\stm32f4xx_hal_tim.o
 .text.TIM_ITRx_SetConfig
                0x08004226       0x40 Drivers\STM32F4xx_HAL_Driver\Src\stm32f4xx_hal_tim.o
 .text.TIM_ETR_SetConfig
                0x08004266       0x44 Drivers\STM32F4xx_HAL_Driver\Src\stm32f4xx_hal_tim.o
 .text.HAL_TIMEx_MasterConfigSynchronization
                0x080042aa       0x8a Drivers\STM32F4xx_HAL_Driver\Src\stm32f4xx_hal_tim_ex.o
                0x080042aa                HAL_TIMEx_MasterConfigSynchronization
 .text.HAL_TIMEx_ConfigBreakDeadTime
                0x08004334       0xb2 Drivers\STM32F4xx_HAL_Driver\Src\stm32f4xx_hal_tim_ex.o
                0x08004334                HAL_TIMEx_ConfigBreakDeadTime
 .text.HAL_TIMEx_CommutationCallback
                0x080043e6       0x14 Drivers\STM32F4xx_HAL_Driver\Src\stm32f4xx_hal_tim_ex.o
                0x080043e6                HAL_TIMEx_CommutationCallback
 .text.HAL_TIMEx_BreakCallback
                0x080043fa       0x14 Drivers\STM32F4xx_HAL_Driver\Src\stm32f4xx_hal_tim_ex.o
                0x080043fa                HAL_TIMEx_BreakCallback
 .text.USB_CoreInit
                0x0800440e       0xa2 Drivers\STM32F4xx_HAL_Driver\Src\stm32f4xx_ll_usb.o
                0x0800440e                USB_CoreInit
 .text.USB_EnableGlobalInt
                0x080044b0       0x22 Drivers\STM32F4xx_HAL_Driver\Src\stm32f4xx_ll_usb.o
                0x080044b0                USB_EnableGlobalInt
 .text.USB_DisableGlobalInt
                0x080044d2       0x22 Drivers\STM32F4xx_HAL_Driver\Src\stm32f4xx_ll_usb.o
                0x080044d2                USB_DisableGlobalInt
 .text.USB_SetCurrentMode
                0x080044f4       0x4e Drivers\STM32F4xx_HAL_Driver\Src\stm32f4xx_ll_usb.o
                0x080044f4                USB_SetCurrentMode
 *fill*         0x08004542        0x2 
 .text.USB_DevInit
                0x08004544      0x264 Drivers\STM32F4xx_HAL_Driver\Src\stm32f4xx_ll_usb.o
                0x08004544                USB_DevInit
 .text.USB_FlushTxFifo
                0x080047a8       0x4c Drivers\STM32F4xx_HAL_Driver\Src\stm32f4xx_ll_usb.o
                0x080047a8                USB_FlushTxFifo
 .text.USB_FlushRxFifo
                0x080047f4       0x44 Drivers\STM32F4xx_HAL_Driver\Src\stm32f4xx_ll_usb.o
                0x080047f4                USB_FlushRxFifo
 .text.USB_SetDevSpeed
                0x08004838       0x30 Drivers\STM32F4xx_HAL_Driver\Src\stm32f4xx_ll_usb.o
                0x08004838                USB_SetDevSpeed
 .text.USB_GetDevSpeed
                0x08004868       0x6a Drivers\STM32F4xx_HAL_Driver\Src\stm32f4xx_ll_usb.o
                0x08004868                USB_GetDevSpeed
 .text.USB_ActivateEndpoint
                0x080048d2      0x112 Drivers\STM32F4xx_HAL_Driver\Src\stm32f4xx_ll_usb.o
                0x080048d2                USB_ActivateEndpoint
 .text.USB_DeactivateEndpoint
                0x080049e4      0x184 Drivers\STM32F4xx_HAL_Driver\Src\stm32f4xx_ll_usb.o
                0x080049e4                USB_DeactivateEndpoint
 .text.USB_EPStartXfer
                0x08004b68      0x484 Drivers\STM32F4xx_HAL_Driver\Src\stm32f4xx_ll_usb.o
                0x08004b68                USB_EPStartXfer
 .text.USB_EP0StartXfer
                0x08004fec      0x2be Drivers\STM32F4xx_HAL_Driver\Src\stm32f4xx_ll_usb.o
                0x08004fec                USB_EP0StartXfer
 .text.USB_WritePacket
                0x080052aa       0x6a Drivers\STM32F4xx_HAL_Driver\Src\stm32f4xx_ll_usb.o
                0x080052aa                USB_WritePacket
 .text.USB_ReadPacket
                0x08005314       0x4e Drivers\STM32F4xx_HAL_Driver\Src\stm32f4xx_ll_usb.o
                0x08005314                USB_ReadPacket
 .text.USB_EPSetStall
                0x08005362       0xe2 Drivers\STM32F4xx_HAL_Driver\Src\stm32f4xx_ll_usb.o
                0x08005362                USB_EPSetStall
 .text.USB_EPClearStall
                0x08005444       0xda Drivers\STM32F4xx_HAL_Driver\Src\stm32f4xx_ll_usb.o
                0x08005444                USB_EPClearStall
 .text.USB_SetDevAddress
                0x0800551e       0x4c Drivers\STM32F4xx_HAL_Driver\Src\stm32f4xx_ll_usb.o
                0x0800551e                USB_SetDevAddress
 .text.USB_DevConnect
                0x0800556a       0x2e Drivers\STM32F4xx_HAL_Driver\Src\stm32f4xx_ll_usb.o
                0x0800556a                USB_DevConnect
 .text.USB_DevDisconnect
                0x08005598       0x2e Drivers\STM32F4xx_HAL_Driver\Src\stm32f4xx_ll_usb.o
                0x08005598                USB_DevDisconnect
 .text.USB_ReadInterrupts
                0x080055c6       0x2a Drivers\STM32F4xx_HAL_Driver\Src\stm32f4xx_ll_usb.o
                0x080055c6                USB_ReadInterrupts
 .text.USB_ReadDevAllOutEpInterrupt
                0x080055f0       0x30 Drivers\STM32F4xx_HAL_Driver\Src\stm32f4xx_ll_usb.o
                0x080055f0                USB_ReadDevAllOutEpInterrupt
 .text.USB_ReadDevAllInEpInterrupt
                0x08005620       0x30 Drivers\STM32F4xx_HAL_Driver\Src\stm32f4xx_ll_usb.o
                0x08005620                USB_ReadDevAllInEpInterrupt
 .text.USB_ReadDevOutEPInterrupt
                0x08005650       0x38 Drivers\STM32F4xx_HAL_Driver\Src\stm32f4xx_ll_usb.o
                0x08005650                USB_ReadDevOutEPInterrupt
 .text.USB_ReadDevInEPInterrupt
                0x08005688       0x54 Drivers\STM32F4xx_HAL_Driver\Src\stm32f4xx_ll_usb.o
                0x08005688                USB_ReadDevInEPInterrupt
 .text.USB_GetMode
                0x080056dc       0x1c Drivers\STM32F4xx_HAL_Driver\Src\stm32f4xx_ll_usb.o
                0x080056dc                USB_GetMode
 .text.USB_ActivateSetup
                0x080056f8       0x6c Drivers\STM32F4xx_HAL_Driver\Src\stm32f4xx_ll_usb.o
                0x080056f8                USB_ActivateSetup
 .text.USB_EP0_OutStart
                0x08005764       0x8a Drivers\STM32F4xx_HAL_Driver\Src\stm32f4xx_ll_usb.o
                0x08005764                USB_EP0_OutStart
 *fill*         0x080057ee        0x2 
 .text.USB_CoreReset
                0x080057f0       0x68 Drivers\STM32F4xx_HAL_Driver\Src\stm32f4xx_ll_usb.o
 .text.USBD_CDC_Init
                0x08005858       0xd4 Middlewares\ST\STM32_USB_Device_Library\Class\CDC\Src\usbd_cdc.o
 .text.USBD_CDC_DeInit
                0x0800592c       0x5a Middlewares\ST\STM32_USB_Device_Library\Class\CDC\Src\usbd_cdc.o
 *fill*         0x08005986        0x2 
 .text.USBD_CDC_Setup
                0x08005988       0xbc Middlewares\ST\STM32_USB_Device_Library\Class\CDC\Src\usbd_cdc.o
 .text.USBD_CDC_DataIn
                0x08005a44       0x38 Middlewares\ST\STM32_USB_Device_Library\Class\CDC\Src\usbd_cdc.o
 .text.USBD_CDC_DataOut
                0x08005a7c       0x56 Middlewares\ST\STM32_USB_Device_Library\Class\CDC\Src\usbd_cdc.o
 .text.USBD_CDC_EP0_RxReady
                0x08005ad2       0x50 Middlewares\ST\STM32_USB_Device_Library\Class\CDC\Src\usbd_cdc.o
 *fill*         0x08005b22        0x2 
 .text.USBD_CDC_GetFSCfgDesc
                0x08005b24       0x20 Middlewares\ST\STM32_USB_Device_Library\Class\CDC\Src\usbd_cdc.o
 .text.USBD_CDC_GetHSCfgDesc
                0x08005b44       0x20 Middlewares\ST\STM32_USB_Device_Library\Class\CDC\Src\usbd_cdc.o
 .text.USBD_CDC_GetOtherSpeedCfgDesc
                0x08005b64       0x20 Middlewares\ST\STM32_USB_Device_Library\Class\CDC\Src\usbd_cdc.o
 .text.USBD_CDC_GetDeviceQualifierDescriptor
                0x08005b84       0x20 Middlewares\ST\STM32_USB_Device_Library\Class\CDC\Src\usbd_cdc.o
                0x08005b84                USBD_CDC_GetDeviceQualifierDescriptor
 .text.USBD_CDC_RegisterInterface
                0x08005ba4       0x2e Middlewares\ST\STM32_USB_Device_Library\Class\CDC\Src\usbd_cdc.o
                0x08005ba4                USBD_CDC_RegisterInterface
 .text.USBD_CDC_SetTxBuffer
                0x08005bd2       0x34 Middlewares\ST\STM32_USB_Device_Library\Class\CDC\Src\usbd_cdc.o
                0x08005bd2                USBD_CDC_SetTxBuffer
 .text.USBD_CDC_SetRxBuffer
                0x08005c06       0x28 Middlewares\ST\STM32_USB_Device_Library\Class\CDC\Src\usbd_cdc.o
                0x08005c06                USBD_CDC_SetRxBuffer
 .text.USBD_CDC_ReceivePacket
                0x08005c2e       0x54 Middlewares\ST\STM32_USB_Device_Library\Class\CDC\Src\usbd_cdc.o
                0x08005c2e                USBD_CDC_ReceivePacket
 *fill*         0x08005c82        0x2 
 .text.USBD_Init
                0x08005c84       0x70 Middlewares\ST\STM32_USB_Device_Library\Core\Src\usbd_core.o
                0x08005c84                USBD_Init
 .text.USBD_RegisterClass
                0x08005cf4       0x4c Middlewares\ST\STM32_USB_Device_Library\Core\Src\usbd_core.o
                0x08005cf4                USBD_RegisterClass
 .text.USBD_Start
                0x08005d40       0x18 Middlewares\ST\STM32_USB_Device_Library\Core\Src\usbd_core.o
                0x08005d40                USBD_Start
 .text.USBD_RunTestMode
                0x08005d58       0x16 Middlewares\ST\STM32_USB_Device_Library\Core\Src\usbd_core.o
                0x08005d58                USBD_RunTestMode
 .text.USBD_SetClassConfig
                0x08005d6e       0x3e Middlewares\ST\STM32_USB_Device_Library\Core\Src\usbd_core.o
                0x08005d6e                USBD_SetClassConfig
 .text.USBD_ClrClassConfig
                0x08005dac       0x26 Middlewares\ST\STM32_USB_Device_Library\Core\Src\usbd_core.o
                0x08005dac                USBD_ClrClassConfig
 .text.USBD_LL_SetupStage
                0x08005dd2       0x94 Middlewares\ST\STM32_USB_Device_Library\Core\Src\usbd_core.o
                0x08005dd2                USBD_LL_SetupStage
 .text.USBD_LL_DataOutStage
                0x08005e66       0xb6 Middlewares\ST\STM32_USB_Device_Library\Core\Src\usbd_core.o
                0x08005e66                USBD_LL_DataOutStage
 .text.USBD_LL_DataInStage
                0x08005f1c      0x11e Middlewares\ST\STM32_USB_Device_Library\Core\Src\usbd_core.o
                0x08005f1c                USBD_LL_DataInStage
 .text.USBD_LL_Reset
                0x0800603a       0x5e Middlewares\ST\STM32_USB_Device_Library\Core\Src\usbd_core.o
                0x0800603a                USBD_LL_Reset
 .text.USBD_LL_SetSpeed
                0x08006098       0x20 Middlewares\ST\STM32_USB_Device_Library\Core\Src\usbd_core.o
                0x08006098                USBD_LL_SetSpeed
 .text.USBD_LL_Suspend
                0x080060b8       0x2a Middlewares\ST\STM32_USB_Device_Library\Core\Src\usbd_core.o
                0x080060b8                USBD_LL_Suspend
 .text.USBD_LL_Resume
                0x080060e2       0x22 Middlewares\ST\STM32_USB_Device_Library\Core\Src\usbd_core.o
                0x080060e2                USBD_LL_Resume
 .text.USBD_LL_SOF
                0x08006104       0x34 Middlewares\ST\STM32_USB_Device_Library\Core\Src\usbd_core.o
                0x08006104                USBD_LL_SOF
 .text.USBD_LL_IsoINIncomplete
                0x08006138       0x1a Middlewares\ST\STM32_USB_Device_Library\Core\Src\usbd_core.o
                0x08006138                USBD_LL_IsoINIncomplete
 .text.USBD_LL_IsoOUTIncomplete
                0x08006152       0x1a Middlewares\ST\STM32_USB_Device_Library\Core\Src\usbd_core.o
                0x08006152                USBD_LL_IsoOUTIncomplete
 .text.USBD_LL_DevConnected
                0x0800616c       0x16 Middlewares\ST\STM32_USB_Device_Library\Core\Src\usbd_core.o
                0x0800616c                USBD_LL_DevConnected
 .text.USBD_LL_DevDisconnected
                0x08006182       0x2e Middlewares\ST\STM32_USB_Device_Library\Core\Src\usbd_core.o
                0x08006182                USBD_LL_DevDisconnected
 .text.USBD_StdDevReq
                0x080061b0       0xa0 Middlewares\ST\STM32_USB_Device_Library\Core\Src\usbd_ctlreq.o
                0x080061b0                USBD_StdDevReq
 .text.USBD_StdItfReq
                0x08006250       0x66 Middlewares\ST\STM32_USB_Device_Library\Core\Src\usbd_ctlreq.o
                0x08006250                USBD_StdItfReq
 .text.USBD_StdEPReq
                0x080062b6      0x1b0 Middlewares\ST\STM32_USB_Device_Library\Core\Src\usbd_ctlreq.o
                0x080062b6                USBD_StdEPReq
 *fill*         0x08006466        0x2 
 .text.USBD_GetDescriptor
                0x08006468      0x1e8 Middlewares\ST\STM32_USB_Device_Library\Core\Src\usbd_ctlreq.o
 .text.USBD_SetAddress
                0x08006650       0x7c Middlewares\ST\STM32_USB_Device_Library\Core\Src\usbd_ctlreq.o
 .text.USBD_SetConfig
                0x080066cc      0x110 Middlewares\ST\STM32_USB_Device_Library\Core\Src\usbd_ctlreq.o
 .text.USBD_GetConfig
                0x080067dc       0x64 Middlewares\ST\STM32_USB_Device_Library\Core\Src\usbd_ctlreq.o
 .text.USBD_GetStatus
                0x08006840       0x54 Middlewares\ST\STM32_USB_Device_Library\Core\Src\usbd_ctlreq.o
 .text.USBD_SetFeature
                0x08006894       0x36 Middlewares\ST\STM32_USB_Device_Library\Core\Src\usbd_ctlreq.o
 .text.USBD_ClrFeature
                0x080068ca       0x50 Middlewares\ST\STM32_USB_Device_Library\Core\Src\usbd_ctlreq.o
 .text.USBD_ParseSetupRequest
                0x0800691a       0x7a Middlewares\ST\STM32_USB_Device_Library\Core\Src\usbd_ctlreq.o
                0x0800691a                USBD_ParseSetupRequest
 .text.USBD_CtlError
                0x08006994       0x22 Middlewares\ST\STM32_USB_Device_Library\Core\Src\usbd_ctlreq.o
                0x08006994                USBD_CtlError
 .text.USBD_GetString
                0x080069b6       0x86 Middlewares\ST\STM32_USB_Device_Library\Core\Src\usbd_ctlreq.o
                0x080069b6                USBD_GetString
 .text.USBD_GetLen
                0x08006a3c       0x30 Middlewares\ST\STM32_USB_Device_Library\Core\Src\usbd_ctlreq.o
 .text.USBD_CtlSendData
                0x08006a6c       0x38 Middlewares\ST\STM32_USB_Device_Library\Core\Src\usbd_ioreq.o
                0x08006a6c                USBD_CtlSendData
 .text.USBD_CtlContinueSendData
                0x08006aa4       0x24 Middlewares\ST\STM32_USB_Device_Library\Core\Src\usbd_ioreq.o
                0x08006aa4                USBD_CtlContinueSendData
 .text.USBD_CtlPrepareRx
                0x08006ac8       0x3c Middlewares\ST\STM32_USB_Device_Library\Core\Src\usbd_ioreq.o
                0x08006ac8                USBD_CtlPrepareRx
 .text.USBD_CtlContinueRx
                0x08006b04       0x24 Middlewares\ST\STM32_USB_Device_Library\Core\Src\usbd_ioreq.o
                0x08006b04                USBD_CtlContinueRx
 .text.USBD_CtlSendStatus
                0x08006b28       0x26 Middlewares\ST\STM32_USB_Device_Library\Core\Src\usbd_ioreq.o
                0x08006b28                USBD_CtlSendStatus
 .text.USBD_CtlReceiveStatus
                0x08006b4e       0x26 Middlewares\ST\STM32_USB_Device_Library\Core\Src\usbd_ioreq.o
                0x08006b4e                USBD_CtlReceiveStatus
 .text.UserCode_Init
                0x08006b74       0x94 Src\controller.o
                0x08006b74                UserCode_Init
 .text.UserCode_While
                0x08006c08       0x4c Src\controller.o
                0x08006c08                UserCode_While
 .text.pattern_resetPatternCount
                0x08006c54       0x18 Src\data\pattern.o
                0x08006c54                pattern_resetPatternCount
 .text.pattern_addNewPattern
                0x08006c6c       0x38 Src\data\pattern.o
                0x08006c6c                pattern_addNewPattern
 .text.pattern_setPatternDataFromIndex
                0x08006ca4       0x34 Src\data\pattern.o
                0x08006ca4                pattern_setPatternDataFromIndex
 .text.pattern_setPatternInterval
                0x08006cd8       0x2c Src\data\pattern.o
                0x08006cd8                pattern_setPatternInterval
 .text.pattern_setPatternDuration
                0x08006d04       0x2c Src\data\pattern.o
                0x08006d04                pattern_setPatternDuration
 .text.pattern_setPatternStartPosition
                0x08006d30       0x30 Src\data\pattern.o
                0x08006d30                pattern_setPatternStartPosition
 .text.pattern_getCurrentPattern
                0x08006d60       0x20 Src\data\pattern.o
                0x08006d60                pattern_getCurrentPattern
 .text.patternData_setDataIndex
                0x08006d80       0x58 Src\data\pattern_data.o
                0x08006d80                patternData_setDataIndex
 .text.patternData_getPatternFromIndex
                0x08006dd8       0x30 Src\data\pattern_data.o
                0x08006dd8                patternData_getPatternFromIndex
 .text.patternData_addValueToCurrentPattern
                0x08006e08       0x68 Src\data\pattern_data.o
                0x08006e08                patternData_addValueToCurrentPattern
 .text.sequence_setIndex
                0x08006e70       0x48 Src\data\sequence.o
                0x08006e70                sequence_setIndex
 .text.sequence_setLedIndex
                0x08006eb8       0x4c Src\data\sequence.o
                0x08006eb8                sequence_setLedIndex
 .text.sequence_addPattern
                0x08006f04       0x88 Src\data\sequence.o
                0x08006f04                sequence_addPattern
 .text.HAL_MspInit
                0x08006f8c       0xa4 Src\hal\stm32f4xx_hal_msp.o
                0x08006f8c                HAL_MspInit
 .text.HAL_I2C_MspInit
                0x08007030       0x64 Src\hal\stm32f4xx_hal_msp.o
                0x08007030                HAL_I2C_MspInit
 .text.HAL_I2S_MspInit
                0x08007094       0x88 Src\hal\stm32f4xx_hal_msp.o
                0x08007094                HAL_I2S_MspInit
 .text.HAL_SPI_MspInit
                0x0800711c       0x64 Src\hal\stm32f4xx_hal_msp.o
                0x0800711c                HAL_SPI_MspInit
 .text.HAL_TIM_Base_MspInit
                0x08007180      0x1a0 Src\hal\stm32f4xx_hal_msp.o
                0x08007180                HAL_TIM_Base_MspInit
 .text.HAL_TIM_PWM_MspInit
                0x08007320       0x44 Src\hal\stm32f4xx_hal_msp.o
                0x08007320                HAL_TIM_PWM_MspInit
 .text.HAL_TIM_MspPostInit
                0x08007364      0x194 Src\hal\stm32f4xx_hal_msp.o
                0x08007364                HAL_TIM_MspPostInit
 .text.SysTick_Handler
                0x080074f8       0x10 Src\hal\stm32f4xx_it.o
                0x080074f8                SysTick_Handler
 .text.TIM6_DAC_IRQHandler
                0x08007508       0x18 Src\hal\stm32f4xx_it.o
                0x08007508                TIM6_DAC_IRQHandler
 .text.OTG_FS_IRQHandler
                0x08007520       0x14 Src\hal\stm32f4xx_it.o
                0x08007520                OTG_FS_IRQHandler
 .text.SystemInit
                0x08007534       0x6c Src\hal\system_stm32f4xx.o
                0x08007534                SystemInit
 .text.jsonStringReceived
                0x080075a0       0x48 Src\json\json_decoder.o
 .text.jsonNumberReceived
                0x080075e8       0x48 Src\json\json_decoder.o
 .text.jsonStartOfObject
                0x08007630       0x64 Src\json\json_decoder.o
 .text.jsonArrayStringReceived
                0x08007694       0x54 Src\json\json_decoder.o
 .text.jsonArrayNumberReceived
                0x080076e8       0x58 Src\json\json_decoder.o
 .text.jsonArrayStartOfObject
                0x08007740       0x74 Src\json\json_decoder.o
 .text.jsonParseObject
                0x080077b4      0x3b0 Src\json\json_decoder.o
 .text.jsonDecoding
                0x08007b64      0x11c Src\json\json_decoder.o
                0x08007b64                jsonDecoding
 .text.objectStart
                0x08007c80       0x16 Src\json\json_led.o
 .text.arrayObjectStart
                0x08007c96       0x1a Src\json\json_led.o
 .text.numberReceived
                0x08007cb0       0x54 Src\json\json_led.o
 .text.stringReceived
                0x08007d04       0x16 Src\json\json_led.o
 .text.arrayNumberReceived
                0x08007d1a       0x1a Src\json\json_led.o
 .text.arrayStringReceived
                0x08007d34       0x1a Src\json\json_led.o
 *fill*         0x08007d4e        0x2 
 .text.jsonLed_getJsonObject
                0x08007d50       0x14 Src\json\json_led.o
                0x08007d50                jsonLed_getJsonObject
 .text.objectStart
                0x08007d64       0x2c Src\json\json_main_object.o
 .text.arrayObjectStart
                0x08007d90       0x5c Src\json\json_main_object.o
 .text.numberReceived
                0x08007dec       0x8c Src\json\json_main_object.o
 .text.stringReceived
                0x08007e78       0x16 Src\json\json_main_object.o
 .text.arrayNumberReceived
                0x08007e8e       0x1a Src\json\json_main_object.o
 .text.arrayStringReceived
                0x08007ea8       0x1a Src\json\json_main_object.o
 .text.objectStart
                0x08007ec2       0x16 Src\json\json_pattern.o
 .text.arrayObjectStart
                0x08007ed8       0x1a Src\json\json_pattern.o
 *fill*         0x08007ef2        0x2 
 .text.numberReceived
                0x08007ef4       0x80 Src\json\json_pattern.o
 .text.stringReceived
                0x08007f74       0x16 Src\json\json_pattern.o
 .text.arrayNumberReceived
                0x08007f8a       0x1a Src\json\json_pattern.o
 .text.arrayStringReceived
                0x08007fa4       0x1a Src\json\json_pattern.o
 *fill*         0x08007fbe        0x2 
 .text.jsonPattern_getJsonObject
                0x08007fc0       0x14 Src\json\json_pattern.o
                0x08007fc0                jsonPattern_getJsonObject
 .text.jsonPattern_resetPatternCount
                0x08007fd4        0xc Src\json\json_pattern.o
                0x08007fd4                jsonPattern_resetPatternCount
 .text.jsonPattern_addNewPattern
                0x08007fe0        0xc Src\json\json_pattern.o
                0x08007fe0                jsonPattern_addNewPattern
 .text.objectStart
                0x08007fec       0x16 Src\json\json_pattern_data.o
 .text.arrayObjectStart
                0x08008002       0x1a Src\json\json_pattern_data.o
 .text.numberReceived
                0x0800801c       0x16 Src\json\json_pattern_data.o
 .text.stringReceived
                0x08008032       0x16 Src\json\json_pattern_data.o
 .text.arrayNumberReceived
                0x08008048       0x34 Src\json\json_pattern_data.o
 .text.arrayStringReceived
                0x0800807c       0x1a Src\json\json_pattern_data.o
 *fill*         0x08008096        0x2 
 .text.jsonPatternData_getJsonObject
                0x08008098       0x14 Src\json\json_pattern_data.o
                0x08008098                jsonPatternData_getJsonObject
 .text.jsonPatternData_setDataIndex
                0x080080ac       0x1a Src\json\json_pattern_data.o
                0x080080ac                jsonPatternData_setDataIndex
 .text.objectStart
                0x080080c6       0x16 Src\json\json_sequence.o
 .text.arrayObjectStart
                0x080080dc       0x40 Src\json\json_sequence.o
 .text.numberReceived
                0x0800811c       0x30 Src\json\json_sequence.o
 .text.stringReceived
                0x0800814c       0x16 Src\json\json_sequence.o
 .text.arrayNumberReceived
                0x08008162       0x1a Src\json\json_sequence.o
 .text.arrayStringReceived
                0x0800817c       0x1a Src\json\json_sequence.o
 *fill*         0x08008196        0x2 
 .text.jsonSequence_getJsonObject
                0x08008198       0x14 Src\json\json_sequence.o
                0x08008198                jsonSequence_getJsonObject
 .text.jsonSequence_setIndex
                0x080081ac       0x26 Src\json\json_sequence.o
                0x080081ac                jsonSequence_setIndex
 *fill*         0x080081d2        0x2 
 .text.VCP_Receive_FS
                0x080081d4       0x70 Src\json\vcp_communication.o
                0x080081d4                VCP_Receive_FS
 .text.VCP_retrieveInputData
                0x08008244       0x90 Src\json\vcp_communication.o
                0x08008244                VCP_retrieveInputData
 .text.LED_setSequence
                0x080082d4       0xa8 Src\led.o
                0x080082d4                LED_setSequence
 .text.getCurrentPatternInterval
                0x0800837c       0x44 Src\led.o
 .text.getCurrentPatternValue
                0x080083c0       0x5c Src\led.o
 .text.getCurrentPatternLength
                0x0800841c       0x44 Src\led.o
 .text.getCurrentPatternStartingPosition
                0x08008460       0x44 Src\led.o
 .text.getCurrentPatternDuration
                0x080084a4       0x44 Src\led.o
 .text.LED_startLedSequence
                0x080084e8       0xc4 Src\led.o
                0x080084e8                LED_startLedSequence
 .text.LED_stopLedSequence
                0x080085ac       0x48 Src\led.o
                0x080085ac                LED_stopLedSequence
 .text.LED_timer_interval_irq
                0x080085f4      0x22c Src\led.o
                0x080085f4                LED_timer_interval_irq
 .text.LED_changePWM_Duty
                0x08008820       0xbc Src\led.o
                0x08008820                LED_changePWM_Duty
 .text.tim6_IRQ
                0x080088dc        0xc Src\main.o
                0x080088dc                tim6_IRQ
 .text.main     0x080088e8       0x48 Src\main.o
                0x080088e8                main
 .text.SystemClock_Config
                0x08008930      0x110 Src\main.o
                0x08008930                SystemClock_Config
 .text.MX_I2C1_Init
                0x08008a40       0x64 Src\main.o
 .text.MX_I2S3_Init
                0x08008aa4       0x68 Src\main.o
 .text.MX_SPI1_Init
                0x08008b0c       0x78 Src\main.o
 .text.MX_TIM1_Init
                0x08008b84      0x184 Src\main.o
 .text.MX_TIM2_Init
                0x08008d08      0x130 Src\main.o
 .text.MX_TIM6_Init
                0x08008e38       0x6c Src\main.o
 .text.MX_GPIO_Init
                0x08008ea4      0x1f8 Src\main.o
 .text._Error_Handler
                0x0800909c        0xc Src\main.o
                0x0800909c                _Error_Handler
 .text.MX_USB_DEVICE_Init
                0x080090a8       0x38 Src\usb\usb_device.o
                0x080090a8                MX_USB_DEVICE_Init
 .text.CDC_Init_FS
                0x080090e0       0x28 Src\usb\usbd_cdc_if.o
 .text.CDC_DeInit_FS
                0x08009108       0x10 Src\usb\usbd_cdc_if.o
 .text.CDC_Control_FS
                0x08009118       0xf4 Src\usb\usbd_cdc_if.o
 .text.CDC_Receive_FS
                0x0800920c       0x1c Src\usb\usbd_cdc_if.o
 .text.HAL_PCD_MspInit
                0x08009228       0x98 Src\usb\usbd_conf.o
                0x08009228                HAL_PCD_MspInit
 .text.HAL_PCD_SetupStageCallback
                0x080092c0       0x24 Src\usb\usbd_conf.o
                0x080092c0                HAL_PCD_SetupStageCallback
 .text.HAL_PCD_DataOutStageCallback
                0x080092e4       0x36 Src\usb\usbd_conf.o
                0x080092e4                HAL_PCD_DataOutStageCallback
 .text.HAL_PCD_DataInStageCallback
                0x0800931a       0x34 Src\usb\usbd_conf.o
                0x0800931a                HAL_PCD_DataInStageCallback
 .text.HAL_PCD_SOFCallback
                0x0800934e       0x1c Src\usb\usbd_conf.o
                0x0800934e                HAL_PCD_SOFCallback
 .text.HAL_PCD_ResetCallback
                0x0800936a       0x50 Src\usb\usbd_conf.o
                0x0800936a                HAL_PCD_ResetCallback
 *fill*         0x080093ba        0x2 
 .text.HAL_PCD_SuspendCallback
                0x080093bc       0x50 Src\usb\usbd_conf.o
                0x080093bc                HAL_PCD_SuspendCallback
 .text.HAL_PCD_ResumeCallback
                0x0800940c       0x1c Src\usb\usbd_conf.o
                0x0800940c                HAL_PCD_ResumeCallback
 .text.HAL_PCD_ISOOUTIncompleteCallback
                0x08009428       0x24 Src\usb\usbd_conf.o
                0x08009428                HAL_PCD_ISOOUTIncompleteCallback
 .text.HAL_PCD_ISOINIncompleteCallback
                0x0800944c       0x24 Src\usb\usbd_conf.o
                0x0800944c                HAL_PCD_ISOINIncompleteCallback
 .text.HAL_PCD_ConnectCallback
                0x08009470       0x1c Src\usb\usbd_conf.o
                0x08009470                HAL_PCD_ConnectCallback
 .text.HAL_PCD_DisconnectCallback
                0x0800948c       0x1c Src\usb\usbd_conf.o
                0x0800948c                HAL_PCD_DisconnectCallback
 .text.USBD_LL_Init
                0x080094a8       0xa8 Src\usb\usbd_conf.o
                0x080094a8                USBD_LL_Init
 .text.USBD_LL_Start
                0x08009550       0x64 Src\usb\usbd_conf.o
                0x08009550                USBD_LL_Start
 .text.USBD_LL_OpenEP
                0x080095b4       0x7c Src\usb\usbd_conf.o
                0x080095b4                USBD_LL_OpenEP
 .text.USBD_LL_CloseEP
                0x08009630       0x6c Src\usb\usbd_conf.o
                0x08009630                USBD_LL_CloseEP
 .text.USBD_LL_StallEP
                0x0800969c       0x6c Src\usb\usbd_conf.o
                0x0800969c                USBD_LL_StallEP
 .text.USBD_LL_ClearStallEP
                0x08009708       0x6c Src\usb\usbd_conf.o
                0x08009708                USBD_LL_ClearStallEP
 .text.USBD_LL_IsStallEP
                0x08009774       0x58 Src\usb\usbd_conf.o
                0x08009774                USBD_LL_IsStallEP
 .text.USBD_LL_SetUSBAddress
                0x080097cc       0x6c Src\usb\usbd_conf.o
                0x080097cc                USBD_LL_SetUSBAddress
 .text.USBD_LL_Transmit
                0x08009838       0x74 Src\usb\usbd_conf.o
                0x08009838                USBD_LL_Transmit
 .text.USBD_LL_PrepareReceive
                0x080098ac       0x74 Src\usb\usbd_conf.o
                0x080098ac                USBD_LL_PrepareReceive
 .text.USBD_LL_GetRxDataSize
                0x08009920       0x26 Src\usb\usbd_conf.o
                0x08009920                USBD_LL_GetRxDataSize
 *fill*         0x08009946        0x2 
 .text.USBD_FS_DeviceDescriptor
                0x08009948       0x24 Src\usb\usbd_desc.o
                0x08009948                USBD_FS_DeviceDescriptor
 .text.USBD_FS_LangIDStrDescriptor
                0x0800996c       0x24 Src\usb\usbd_desc.o
                0x0800996c                USBD_FS_LangIDStrDescriptor
 .text.USBD_FS_ProductStrDescriptor
                0x08009990       0x3c Src\usb\usbd_desc.o
                0x08009990                USBD_FS_ProductStrDescriptor
 .text.USBD_FS_ManufacturerStrDescriptor
                0x080099cc       0x28 Src\usb\usbd_desc.o
                0x080099cc                USBD_FS_ManufacturerStrDescriptor
 .text.USBD_FS_SerialStrDescriptor
                0x080099f4       0x3c Src\usb\usbd_desc.o
                0x080099f4                USBD_FS_SerialStrDescriptor
 .text.USBD_FS_ConfigStrDescriptor
                0x08009a30       0x3c Src\usb\usbd_desc.o
                0x08009a30                USBD_FS_ConfigStrDescriptor
 .text.USBD_FS_InterfaceStrDescriptor
                0x08009a6c       0x3c Src\usb\usbd_desc.o
                0x08009a6c                USBD_FS_InterfaceStrDescriptor
 .text.Reset_Handler
                0x08009aa8       0x50 startup\startup_stm32f407xx.o
                0x08009aa8                Reset_Handler
 .text.Default_Handler
                0x08009af8        0x2 startup\startup_stm32f407xx.o
                0x08009af8                RTC_Alarm_IRQHandler
                0x08009af8                HASH_RNG_IRQHandler
                0x08009af8                EXTI2_IRQHandler
                0x08009af8                TIM8_CC_IRQHandler
                0x08009af8                DebugMon_Handler
                0x08009af8                TIM1_CC_IRQHandler
                0x08009af8                DMA2_Stream5_IRQHandler
                0x08009af8                HardFault_Handler
                0x08009af8                DMA1_Stream5_IRQHandler
                0x08009af8                PVD_IRQHandler
                0x08009af8                SDIO_IRQHandler
                0x08009af8                TAMP_STAMP_IRQHandler
                0x08009af8                PendSV_Handler
                0x08009af8                NMI_Handler
                0x08009af8                CAN2_RX1_IRQHandler
                0x08009af8                EXTI3_IRQHandler
                0x08009af8                TIM8_TRG_COM_TIM14_IRQHandler
                0x08009af8                TIM1_UP_TIM10_IRQHandler
                0x08009af8                TIM8_UP_TIM13_IRQHandler
                0x08009af8                I2C3_ER_IRQHandler
                0x08009af8                EXTI0_IRQHandler
                0x08009af8                I2C2_EV_IRQHandler
                0x08009af8                DMA1_Stream2_IRQHandler
                0x08009af8                CAN1_RX0_IRQHandler
                0x08009af8                FPU_IRQHandler
                0x08009af8                OTG_HS_WKUP_IRQHandler
                0x08009af8                UsageFault_Handler
                0x08009af8                CAN2_SCE_IRQHandler
                0x08009af8                DMA2_Stream2_IRQHandler
                0x08009af8                SPI1_IRQHandler
                0x08009af8                TIM1_BRK_TIM9_IRQHandler
                0x08009af8                DCMI_IRQHandler
                0x08009af8                CAN2_RX0_IRQHandler
                0x08009af8                DMA2_Stream3_IRQHandler
                0x08009af8                USART6_IRQHandler
                0x08009af8                USART3_IRQHandler
                0x08009af8                CAN1_RX1_IRQHandler
                0x08009af8                UART5_IRQHandler
                0x08009af8                DMA2_Stream0_IRQHandler
                0x08009af8                TIM4_IRQHandler
                0x08009af8                I2C1_EV_IRQHandler
                0x08009af8                DMA1_Stream6_IRQHandler
                0x08009af8                DMA1_Stream1_IRQHandler
                0x08009af8                UART4_IRQHandler
                0x08009af8                TIM3_IRQHandler
                0x08009af8                RCC_IRQHandler
                0x08009af8                TIM8_BRK_TIM12_IRQHandler
                0x08009af8                Default_Handler
                0x08009af8                EXTI15_10_IRQHandler
                0x08009af8                ADC_IRQHandler
                0x08009af8                DMA1_Stream7_IRQHandler
                0x08009af8                TIM7_IRQHandler
                0x08009af8                CAN2_TX_IRQHandler
                0x08009af8                TIM5_IRQHandler
                0x08009af8                DMA2_Stream7_IRQHandler
                0x08009af8                I2C3_EV_IRQHandler
                0x08009af8                EXTI9_5_IRQHandler
                0x08009af8                RTC_WKUP_IRQHandler
                0x08009af8                ETH_WKUP_IRQHandler
                0x08009af8                SPI2_IRQHandler
                0x08009af8                OTG_HS_EP1_IN_IRQHandler
                0x08009af8                MemManage_Handler
                0x08009af8                DMA1_Stream0_IRQHandler
                0x08009af8                CAN1_TX_IRQHandler
                0x08009af8                SVC_Handler
                0x08009af8                EXTI4_IRQHandler
                0x08009af8                FSMC_IRQHandler
                0x08009af8                ETH_IRQHandler
                0x08009af8                OTG_HS_EP1_OUT_IRQHandler
                0x08009af8                WWDG_IRQHandler
                0x08009af8                TIM2_IRQHandler
                0x08009af8                OTG_FS_WKUP_IRQHandler
                0x08009af8                TIM1_TRG_COM_TIM11_IRQHandler
                0x08009af8                OTG_HS_IRQHandler
                0x08009af8                EXTI1_IRQHandler
                0x08009af8                USART2_IRQHandler
                0x08009af8                I2C2_ER_IRQHandler
                0x08009af8                DMA2_Stream1_IRQHandler
                0x08009af8                CAN1_SCE_IRQHandler
                0x08009af8                FLASH_IRQHandler
                0x08009af8                DMA2_Stream4_IRQHandler
                0x08009af8                BusFault_Handler
                0x08009af8                USART1_IRQHandler
                0x08009af8                SPI3_IRQHandler
                0x08009af8                DMA1_Stream4_IRQHandler
                0x08009af8                I2C1_ER_IRQHandler
                0x08009af8                DMA2_Stream6_IRQHandler
                0x08009af8                DMA1_Stream3_IRQHandler
 *fill*         0x08009afa        0x2 
 .text.__assert_func
                0x08009afc       0x3c c:/program files (x86)/atollic/truestudio for stm32 9.3.0/armtools/bin/../lib/gcc/arm-atollic-eabi/6.3.1/../../../../arm-atollic-eabi/lib/armv7e-m/fpu\libc_nano.a(lib_a-assert.o)
                0x08009afc                __assert_func
 .text.fprintf  0x08009b38       0x24 c:/program files (x86)/atollic/truestudio for stm32 9.3.0/armtools/bin/../lib/gcc/arm-atollic-eabi/6.3.1/../../../../arm-atollic-eabi/lib/armv7e-m/fpu\libc_nano.a(lib_a-fprintf.o)
                0x08009b38                fiprintf
                0x08009b38                fprintf
 .text.__libc_init_array
                0x08009b5c       0x48 c:/program files (x86)/atollic/truestudio for stm32 9.3.0/armtools/bin/../lib/gcc/arm-atollic-eabi/6.3.1/../../../../arm-atollic-eabi/lib/armv7e-m/fpu\libc_nano.a(lib_a-init.o)
                0x08009b5c                __libc_init_array
 .text.malloc   0x08009ba4       0x10 c:/program files (x86)/atollic/truestudio for stm32 9.3.0/armtools/bin/../lib/gcc/arm-atollic-eabi/6.3.1/../../../../arm-atollic-eabi/lib/armv7e-m/fpu\libc_nano.a(lib_a-malloc.o)
                0x08009ba4                malloc
 .text.free     0x08009bb4       0x10 c:/program files (x86)/atollic/truestudio for stm32 9.3.0/armtools/bin/../lib/gcc/arm-atollic-eabi/6.3.1/../../../../arm-atollic-eabi/lib/armv7e-m/fpu\libc_nano.a(lib_a-malloc.o)
                0x08009bb4                free
 .text.memcpy   0x08009bc4       0x16 c:/program files (x86)/atollic/truestudio for stm32 9.3.0/armtools/bin/../lib/gcc/arm-atollic-eabi/6.3.1/../../../../arm-atollic-eabi/lib/armv7e-m/fpu\libc_nano.a(lib_a-memcpy-stub.o)
                0x08009bc4                memcpy
 *fill*         0x08009bda        0x2 
 .text._free_r  0x08009bdc       0x9c c:/program files (x86)/atollic/truestudio for stm32 9.3.0/armtools/bin/../lib/gcc/arm-atollic-eabi/6.3.1/../../../../arm-atollic-eabi/lib/armv7e-m/fpu\libc_nano.a(lib_a-nano-freer.o)
                0x08009bdc                _free_r
 .text._malloc_r
                0x08009c78       0xbc c:/program files (x86)/atollic/truestudio for stm32 9.3.0/armtools/bin/../lib/gcc/arm-atollic-eabi/6.3.1/../../../../arm-atollic-eabi/lib/armv7e-m/fpu\libc_nano.a(lib_a-nano-mallocr.o)
                0x08009c78                _malloc_r
 .text.__sfputc_r
                0x08009d34       0x30 c:/program files (x86)/atollic/truestudio for stm32 9.3.0/armtools/bin/../lib/gcc/arm-atollic-eabi/6.3.1/../../../../arm-atollic-eabi/lib/armv7e-m/fpu\libc_nano.a(lib_a-nano-vfprintf.o)
 .text.__sfputs_r
                0x08009d64       0x24 c:/program files (x86)/atollic/truestudio for stm32 9.3.0/armtools/bin/../lib/gcc/arm-atollic-eabi/6.3.1/../../../../arm-atollic-eabi/lib/armv7e-m/fpu\libc_nano.a(lib_a-nano-vfprintf.o)
                0x08009d64                __sfputs_r
 .text._vfprintf_r
                0x08009d88      0x22c c:/program files (x86)/atollic/truestudio for stm32 9.3.0/armtools/bin/../lib/gcc/arm-atollic-eabi/6.3.1/../../../../arm-atollic-eabi/lib/armv7e-m/fpu\libc_nano.a(lib_a-nano-vfprintf.o)
                0x08009d88                _vfprintf_r
                0x08009d88                _vfiprintf_r
 .text._printf_common
                0x08009fb4       0xec c:/program files (x86)/atollic/truestudio for stm32 9.3.0/armtools/bin/../lib/gcc/arm-atollic-eabi/6.3.1/../../../../arm-atollic-eabi/lib/armv7e-m/fpu\libc_nano.a(lib_a-nano-vfprintf_i.o)
                0x08009fb4                _printf_common
 .text._printf_i
                0x0800a0a0      0x240 c:/program files (x86)/atollic/truestudio for stm32 9.3.0/armtools/bin/../lib/gcc/arm-atollic-eabi/6.3.1/../../../../arm-atollic-eabi/lib/armv7e-m/fpu\libc_nano.a(lib_a-nano-vfprintf_i.o)
                0x0800a0a0                _printf_i
 .text.printf   0x0800a2e0       0x30 c:/program files (x86)/atollic/truestudio for stm32 9.3.0/armtools/bin/../lib/gcc/arm-atollic-eabi/6.3.1/../../../../arm-atollic-eabi/lib/armv7e-m/fpu\libc_nano.a(lib_a-printf.o)
                0x0800a2e0                iprintf
                0x0800a2e0                printf
 .text.putchar  0x0800a310       0x28 c:/program files (x86)/atollic/truestudio for stm32 9.3.0/armtools/bin/../lib/gcc/arm-atollic-eabi/6.3.1/../../../../arm-atollic-eabi/lib/armv7e-m/fpu\libc_nano.a(lib_a-putchar.o)
                0x0800a310                putchar
 .text._sbrk_r  0x0800a338       0x20 c:/program files (x86)/atollic/truestudio for stm32 9.3.0/armtools/bin/../lib/gcc/arm-atollic-eabi/6.3.1/../../../../arm-atollic-eabi/lib/armv7e-m/fpu\libc_nano.a(lib_a-sbrkr.o)
                0x0800a338                _sbrk_r
 .text.__swbuf_r
                0x0800a358       0xa4 c:/program files (x86)/atollic/truestudio for stm32 9.3.0/armtools/bin/../lib/gcc/arm-atollic-eabi/6.3.1/../../../../arm-atollic-eabi/lib/armv7e-m/fpu\libc_nano.a(lib_a-wbuf.o)
                0x0800a358                __swbuf_r
 .text.__swsetup_r
                0x0800a3fc       0xdc c:/program files (x86)/atollic/truestudio for stm32 9.3.0/armtools/bin/../lib/gcc/arm-atollic-eabi/6.3.1/../../../../arm-atollic-eabi/lib/armv7e-m/fpu\libc_nano.a(lib_a-wsetup.o)
                0x0800a3fc                __swsetup_r
 .text.abort    0x0800a4d8        0xe c:/program files (x86)/atollic/truestudio for stm32 9.3.0/armtools/bin/../lib/gcc/arm-atollic-eabi/6.3.1/../../../../arm-atollic-eabi/lib/armv7e-m/fpu\libc_nano.a(lib_a-abort.o)
                0x0800a4d8                abort
 *fill*         0x0800a4e6        0x2 
 .text.__sflush_r
                0x0800a4e8      0x110 c:/program files (x86)/atollic/truestudio for stm32 9.3.0/armtools/bin/../lib/gcc/arm-atollic-eabi/6.3.1/../../../../arm-atollic-eabi/lib/armv7e-m/fpu\libc_nano.a(lib_a-fflush.o)
                0x0800a4e8                __sflush_r
 .text._fflush_r
                0x0800a5f8       0x54 c:/program files (x86)/atollic/truestudio for stm32 9.3.0/armtools/bin/../lib/gcc/arm-atollic-eabi/6.3.1/../../../../arm-atollic-eabi/lib/armv7e-m/fpu\libc_nano.a(lib_a-fflush.o)
                0x0800a5f8                _fflush_r
 .text._cleanup_r
                0x0800a64c        0xc c:/program files (x86)/atollic/truestudio for stm32 9.3.0/armtools/bin/../lib/gcc/arm-atollic-eabi/6.3.1/../../../../arm-atollic-eabi/lib/armv7e-m/fpu\libc_nano.a(lib_a-findfp.o)
                0x0800a64c                _cleanup_r
 .text.std.isra.0
                0x0800a658       0x48 c:/program files (x86)/atollic/truestudio for stm32 9.3.0/armtools/bin/../lib/gcc/arm-atollic-eabi/6.3.1/../../../../arm-atollic-eabi/lib/armv7e-m/fpu\libc_nano.a(lib_a-findfp.o)
 .text.__sfmoreglue
                0x0800a6a0       0x2c c:/program files (x86)/atollic/truestudio for stm32 9.3.0/armtools/bin/../lib/gcc/arm-atollic-eabi/6.3.1/../../../../arm-atollic-eabi/lib/armv7e-m/fpu\libc_nano.a(lib_a-findfp.o)
                0x0800a6a0                __sfmoreglue
 .text.__sinit  0x0800a6cc       0x60 c:/program files (x86)/atollic/truestudio for stm32 9.3.0/armtools/bin/../lib/gcc/arm-atollic-eabi/6.3.1/../../../../arm-atollic-eabi/lib/armv7e-m/fpu\libc_nano.a(lib_a-findfp.o)
                0x0800a6cc                __sinit
 .text.__sfp    0x0800a72c       0x78 c:/program files (x86)/atollic/truestudio for stm32 9.3.0/armtools/bin/../lib/gcc/arm-atollic-eabi/6.3.1/../../../../arm-atollic-eabi/lib/armv7e-m/fpu\libc_nano.a(lib_a-findfp.o)
                0x0800a72c                __sfp
 .text._fwalk_reent
                0x0800a7a4       0x3c c:/program files (x86)/atollic/truestudio for stm32 9.3.0/armtools/bin/../lib/gcc/arm-atollic-eabi/6.3.1/../../../../arm-atollic-eabi/lib/armv7e-m/fpu\libc_nano.a(lib_a-fwalk.o)
                0x0800a7a4                _fwalk_reent
 .text.__swhatbuf_r
                0x0800a7e0       0x48 c:/program files (x86)/atollic/truestudio for stm32 9.3.0/armtools/bin/../lib/gcc/arm-atollic-eabi/6.3.1/../../../../arm-atollic-eabi/lib/armv7e-m/fpu\libc_nano.a(lib_a-makebuf.o)
                0x0800a7e0                __swhatbuf_r
 .text.__smakebuf_r
                0x0800a828       0x80 c:/program files (x86)/atollic/truestudio for stm32 9.3.0/armtools/bin/../lib/gcc/arm-atollic-eabi/6.3.1/../../../../arm-atollic-eabi/lib/armv7e-m/fpu\libc_nano.a(lib_a-makebuf.o)
                0x0800a828                __smakebuf_r
 .text.memset   0x0800a8a8       0x10 c:/program files (x86)/atollic/truestudio for stm32 9.3.0/armtools/bin/../lib/gcc/arm-atollic-eabi/6.3.1/../../../../arm-atollic-eabi/lib/armv7e-m/fpu\libc_nano.a(lib_a-memset.o)
                0x0800a8a8                memset
 .text.__malloc_lock
                0x0800a8b8        0x2 c:/program files (x86)/atollic/truestudio for stm32 9.3.0/armtools/bin/../lib/gcc/arm-atollic-eabi/6.3.1/../../../../arm-atollic-eabi/lib/armv7e-m/fpu\libc_nano.a(lib_a-mlock.o)
                0x0800a8b8                __malloc_lock
 .text.__malloc_unlock
                0x0800a8ba        0x2 c:/program files (x86)/atollic/truestudio for stm32 9.3.0/armtools/bin/../lib/gcc/arm-atollic-eabi/6.3.1/../../../../arm-atollic-eabi/lib/armv7e-m/fpu\libc_nano.a(lib_a-mlock.o)
                0x0800a8ba                __malloc_unlock
 .text._putc_r  0x0800a8bc       0x6c c:/program files (x86)/atollic/truestudio for stm32 9.3.0/armtools/bin/../lib/gcc/arm-atollic-eabi/6.3.1/../../../../arm-atollic-eabi/lib/armv7e-m/fpu\libc_nano.a(lib_a-putc.o)
                0x0800a8bc                _putc_r
 .text._raise_r
                0x0800a928       0x50 c:/program files (x86)/atollic/truestudio for stm32 9.3.0/armtools/bin/../lib/gcc/arm-atollic-eabi/6.3.1/../../../../arm-atollic-eabi/lib/armv7e-m/fpu\libc_nano.a(lib_a-signal.o)
                0x0800a928                _raise_r
 .text.raise    0x0800a978       0x10 c:/program files (x86)/atollic/truestudio for stm32 9.3.0/armtools/bin/../lib/gcc/arm-atollic-eabi/6.3.1/../../../../arm-atollic-eabi/lib/armv7e-m/fpu\libc_nano.a(lib_a-signal.o)
                0x0800a978                raise
 .text._kill_r  0x0800a988       0x24 c:/program files (x86)/atollic/truestudio for stm32 9.3.0/armtools/bin/../lib/gcc/arm-atollic-eabi/6.3.1/../../../../arm-atollic-eabi/lib/armv7e-m/fpu\libc_nano.a(lib_a-signalr.o)
                0x0800a988                _kill_r
 .text._getpid_r
                0x0800a9ac        0x4 c:/program files (x86)/atollic/truestudio for stm32 9.3.0/armtools/bin/../lib/gcc/arm-atollic-eabi/6.3.1/../../../../arm-atollic-eabi/lib/armv7e-m/fpu\libc_nano.a(lib_a-signalr.o)
                0x0800a9ac                _getpid_r
 .text.__sread  0x0800a9b0       0x22 c:/program files (x86)/atollic/truestudio for stm32 9.3.0/armtools/bin/../lib/gcc/arm-atollic-eabi/6.3.1/../../../../arm-atollic-eabi/lib/armv7e-m/fpu\libc_nano.a(lib_a-stdio.o)
                0x0800a9b0                __sread
 .text.__swrite
                0x0800a9d2       0x38 c:/program files (x86)/atollic/truestudio for stm32 9.3.0/armtools/bin/../lib/gcc/arm-atollic-eabi/6.3.1/../../../../arm-atollic-eabi/lib/armv7e-m/fpu\libc_nano.a(lib_a-stdio.o)
                0x0800a9d2                __swrite
 .text.__sseek  0x0800aa0a       0x24 c:/program files (x86)/atollic/truestudio for stm32 9.3.0/armtools/bin/../lib/gcc/arm-atollic-eabi/6.3.1/../../../../arm-atollic-eabi/lib/armv7e-m/fpu\libc_nano.a(lib_a-stdio.o)
                0x0800aa0a                __sseek
 .text.__sclose
                0x0800aa2e        0x8 c:/program files (x86)/atollic/truestudio for stm32 9.3.0/armtools/bin/../lib/gcc/arm-atollic-eabi/6.3.1/../../../../arm-atollic-eabi/lib/armv7e-m/fpu\libc_nano.a(lib_a-stdio.o)
                0x0800aa2e                __sclose
 *fill*         0x0800aa36        0x2 
 .text._write_r
                0x0800aa38       0x24 c:/program files (x86)/atollic/truestudio for stm32 9.3.0/armtools/bin/../lib/gcc/arm-atollic-eabi/6.3.1/../../../../arm-atollic-eabi/lib/armv7e-m/fpu\libc_nano.a(lib_a-writer.o)
                0x0800aa38                _write_r
 .text._close_r
                0x0800aa5c       0x20 c:/program files (x86)/atollic/truestudio for stm32 9.3.0/armtools/bin/../lib/gcc/arm-atollic-eabi/6.3.1/../../../../arm-atollic-eabi/lib/armv7e-m/fpu\libc_nano.a(lib_a-closer.o)
                0x0800aa5c                _close_r
 .text._fstat_r
                0x0800aa7c       0x24 c:/program files (x86)/atollic/truestudio for stm32 9.3.0/armtools/bin/../lib/gcc/arm-atollic-eabi/6.3.1/../../../../arm-atollic-eabi/lib/armv7e-m/fpu\libc_nano.a(lib_a-fstatr.o)
                0x0800aa7c                _fstat_r
 .text._isatty_r
                0x0800aaa0       0x20 c:/program files (x86)/atollic/truestudio for stm32 9.3.0/armtools/bin/../lib/gcc/arm-atollic-eabi/6.3.1/../../../../arm-atollic-eabi/lib/armv7e-m/fpu\libc_nano.a(lib_a-isattyr.o)
                0x0800aaa0                _isatty_r
 .text._lseek_r
                0x0800aac0       0x24 c:/program files (x86)/atollic/truestudio for stm32 9.3.0/armtools/bin/../lib/gcc/arm-atollic-eabi/6.3.1/../../../../arm-atollic-eabi/lib/armv7e-m/fpu\libc_nano.a(lib_a-lseekr.o)
                0x0800aac0                _lseek_r
 .text._read_r  0x0800aae4       0x24 c:/program files (x86)/atollic/truestudio for stm32 9.3.0/armtools/bin/../lib/gcc/arm-atollic-eabi/6.3.1/../../../../arm-atollic-eabi/lib/armv7e-m/fpu\libc_nano.a(lib_a-readr.o)
                0x0800aae4                _read_r
 .text._close   0x0800ab08       0x10 c:/program files (x86)/atollic/truestudio for stm32 9.3.0/armtools/bin/../lib/gcc/arm-atollic-eabi/6.3.1/../../../../arm-atollic-eabi/lib/armv7e-m/fpu\libnosys.a(close.o)
                0x0800ab08                _close
 .text._fstat   0x0800ab18       0x10 c:/program files (x86)/atollic/truestudio for stm32 9.3.0/armtools/bin/../lib/gcc/arm-atollic-eabi/6.3.1/../../../../arm-atollic-eabi/lib/armv7e-m/fpu\libnosys.a(fstat.o)
                0x0800ab18                _fstat
 .text._getpid  0x0800ab28       0x10 c:/program files (x86)/atollic/truestudio for stm32 9.3.0/armtools/bin/../lib/gcc/arm-atollic-eabi/6.3.1/../../../../arm-atollic-eabi/lib/armv7e-m/fpu\libnosys.a(getpid.o)
                0x0800ab28                _getpid
 .text._isatty  0x0800ab38       0x10 c:/program files (x86)/atollic/truestudio for stm32 9.3.0/armtools/bin/../lib/gcc/arm-atollic-eabi/6.3.1/../../../../arm-atollic-eabi/lib/armv7e-m/fpu\libnosys.a(isatty.o)
                0x0800ab38                _isatty
 .text._kill    0x0800ab48       0x10 c:/program files (x86)/atollic/truestudio for stm32 9.3.0/armtools/bin/../lib/gcc/arm-atollic-eabi/6.3.1/../../../../arm-atollic-eabi/lib/armv7e-m/fpu\libnosys.a(kill.o)
                0x0800ab48                _kill
 .text._lseek   0x0800ab58       0x10 c:/program files (x86)/atollic/truestudio for stm32 9.3.0/armtools/bin/../lib/gcc/arm-atollic-eabi/6.3.1/../../../../arm-atollic-eabi/lib/armv7e-m/fpu\libnosys.a(lseek.o)
                0x0800ab58                _lseek
 .text._read    0x0800ab68       0x10 c:/program files (x86)/atollic/truestudio for stm32 9.3.0/armtools/bin/../lib/gcc/arm-atollic-eabi/6.3.1/../../../../arm-atollic-eabi/lib/armv7e-m/fpu\libnosys.a(read.o)
                0x0800ab68                _read
 .text._sbrk    0x0800ab78       0x1c c:/program files (x86)/atollic/truestudio for stm32 9.3.0/armtools/bin/../lib/gcc/arm-atollic-eabi/6.3.1/../../../../arm-atollic-eabi/lib/armv7e-m/fpu\libnosys.a(sbrk.o)
                0x0800ab78                _sbrk
 .text._write   0x0800ab94       0x10 c:/program files (x86)/atollic/truestudio for stm32 9.3.0/armtools/bin/../lib/gcc/arm-atollic-eabi/6.3.1/../../../../arm-atollic-eabi/lib/armv7e-m/fpu\libnosys.a(write.o)
                0x0800ab94                _write
 .text._exit    0x0800aba4        0x2 c:/program files (x86)/atollic/truestudio for stm32 9.3.0/armtools/bin/../lib/gcc/arm-atollic-eabi/6.3.1/../../../../arm-atollic-eabi/lib/armv7e-m/fpu\libnosys.a(_exit.o)
                0x0800aba4                _exit
 *(.glue_7)
 .glue_7        0x0800aba6        0x0 linker stubs
 *(.glue_7t)
 .glue_7t       0x0800aba6        0x0 linker stubs
 *(.eh_frame)
 *fill*         0x0800aba6        0x2 
 .eh_frame      0x0800aba8        0x0 c:/program files (x86)/atollic/truestudio for stm32 9.3.0/armtools/bin/../lib/gcc/arm-atollic-eabi/6.3.1/armv7e-m/fpu/crtbegin.o
 *(.init)
 .init          0x0800aba8        0x4 c:/program files (x86)/atollic/truestudio for stm32 9.3.0/armtools/bin/../lib/gcc/arm-atollic-eabi/6.3.1/armv7e-m/fpu/crti.o
                0x0800aba8                _init
 .init          0x0800abac        0x8 c:/program files (x86)/atollic/truestudio for stm32 9.3.0/armtools/bin/../lib/gcc/arm-atollic-eabi/6.3.1/armv7e-m/fpu/crtn.o
 *(.fini)
 .fini          0x0800abb4        0x4 c:/program files (x86)/atollic/truestudio for stm32 9.3.0/armtools/bin/../lib/gcc/arm-atollic-eabi/6.3.1/armv7e-m/fpu/crti.o
                0x0800abb4                _fini
 .fini          0x0800abb8        0x8 c:/program files (x86)/atollic/truestudio for stm32 9.3.0/armtools/bin/../lib/gcc/arm-atollic-eabi/6.3.1/armv7e-m/fpu/crtn.o
                0x0800abc0                . = ALIGN (0x4)
                0x0800abc0                _etext = .

.vfp11_veneer   0x0800abc0        0x0
 .vfp11_veneer  0x0800abc0        0x0 linker stubs

.v4_bx          0x0800abc0        0x0
 .v4_bx         0x0800abc0        0x0 linker stubs

.iplt           0x0800abc0        0x0
 .iplt          0x0800abc0        0x0 c:/program files (x86)/atollic/truestudio for stm32 9.3.0/armtools/bin/../lib/gcc/arm-atollic-eabi/6.3.1/armv7e-m/fpu/crtbegin.o

.rodata         0x0800abc0      0x294
                0x0800abc0                . = ALIGN (0x4)
 *(.rodata)
 .rodata        0x0800abc0       0x35 Middlewares\ST\STM32_USB_Device_Library\Core\Src\usbd_core.o
 *fill*         0x0800abf5        0x3 
 .rodata        0x0800abf8       0x18 Src\controller.o
 .rodata        0x0800ac10       0x11 Src\json\json_led.o
 *fill*         0x0800ac21        0x3 
 .rodata        0x0800ac24       0x55 Src\json\json_main_object.o
 *fill*         0x0800ac79        0x3 
 .rodata        0x0800ac7c       0x39 Src\json\json_pattern.o
 *fill*         0x0800acb5        0x3 
 .rodata        0x0800acb8        0x5 Src\json\json_pattern_data.o
 *fill*         0x0800acbd        0x3 
 .rodata        0x0800acc0       0x15 Src\json\json_sequence.o
 *fill*         0x0800acd5        0x3 
 .rodata        0x0800acd8        0xe Src\main.o
 *fill*         0x0800ace6        0x2 
 .rodata        0x0800ace8       0x17 Src\usb\usbd_conf.o
 *fill*         0x0800acff        0x1 
 .rodata        0x0800ad00       0x56 Src\usb\usbd_desc.o
 *(.rodata*)
 *fill*         0x0800ad56        0x2 
 .rodata.__func__.10369
                0x0800ad58        0xf Src\controller.o
 *fill*         0x0800ad67        0x1 
 .rodata.AHBPrescTable
                0x0800ad68       0x10 Src\hal\system_stm32f4xx.o
                0x0800ad68                AHBPrescTable
 .rodata.APBPrescTable
                0x0800ad78        0x8 Src\hal\system_stm32f4xx.o
                0x0800ad78                APBPrescTable
 .rodata.__assert_func.str1.1
                0x0800ad80       0x3c c:/program files (x86)/atollic/truestudio for stm32 9.3.0/armtools/bin/../lib/gcc/arm-atollic-eabi/6.3.1/../../../../arm-atollic-eabi/lib/armv7e-m/fpu\libc_nano.a(lib_a-assert.o)
                                 0x3d (size before relaxing)
 .rodata._global_impure_ptr
                0x0800adbc        0x4 c:/program files (x86)/atollic/truestudio for stm32 9.3.0/armtools/bin/../lib/gcc/arm-atollic-eabi/6.3.1/../../../../arm-atollic-eabi/lib/armv7e-m/fpu\libc_nano.a(lib_a-impure.o)
                0x0800adbc                _global_impure_ptr
 .rodata._vfprintf_r.str1.1
                0x0800adc0       0x11 c:/program files (x86)/atollic/truestudio for stm32 9.3.0/armtools/bin/../lib/gcc/arm-atollic-eabi/6.3.1/../../../../arm-atollic-eabi/lib/armv7e-m/fpu\libc_nano.a(lib_a-nano-vfprintf.o)
 .rodata._printf_i.str1.1
                0x0800add1       0x22 c:/program files (x86)/atollic/truestudio for stm32 9.3.0/armtools/bin/../lib/gcc/arm-atollic-eabi/6.3.1/../../../../arm-atollic-eabi/lib/armv7e-m/fpu\libc_nano.a(lib_a-nano-vfprintf_i.o)
 *fill*         0x0800adf3        0x1 
 .rodata.__sf_fake_stderr
                0x0800adf4       0x20 c:/program files (x86)/atollic/truestudio for stm32 9.3.0/armtools/bin/../lib/gcc/arm-atollic-eabi/6.3.1/../../../../arm-atollic-eabi/lib/armv7e-m/fpu\libc_nano.a(lib_a-findfp.o)
                0x0800adf4                __sf_fake_stderr
 .rodata.__sf_fake_stdin
                0x0800ae14       0x20 c:/program files (x86)/atollic/truestudio for stm32 9.3.0/armtools/bin/../lib/gcc/arm-atollic-eabi/6.3.1/../../../../arm-atollic-eabi/lib/armv7e-m/fpu\libc_nano.a(lib_a-findfp.o)
                0x0800ae14                __sf_fake_stdin
 .rodata.__sf_fake_stdout
                0x0800ae34       0x20 c:/program files (x86)/atollic/truestudio for stm32 9.3.0/armtools/bin/../lib/gcc/arm-atollic-eabi/6.3.1/../../../../arm-atollic-eabi/lib/armv7e-m/fpu\libc_nano.a(lib_a-findfp.o)
                0x0800ae34                __sf_fake_stdout
                0x0800ae54                . = ALIGN (0x4)

.ARM.extab
 *(.ARM.extab* .gnu.linkonce.armextab.*)

.ARM            0x0800ae54        0x8
                0x0800ae54                __exidx_start = .
 *(.ARM.exidx*)
 .ARM.exidx     0x0800ae54        0x8 c:/program files (x86)/atollic/truestudio for stm32 9.3.0/armtools/bin/../lib/gcc/arm-atollic-eabi/6.3.1/armv7e-m/fpu\libgcc.a(_udivmoddi4.o)
                0x0800ae5c                __exidx_end = .

.rel.dyn        0x0800ae5c        0x0
 .rel.iplt      0x0800ae5c        0x0 c:/program files (x86)/atollic/truestudio for stm32 9.3.0/armtools/bin/../lib/gcc/arm-atollic-eabi/6.3.1/armv7e-m/fpu/crtbegin.o

.preinit_array  0x0800ae5c        0x0
                0x0800ae5c                PROVIDE (__preinit_array_start, .)
 *(.preinit_array*)
                0x0800ae5c                PROVIDE (__preinit_array_end, .)

.init_array     0x0800ae5c        0x4
                0x0800ae5c                PROVIDE (__init_array_start, .)
 *(SORT(.init_array.*))
 *(.init_array*)
 .init_array    0x0800ae5c        0x4 c:/program files (x86)/atollic/truestudio for stm32 9.3.0/armtools/bin/../lib/gcc/arm-atollic-eabi/6.3.1/armv7e-m/fpu/crtbegin.o
                0x0800ae60                PROVIDE (__init_array_end, .)

.fini_array     0x0800ae60        0x4
                [!provide]                PROVIDE (__fini_array_start, .)
 *(SORT(.fini_array.*))
 *(.fini_array*)
 .fini_array    0x0800ae60        0x4 c:/program files (x86)/atollic/truestudio for stm32 9.3.0/armtools/bin/../lib/gcc/arm-atollic-eabi/6.3.1/armv7e-m/fpu/crtbegin.o
                [!provide]                PROVIDE (__fini_array_end, .)
                0x0800ae64                _sidata = LOADADDR (.data)

.data           0x20000000      0x23c load address 0x0800ae64
                0x20000000                . = ALIGN (0x4)
                0x20000000                _sdata = .
 *(.data)
 *(.data*)
 .data.uwTickPrio
                0x20000000        0x4 Drivers\STM32F4xx_HAL_Driver\Src\stm32f4xx_hal.o
                0x20000000                uwTickPrio
 .data.uwTickFreq
                0x20000004        0x1 Drivers\STM32F4xx_HAL_Driver\Src\stm32f4xx_hal.o
                0x20000004                uwTickFreq
 *fill*         0x20000005        0x3 
 .data.USBD_CDC_DeviceQualifierDesc
                0x20000008        0xa Middlewares\ST\STM32_USB_Device_Library\Class\CDC\Src\usbd_cdc.o
 *fill*         0x20000012        0x2 
 .data.USBD_CDC
                0x20000014       0x38 Middlewares\ST\STM32_USB_Device_Library\Class\CDC\Src\usbd_cdc.o
                0x20000014                USBD_CDC
 .data.USBD_CDC_CfgHSDesc
                0x2000004c       0x43 Middlewares\ST\STM32_USB_Device_Library\Class\CDC\Src\usbd_cdc.o
                0x2000004c                USBD_CDC_CfgHSDesc
 *fill*         0x2000008f        0x1 
 .data.USBD_CDC_CfgFSDesc
                0x20000090       0x43 Middlewares\ST\STM32_USB_Device_Library\Class\CDC\Src\usbd_cdc.o
                0x20000090                USBD_CDC_CfgFSDesc
 *fill*         0x200000d3        0x1 
 .data.USBD_CDC_OtherSpeedCfgDesc
                0x200000d4       0x43 Middlewares\ST\STM32_USB_Device_Library\Class\CDC\Src\usbd_cdc.o
                0x200000d4                USBD_CDC_OtherSpeedCfgDesc
 *fill*         0x20000117        0x1 
 .data.SystemCoreClock
                0x20000118        0x4 Src\hal\system_stm32f4xx.o
                0x20000118                SystemCoreClock
 .data.jsonObject_Led
                0x2000011c       0x18 Src\json\json_led.o
 .data.jsonMainObject
                0x20000134       0x18 Src\json\json_main_object.o
                0x20000134                jsonMainObject
 .data.jsonObject_Pattern
                0x2000014c       0x18 Src\json\json_pattern.o
 .data.jsonObject_PatternData
                0x20000164       0x18 Src\json\json_pattern_data.o
 .data.jsonObject_Sequence
                0x2000017c       0x18 Src\json\json_sequence.o
 .data.USBD_Interface_fops_FS
                0x20000194       0x10 Src\usb\usbd_cdc_if.o
                0x20000194                USBD_Interface_fops_FS
 .data.FS_Desc  0x200001a4       0x1c Src\usb\usbd_desc.o
                0x200001a4                FS_Desc
 .data.USBD_FS_DeviceDesc
                0x200001c0       0x12 Src\usb\usbd_desc.o
                0x200001c0                USBD_FS_DeviceDesc
 *fill*         0x200001d2        0x2 
 .data.USBD_LangIDDesc
                0x200001d4        0x4 Src\usb\usbd_desc.o
                0x200001d4                USBD_LangIDDesc
 .data._impure_ptr
                0x200001d8        0x4 c:/program files (x86)/atollic/truestudio for stm32 9.3.0/armtools/bin/../lib/gcc/arm-atollic-eabi/6.3.1/../../../../arm-atollic-eabi/lib/armv7e-m/fpu\libc_nano.a(lib_a-impure.o)
                0x200001d8                _impure_ptr
 .data.impure_data
                0x200001dc       0x60 c:/program files (x86)/atollic/truestudio for stm32 9.3.0/armtools/bin/../lib/gcc/arm-atollic-eabi/6.3.1/../../../../arm-atollic-eabi/lib/armv7e-m/fpu\libc_nano.a(lib_a-impure.o)
                0x2000023c                . = ALIGN (0x4)
                0x2000023c                _edata = .
                0x0800b0a0                _siccmram = LOADADDR (.ccmram)

.igot.plt       0x2000023c        0x0 load address 0x0800b0a0
 .igot.plt      0x2000023c        0x0 c:/program files (x86)/atollic/truestudio for stm32 9.3.0/armtools/bin/../lib/gcc/arm-atollic-eabi/6.3.1/armv7e-m/fpu/crtbegin.o

.ccmram         0x10000000        0x0 load address 0x0800b0a0
                0x10000000                . = ALIGN (0x4)
                0x10000000                _sccmram = .
 *(.ccmram)
 *(.ccmram*)
                0x10000000                . = ALIGN (0x4)
                0x10000000                _eccmram = .
                0x10000000                . = ALIGN (0x4)

.bss            0x2000023c    0x1db48
                0x2000023c                _sbss = .
                0x2000023c                __bss_start__ = _sbss
 *(.bss)
 .bss           0x2000023c       0x1c c:/program files (x86)/atollic/truestudio for stm32 9.3.0/armtools/bin/../lib/gcc/arm-atollic-eabi/6.3.1/armv7e-m/fpu/crtbegin.o
 *(.bss*)
 .bss.ifalt.10283
                0x20000258        0x1 Middlewares\ST\STM32_USB_Device_Library\Class\CDC\Src\usbd_cdc.o
 .bss.cfgidx.10288
                0x20000259        0x1 Middlewares\ST\STM32_USB_Device_Library\Core\Src\usbd_ctlreq.o
 *fill*         0x2000025a        0x2 
 .bss.vcp_length
                0x2000025c        0x4 Src\controller.o
 .bss.vcp_data  0x20000260       0xc8 Src\controller.o
 .bss.savedPatterns
                0x20000328     0x1f40 Src\data\pattern.o
 .bss.currentPatternCount
                0x20002268        0x2 Src\data\pattern.o
 .bss.currentPatternIndex
                0x2000226a        0x2 Src\data\pattern.o
 .bss.patternDatas
                0x2000226c      0xc80 Src\data\pattern_data.o
 .bss.dataIndex
                0x20002eec        0x2 Src\data\pattern_data.o
 *fill*         0x20002eee        0x2 
 .bss.data      0x20002ef0    0x186a0 Src\data\pattern_data.o
 .bss.dataPosition
                0x2001b590        0x2 Src\data\pattern_data.o
 *fill*         0x2001b592        0x2 
 .bss.ledSequences
                0x2001b594      0x690 Src\data\sequence.o
 .bss.sequenceIndex
                0x2001bc24        0x1 Src\data\sequence.o
 *fill*         0x2001bc25        0x3 
 .bss.jsonArrayValuePosition
                0x2001bc28        0xa Src\json\json_decoder.o
 *fill*         0x2001bc32        0x2 
 .bss.jsonNumberDecoded
                0x2001bc34        0x4 Src\json\json_decoder.o
 .bss.jsonStringValueDecodedPosition
                0x2001bc38        0x1 Src\json\json_decoder.o
 *fill*         0x2001bc39        0x3 
 .bss.jsonStringValueDecoded
                0x2001bc3c       0x32 Src\json\json_decoder.o
 *fill*         0x2001bc6e        0x2 
 .bss.jsonDecodedString
                0x2001bc70       0xfa Src\json\json_decoder.o
 .bss.jsonDecodedStringPosition
                0x2001bd6a        0x1 Src\json\json_decoder.o
 *fill*         0x2001bd6b        0x1 
 .bss.jsonObjectStates
                0x2001bd6c        0x5 Src\json\json_decoder.o
 .bss.jsonMainDecoderState
                0x2001bd71        0x1 Src\json\json_decoder.o
 .bss.jsonCurrentLevel
                0x2001bd72        0x1 Src\json\json_decoder.o
 *fill*         0x2001bd73        0x1 
 .bss.currentObject
                0x2001bd74        0x4 Src\json\json_decoder.o
 .bss.objectsStack
                0x2001bd78       0x14 Src\json\json_decoder.o
 .bss.ledIndex  0x2001bd8c        0x1 Src\json\json_led.o
 *fill*         0x2001bd8d        0x3 
 .bss.s_RxBuffers
                0x2001bd90      0xc9c Src\json\vcp_communication.o
 .bss.leds      0x2001ca2c       0xc0 Src\led.o
 .bss.__malloc_free_list
                0x2001caec        0x4 c:/program files (x86)/atollic/truestudio for stm32 9.3.0/armtools/bin/../lib/gcc/arm-atollic-eabi/6.3.1/../../../../arm-atollic-eabi/lib/armv7e-m/fpu\libc_nano.a(lib_a-nano-mallocr.o)
                0x2001caec                __malloc_free_list
 .bss.__malloc_sbrk_start
                0x2001caf0        0x4 c:/program files (x86)/atollic/truestudio for stm32 9.3.0/armtools/bin/../lib/gcc/arm-atollic-eabi/6.3.1/../../../../arm-atollic-eabi/lib/armv7e-m/fpu\libc_nano.a(lib_a-nano-mallocr.o)
                0x2001caf0                __malloc_sbrk_start
 .bss.heap_end.5239
                0x2001caf4        0x4 c:/program files (x86)/atollic/truestudio for stm32 9.3.0/armtools/bin/../lib/gcc/arm-atollic-eabi/6.3.1/../../../../arm-atollic-eabi/lib/armv7e-m/fpu\libnosys.a(sbrk.o)
 *(COMMON)
 COMMON         0x2001caf8        0x4 Drivers\STM32F4xx_HAL_Driver\Src\stm32f4xx_hal.o
                0x2001caf8                uwTick
 COMMON         0x2001cafc      0x1a8 Src\main.o
                0x2001cafc                hi2c1
                0x2001cb50                htim6
                0x2001cb8c                htim1
                0x2001cbc8                hspi1
                0x2001cc20                htim2
                0x2001cc5c                hi2s3
 COMMON         0x2001cca4      0x224 Src\usb\usb_device.o
                0x2001cca4                hUsbDeviceFS
 COMMON         0x2001cec8      0x8c8 Src\usb\usbd_cdc_if.o
                0x2001cec8                UserRxBufferFS
                0x2001cf90                UserTxBufferFS
 COMMON         0x2001d790      0x3f0 Src\usb\usbd_conf.o
                0x2001d790                hpcd_USB_OTG_FS
 COMMON         0x2001db80      0x200 Src\usb\usbd_desc.o
                0x2001db80                USBD_StrDesc
 COMMON         0x2001dd80        0x4 c:/program files (x86)/atollic/truestudio for stm32 9.3.0/armtools/bin/../lib/gcc/arm-atollic-eabi/6.3.1/../../../../arm-atollic-eabi/lib/armv7e-m/fpu\libc_nano.a(lib_a-reent.o)
                0x2001dd80                errno
                0x2001dd84                . = ALIGN (0x4)
                0x2001dd84                _ebss = .
                0x2001dd84                __bss_end__ = _ebss

._user_heap_stack
                0x2001dd84      0x600
                0x2001dd84                . = ALIGN (0x4)
                0x2001dd84                PROVIDE (end, .)
                [!provide]                PROVIDE (_end, .)
                0x2001df84                . = (. + _Min_Heap_Size)
 *fill*         0x2001dd84      0x200 
                0x2001e384                . = (. + _Min_Stack_Size)
 *fill*         0x2001df84      0x400 
                0x2001e384                . = ALIGN (0x4)

/DISCARD/
 libc.a(*)
 libm.a(*)
 libgcc.a(*)

.ARM.attributes
                0x00000000       0x30
 *(.ARM.attributes)
 .ARM.attributes
                0x00000000       0x22 c:/program files (x86)/atollic/truestudio for stm32 9.3.0/armtools/bin/../lib/gcc/arm-atollic-eabi/6.3.1/armv7e-m/fpu/crti.o
 .ARM.attributes
                0x00000022       0x34 c:/program files (x86)/atollic/truestudio for stm32 9.3.0/armtools/bin/../lib/gcc/arm-atollic-eabi/6.3.1/armv7e-m/fpu/crtbegin.o
 .ARM.attributes
                0x00000056       0x39 Drivers\STM32F4xx_HAL_Driver\Src\stm32f4xx_hal.o
 .ARM.attributes
                0x0000008f       0x39 Drivers\STM32F4xx_HAL_Driver\Src\stm32f4xx_hal_cortex.o
 .ARM.attributes
                0x000000c8       0x39 Drivers\STM32F4xx_HAL_Driver\Src\stm32f4xx_hal_gpio.o
 .ARM.attributes
                0x00000101       0x39 Drivers\STM32F4xx_HAL_Driver\Src\stm32f4xx_hal_i2c.o
 .ARM.attributes
                0x0000013a       0x39 Drivers\STM32F4xx_HAL_Driver\Src\stm32f4xx_hal_i2s.o
 .ARM.attributes
                0x00000173       0x39 Drivers\STM32F4xx_HAL_Driver\Src\stm32f4xx_hal_i2s_ex.o
 .ARM.attributes
                0x000001ac       0x39 Drivers\STM32F4xx_HAL_Driver\Src\stm32f4xx_hal_pcd.o
 .ARM.attributes
                0x000001e5       0x39 Drivers\STM32F4xx_HAL_Driver\Src\stm32f4xx_hal_pcd_ex.o
 .ARM.attributes
                0x0000021e       0x39 Drivers\STM32F4xx_HAL_Driver\Src\stm32f4xx_hal_rcc.o
 .ARM.attributes
                0x00000257       0x39 Drivers\STM32F4xx_HAL_Driver\Src\stm32f4xx_hal_rcc_ex.o
 .ARM.attributes
                0x00000290       0x39 Drivers\STM32F4xx_HAL_Driver\Src\stm32f4xx_hal_spi.o
 .ARM.attributes
                0x000002c9       0x39 Drivers\STM32F4xx_HAL_Driver\Src\stm32f4xx_hal_tim.o
 .ARM.attributes
                0x00000302       0x39 Drivers\STM32F4xx_HAL_Driver\Src\stm32f4xx_hal_tim_ex.o
 .ARM.attributes
                0x0000033b       0x39 Drivers\STM32F4xx_HAL_Driver\Src\stm32f4xx_ll_usb.o
 .ARM.attributes
                0x00000374       0x39 Middlewares\ST\STM32_USB_Device_Library\Class\CDC\Src\usbd_cdc.o
 .ARM.attributes
                0x000003ad       0x39 Middlewares\ST\STM32_USB_Device_Library\Core\Src\usbd_core.o
 .ARM.attributes
                0x000003e6       0x39 Middlewares\ST\STM32_USB_Device_Library\Core\Src\usbd_ctlreq.o
 .ARM.attributes
                0x0000041f       0x39 Middlewares\ST\STM32_USB_Device_Library\Core\Src\usbd_ioreq.o
 .ARM.attributes
                0x00000458       0x39 Src\controller.o
 .ARM.attributes
                0x00000491       0x39 Src\data\pattern.o
 .ARM.attributes
                0x000004ca       0x39 Src\data\pattern_data.o
 .ARM.attributes
                0x00000503       0x39 Src\data\sequence.o
 .ARM.attributes
                0x0000053c       0x39 Src\hal\stm32f4xx_hal_msp.o
 .ARM.attributes
                0x00000575       0x39 Src\hal\stm32f4xx_it.o
 .ARM.attributes
                0x000005ae       0x39 Src\hal\system_stm32f4xx.o
 .ARM.attributes
                0x000005e7       0x39 Src\json\json_decoder.o
 .ARM.attributes
                0x00000620       0x39 Src\json\json_led.o
 .ARM.attributes
                0x00000659       0x39 Src\json\json_main_object.o
 .ARM.attributes
                0x00000692       0x39 Src\json\json_pattern.o
 .ARM.attributes
                0x000006cb       0x39 Src\json\json_pattern_data.o
 .ARM.attributes
                0x00000704       0x39 Src\json\json_sequence.o
 .ARM.attributes
                0x0000073d       0x39 Src\json\vcp_communication.o
 .ARM.attributes
                0x00000776       0x39 Src\led.o
 .ARM.attributes
                0x000007af       0x39 Src\main.o
 .ARM.attributes
                0x000007e8       0x39 Src\usb\usb_device.o
 .ARM.attributes
                0x00000821       0x39 Src\usb\usbd_cdc_if.o
 .ARM.attributes
                0x0000085a       0x39 Src\usb\usbd_conf.o
 .ARM.attributes
                0x00000893       0x39 Src\usb\usbd_desc.o
 .ARM.attributes
                0x000008cc       0x21 startup\startup_stm32f407xx.o
 .ARM.attributes
                0x000008ed       0x34 c:/program files (x86)/atollic/truestudio for stm32 9.3.0/armtools/bin/../lib/gcc/arm-atollic-eabi/6.3.1/../../../../arm-atollic-eabi/lib/armv7e-m/fpu\libc_nano.a(lib_a-assert.o)
 .ARM.attributes
                0x00000921       0x34 c:/program files (x86)/atollic/truestudio for stm32 9.3.0/armtools/bin/../lib/gcc/arm-atollic-eabi/6.3.1/../../../../arm-atollic-eabi/lib/armv7e-m/fpu\libc_nano.a(lib_a-fprintf.o)
 .ARM.attributes
                0x00000955       0x34 c:/program files (x86)/atollic/truestudio for stm32 9.3.0/armtools/bin/../lib/gcc/arm-atollic-eabi/6.3.1/../../../../arm-atollic-eabi/lib/armv7e-m/fpu\libc_nano.a(lib_a-impure.o)
 .ARM.attributes
                0x00000989       0x34 c:/program files (x86)/atollic/truestudio for stm32 9.3.0/armtools/bin/../lib/gcc/arm-atollic-eabi/6.3.1/../../../../arm-atollic-eabi/lib/armv7e-m/fpu\libc_nano.a(lib_a-init.o)
 .ARM.attributes
                0x000009bd       0x34 c:/program files (x86)/atollic/truestudio for stm32 9.3.0/armtools/bin/../lib/gcc/arm-atollic-eabi/6.3.1/../../../../arm-atollic-eabi/lib/armv7e-m/fpu\libc_nano.a(lib_a-malloc.o)
 .ARM.attributes